*** Using Compiler 'V5.06 update 7 (build 960)', folder: 'C:\Keil_v5\ARM\ARMCC\Bin'
Rebuild target 'CubeMX_Create'
assembling startup_stm32f405xx.s...
compiling usart.c...
compiling spi.c...
compiling i2c.c...
compiling stm32f4xx_ll_adc.c...
compiling tim.c...
compiling adc.c...
compiling stm32f4xx_it.c...
compiling stm32f4xx_hal_msp.c...
compiling gpio.c...
compiling dma.c...
compiling stm32f4xx_hal_timebase_tim.c...
compiling iwdg.c...
compiling user_diskio.c...
compiling fatfs.c...
compiling main.c...
compiling freertos.c...
../Core/Src/freertos.c(117): error:  #20: identifier "Blackbox_Frame_t" is undefined
  uint8_t BlackboxLogQueueBuffer[ 24 * sizeof( Blackbox_Frame_t ) ];
../Core/Src/freertos.c(213): error:  #20: identifier "RCChannelData_t" is undefined
    RCChannelMailboxHandle = osMessageQueueNew (1, sizeof(RCChannelData_t), &RCChannelMailbox_attributes);
../Core/Src/freertos.c(216): error:  #20: identifier "NavState_t" is undefined
    NavStateMailboxHandle = osMessageQueueNew (1, sizeof(NavState_t), &NavStateMailbox_attributes);
../Core/Src/freertos.c(219): error:  #20: identifier "IndicatorEvent_t" is undefined
    IndicatorEventQueueHandle = osMessageQueueNew (8, sizeof(IndicatorEvent_t), &IndicatorEventQueue_attributes);
../Core/Src/freertos.c: 0 warnings, 4 errors
compiling stm32f4xx_hal_flash_ramfunc.c...
compiling stm32f4xx_hal_rcc.c...
compiling stm32f4xx_hal_flash_ex.c...
compiling stm32f4xx_hal_adc_ex.c...
compiling stm32f4xx_hal_pwr_ex.c...
compiling stm32f4xx_hal.c...
compiling stm32f4xx_hal_cortex.c...
compiling stm32f4xx_hal_flash.c...
compiling stm32f4xx_hal_gpio.c...
compiling stm32f4xx_hal_pwr.c...
compiling stm32f4xx_hal_dma.c...
compiling stm32f4xx_hal_adc.c...
compiling stm32f4xx_hal_rcc_ex.c...
compiling croutine.c...
compiling event_groups.c...
compiling list.c...
compiling stm32f4xx_hal_dma_ex.c...
compiling stream_buffer.c...
compiling queue.c...
compiling timers.c...
compiling tasks.c...
compiling heap_4.c...
compiling port.c...
compiling stm32f4xx_hal_exti.c...
compiling stm32f4xx_hal_iwdg.c...
compiling system_stm32f4xx.c...
compiling diskio.c...
compiling stm32f4xx_hal_i2c.c...
compiling stm32f4xx_hal_spi.c...
compiling stm32f4xx_hal_i2c_ex.c...
compiling stm32f4xx_hal_tim_ex.c...
compiling stm32f4xx_hal_uart.c...
compiling syscall.c...
compiling ff_gen_drv.c...
compiling cmsis_os2.c...
compiling ff.c...
compiling stm32f4xx_hal_tim.c...
"CubeMX_Create\CubeMX_Create.axf" - 4 Error(s), 0 Warning(s).
Target not created.
Build Time Elapsed:  00:00:18
