Component: ARM Compiler 5.06 update 7 (build 960) Tool: armlink [4d3601]

==============================================================================

Section Cross References

    alg_pid.o(i.PID_Init) refers to alg_pid.o(i.PID_Reset) for PID_Reset
    app_flightctrl.o(i.App_FlightCtrl_Task) refers to bsp_icm42688.o(i.ICM_InitAll) for ICM_InitAll
    app_flightctrl.o(i.App_FlightCtrl_Task) refers to app_imu2_redundancy.o(i.ImuRedundancy_Init) for ImuRedundancy_Init
    app_flightctrl.o(i.App_FlightCtrl_Task) refers to app_imu2_redundancy.o(i.ImuRedundancy_Update) for ImuRedundancy_Update
    app_imu2_redundancy.o(i.DWT_Init) refers to app_imu2_redundancy.o(.data) for .data
    app_imu2_redundancy.o(i.DWT_MeasureDt) refers to app_imu2_redundancy.o(i.DWT_Init) for DWT_Init
    app_imu2_redundancy.o(i.DWT_MeasureDt) refers to app_imu2_redundancy.o(.data) for .data
    app_imu2_redundancy.o(i.DWT_MeasureDt) refers to system_stm32f4xx.o(.data) for SystemCoreClock
    app_imu2_redundancy.o(i.Health_RecordBad) refers to app_imu2_redundancy.o(.data) for .data
    app_imu2_redundancy.o(i.Health_RecordGood) refers to app_imu2_redundancy.o(.data) for .data
    app_imu2_redundancy.o(i.ImuRedundancy_Init) refers to app_imu2_redundancy.o(i.DWT_Init) for DWT_Init
    app_imu2_redundancy.o(i.ImuRedundancy_Update) refers to cmsis_os2.o(i.osEventFlagsWait) for osEventFlagsWait
    app_imu2_redundancy.o(i.ImuRedundancy_Update) refers to app_imu2_redundancy.o(i.Health_RecordBad) for Health_RecordBad
    app_imu2_redundancy.o(i.ImuRedundancy_Update) refers to app_imu2_redundancy.o(i.DWT_MeasureDt) for DWT_MeasureDt
    app_imu2_redundancy.o(i.ImuRedundancy_Update) refers to bsp_icm42688.o(i.ICM_TriggerRead) for ICM_TriggerRead
    app_imu2_redundancy.o(i.ImuRedundancy_Update) refers to bsp_icm42688.o(i.ICM_CopyTo) for ICM_CopyTo
    app_imu2_redundancy.o(i.ImuRedundancy_Update) refers to bsp_debug_uart.o(i.DebugUart_PrintImuDiff) for DebugUart_PrintImuDiff
    app_imu2_redundancy.o(i.ImuRedundancy_Update) refers to app_imu2_redundancy.o(i.CrossCheck_IsAbnormal) for CrossCheck_IsAbnormal
    app_imu2_redundancy.o(i.ImuRedundancy_Update) refers to app_imu2_redundancy.o(i.Health_RecordGood) for Health_RecordGood
    app_imu2_redundancy.o(i.ImuRedundancy_Update) refers to rt_memcpy_w.o(.text) for __aeabi_memcpy4
    app_imu2_redundancy.o(i.ImuRedundancy_Update) refers to bsp_icm42688.o(.data) for g_icmDataReadyEvtId
    app_imu2_redundancy.o(i.ImuRedundancy_Update) refers to app_imu2_redundancy.o(.data) for .data
    app_nav.o(i.App_Nav_Task) refers to bsp_gps.o(i.GPS_Init) for GPS_Init
    app_nav.o(i.App_Nav_Task) refers to bsp_qmc5883.o(i.QMC_Init) for QMC_Init
    app_nav.o(i.App_Nav_Task) refers to cmsis_os2.o(i.osMessageQueueGet) for osMessageQueueGet
    app_nav.o(i.App_Nav_Task) refers to bsp_gps.o(i.GPS_SetHome) for GPS_SetHome
    app_nav.o(i.App_Nav_Task) refers to bsp_gps.o(i.GPS_Poll) for GPS_Poll
    app_nav.o(i.App_Nav_Task) refers to bsp_gps.o(i.GPS_CopyDataTo) for GPS_CopyDataTo
    app_nav.o(i.App_Nav_Task) refers to cmsis_os2.o(i.osMessageQueueGetSpace) for osMessageQueueGetSpace
    app_nav.o(i.App_Nav_Task) refers to cmsis_os2.o(i.osMessageQueuePut) for osMessageQueuePut
    app_nav.o(i.App_Nav_Task) refers to bsp_qmc5883.o(i.QMC_ReadData) for QMC_ReadData
    app_nav.o(i.App_Nav_Task) refers to bsp_qmc5883.o(i.QMC_CopyTo) for QMC_CopyTo
    app_nav.o(i.App_Nav_Task) refers to cmsis_os2.o(i.osDelay) for osDelay
    app_nav.o(i.App_Nav_Task) refers to freertos.o(.data) for NavCommandQueueHandle
    app_nav.o(i.App_Nav_Task) refers to app_nav.o(.data) for .data
    bsp_gps.o(i.GPS_CopyDataTo) refers to rt_memcpy_w.o(.text) for __aeabi_memcpy4
    bsp_gps.o(i.GPS_CopyDataTo) refers to bsp_gps.o(.bss) for .bss
    bsp_gps.o(i.GPS_CopyHomeTo) refers to bsp_gps.o(.bss) for .bss
    bsp_gps.o(i.GPS_Init) refers to stm32f4xx_hal_uart.o(i.HAL_UARTEx_ReceiveToIdle_DMA) for HAL_UARTEx_ReceiveToIdle_DMA
    bsp_gps.o(i.GPS_Init) refers to bsp_gps.o(.bss) for .bss
    bsp_gps.o(i.GPS_Init) refers to usart.o(.bss) for huart4
    bsp_gps.o(i.GPS_Parse) refers to strncpy.o(.text) for strncpy
    bsp_gps.o(i.GPS_Parse) refers to strncmp.o(.text) for strncmp
    bsp_gps.o(i.GPS_Parse) refers to bsp_gps.o(i.parse_rmc) for parse_rmc
    bsp_gps.o(i.GPS_Parse) refers to bsp_gps.o(i.parse_gga) for parse_gga
    bsp_gps.o(i.GPS_Poll) refers to memchr.o(.text) for memchr
    bsp_gps.o(i.GPS_Poll) refers to bsp_gps.o(i.GPS_Parse) for GPS_Parse
    bsp_gps.o(i.GPS_Poll) refers to bsp_gps.o(.data) for .data
    bsp_gps.o(i.GPS_Poll) refers to bsp_gps.o(.bss) for .bss
    bsp_gps.o(i.GPS_SetHome) refers to bsp_gps.o(.bss) for .bss
    bsp_gps.o(i.HAL_UARTEx_RxEventCallback) refers to rt_memcpy_w.o(.text) for __aeabi_memcpy4
    bsp_gps.o(i.HAL_UARTEx_RxEventCallback) refers to stm32f4xx_hal_uart.o(i.HAL_UARTEx_ReceiveToIdle_DMA) for HAL_UARTEx_ReceiveToIdle_DMA
[...]
    HAL_TIM_PWM_ConfigChannel                0x08005e2d   Thumb Code   516  stm32f4xx_hal_tim.o(i.HAL_TIM_PWM_ConfigChannel)
    HAL_TIM_PWM_Init                         0x08006095   Thumb Code   260  stm32f4xx_hal_tim.o(i.HAL_TIM_PWM_Init)
    HAL_TIM_PWM_MspInit                      0x08006205   Thumb Code    30  tim.o(i.HAL_TIM_PWM_MspInit)
    HAL_TIM_PWM_PulseFinishedCallback        0x0800622d   Thumb Code     2  stm32f4xx_hal_tim.o(i.HAL_TIM_PWM_PulseFinishedCallback)
    HAL_TIM_PeriodElapsedCallback            0x08006231   Thumb Code    14  main.o(i.HAL_TIM_PeriodElapsedCallback)
    HAL_TIM_TriggerCallback                  0x08006245   Thumb Code     2  stm32f4xx_hal_tim.o(i.HAL_TIM_TriggerCallback)
    HAL_UARTEx_ReceiveToIdle_DMA             0x08006247   Thumb Code    86  stm32f4xx_hal_uart.o(i.HAL_UARTEx_ReceiveToIdle_DMA)
    HAL_UARTEx_RxEventCallback               0x0800629d   Thumb Code    56  bsp_gps.o(i.HAL_UARTEx_RxEventCallback)
    HAL_UART_ErrorCallback                   0x080062e5   Thumb Code     2  stm32f4xx_hal_uart.o(i.HAL_UART_ErrorCallback)
    HAL_UART_IRQHandler                      0x080062e9   Thumb Code   610  stm32f4xx_hal_uart.o(i.HAL_UART_IRQHandler)
    HAL_UART_Init                            0x08006551   Thumb Code   246  stm32f4xx_hal_uart.o(i.HAL_UART_Init)
    HAL_UART_MspInit                         0x0800669d   Thumb Code   390  usart.o(i.HAL_UART_MspInit)
    HAL_UART_RxCpltCallback                  0x08006845   Thumb Code     2  stm32f4xx_hal_uart.o(i.HAL_UART_RxCpltCallback)
    HAL_UART_RxHalfCpltCallback              0x08006847   Thumb Code     2  stm32f4xx_hal_uart.o(i.HAL_UART_RxHalfCpltCallback)
    HAL_UART_Transmit                        0x08006849   Thumb Code   178  stm32f4xx_hal_uart.o(i.HAL_UART_Transmit)
    HAL_UART_TxCpltCallback                  0x080068fb   Thumb Code     2  stm32f4xx_hal_uart.o(i.HAL_UART_TxCpltCallback)
    HardFault_Handler                        0x080068fd   Thumb Code     2  stm32f4xx_it.o(i.HardFault_Handler)
    ICM_CopyTo                               0x08006d3d   Thumb Code    28  bsp_icm42688.o(i.ICM_CopyTo)
    ICM_InitAll                              0x08006d5d   Thumb Code    76  bsp_icm42688.o(i.ICM_InitAll)
    ICM_OnDataReady_ISR                      0x08006e3d   Thumb Code    16  bsp_icm42688.o(i.ICM_OnDataReady_ISR)
    ICM_TriggerRead                          0x08006e99   Thumb Code   236  bsp_icm42688.o(i.ICM_TriggerRead)
    IIC_ReadBurst                            0x08006fdd   Thumb Code    24  i2c.o(i.IIC_ReadBurst)
    IIC_WriteReg                             0x08006ff9   Thumb Code    30  i2c.o(i.IIC_WriteReg)
    ImuRedundancy_Init                       0x0800701d   Thumb Code     4  app_imu2_redundancy.o(i.ImuRedundancy_Init)
    ImuRedundancy_Update                     0x08007021   Thumb Code   150  app_imu2_redundancy.o(i.ImuRedundancy_Update)
    MX_ADC1_Init                             0x080070c1   Thumb Code   114  adc.o(i.MX_ADC1_Init)
    MX_DMA_Init                              0x08007141   Thumb Code   200  dma.o(i.MX_DMA_Init)
    MX_FATFS_Init                            0x0800720d   Thumb Code    18  fatfs.o(i.MX_FATFS_Init)
    MX_FREERTOS_Init                         0x08007229   Thumb Code   238  freertos.o(i.MX_FREERTOS_Init)
    MX_GPIO_Init                             0x0800734d   Thumb Code   308  gpio.o(i.MX_GPIO_Init)
    MX_I2C1_Init                             0x08007495   Thumb Code    50  i2c.o(i.MX_I2C1_Init)
    MX_IWDG_Init                             0x080074d5   Thumb Code    36  iwdg.o(i.MX_IWDG_Init)
    MX_SPI1_Init                             0x08007501   Thumb Code    64  spi.o(i.MX_SPI1_Init)
    MX_SPI2_Init                             0x08007549   Thumb Code    62  spi.o(i.MX_SPI2_Init)
    MX_SPI3_Init                             0x08007591   Thumb Code    64  spi.o(i.MX_SPI3_Init)
    MX_TIM1_Init                             0x080075d9   Thumb Code   238  tim.o(i.MX_TIM1_Init)
    MX_TIM3_Init                             0x080076d1   Thumb Code   102  tim.o(i.MX_TIM3_Init)
    MX_UART4_Init                            0x08007741   Thumb Code    48  usart.o(i.MX_UART4_Init)
    MX_USART2_UART_Init                      0x08007779   Thumb Code    50  usart.o(i.MX_USART2_UART_Init)
    MX_USART3_UART_Init                      0x080077b9   Thumb Code    48  usart.o(i.MX_USART3_UART_Init)
    MemManage_Handler                        0x080077f1   Thumb Code     2  stm32f4xx_it.o(i.MemManage_Handler)
    NMI_Handler                              0x080077f3   Thumb Code     2  stm32f4xx_it.o(i.NMI_Handler)
    QMC_CopyTo                               0x080077f5   Thumb Code     8  bsp_qmc5883.o(i.QMC_CopyTo)
    QMC_Init                                 0x08007801   Thumb Code    52  bsp_qmc5883.o(i.QMC_Init)
    QMC_ReadData                             0x08007835   Thumb Code   104  bsp_qmc5883.o(i.QMC_ReadData)
    RC_FailsafeTimeout_Callback              0x080078a5   Thumb Code     2  freertos.o(i.RC_FailsafeTimeout_Callback)
    StartTask_Blackbox                       0x080079b9   Thumb Code     8  freertos.o(i.StartTask_Blackbox)
    StartTask_FlightControl                  0x080079c1   Thumb Code    10  freertos.o(i.StartTask_FlightControl)
    StartTask_IMU2_RDD                       0x080079cb   Thumb Code     8  freertos.o(i.StartTask_IMU2_RDD)
    StartTask_IWDG                           0x080079d3   Thumb Code     8  freertos.o(i.StartTask_IWDG)
    StartTask_Indicator                      0x080079db   Thumb Code     8  freertos.o(i.StartTask_Indicator)
    StartTask_Nav                            0x080079e3   Thumb Code     4  freertos.o(i.StartTask_Nav)
    StartTask_PowerMonitor                   0x080079e7   Thumb Code     8  freertos.o(i.StartTask_PowerMonitor)
    StartTask_RC_LINK                        0x080079ef   Thumb Code     8  freertos.o(i.StartTask_RC_LINK)
    StartTask_Telemetry                      0x080079f7   Thumb Code     8  freertos.o(i.StartTask_Telemetry)
    SysTick_Handler                          0x080079ff   Thumb Code    26  cmsis_os2.o(i.SysTick_Handler)
    SystemClock_Config                       0x08007a19   Thumb Code   148  main.o(i.SystemClock_Config)
    SystemInit                               0x08007ab5   Thumb Code    12  system_stm32f4xx.o(i.SystemInit)
    TIM6_DAC_IRQHandler                      0x08007ac5   Thumb Code     6  stm32f4xx_it.o(i.TIM6_DAC_IRQHandler)
    TIM_Base_SetConfig                       0x08007ad1   Thumb Code   156  stm32f4xx_hal_tim.o(i.TIM_Base_SetConfig)
    TIM_ETR_SetConfig                        0x08007b99   Thumb Code    20  stm32f4xx_hal_tim.o(i.TIM_ETR_SetConfig)
    TIM_OC2_SetConfig                        0x08007ca1   Thumb Code   170  stm32f4xx_hal_tim.o(i.TIM_OC2_SetConfig)
    UART4_IRQHandler                         0x08007f7d   Thumb Code     6  stm32f4xx_it.o(i.UART4_IRQHandler)
    UART_Start_Receive_DMA                   0x08008349   Thumb Code   130  stm32f4xx_hal_uart.o(i.UART_Start_Receive_DMA)
    USER_initialize                          0x08008451   Thumb Code    10  user_diskio.o(i.USER_initialize)
    USER_ioctl                               0x08008461   Thumb Code     4  user_diskio.o(i.USER_ioctl)
    USER_read                                0x08008465   Thumb Code     4  user_diskio.o(i.USER_read)
    USER_status                              0x08008469   Thumb Code    10  user_diskio.o(i.USER_status)
    USER_write                               0x08008479   Thumb Code     4  user_diskio.o(i.USER_write)
    UsageFault_Handler                       0x0800847d   Thumb Code     2  stm32f4xx_it.o(i.UsageFault_Handler)
    __ARM_fpclassify                         0x0800847f   Thumb Code    48  fpclassify.o(i.__ARM_fpclassify)
    __hardfp___mathlib_tofloat               0x080084d1   Thumb Code   232  narrow.o(i.__hardfp___mathlib_tofloat)
    __hardfp_atof                            0x080085c9   Thumb Code    44  atof.o(i.__hardfp_atof)
    __hardfp_ldexp                           0x08008601   Thumb Code   200  ldexp.o(i.__hardfp_ldexp)
    __mathlib_dbl_overflow                   0x080086d1   Thumb Code    24  dunder.o(i.__mathlib_dbl_overflow)
    __mathlib_dbl_underflow                  0x080086f1   Thumb Code    24  dunder.o(i.__mathlib_dbl_underflow)
    __mathlib_narrow                         0x08008711   Thumb Code    18  narrow.o(i.__mathlib_narrow)
    __support_ldexp                          0x08008723   Thumb Code    20  ldexp.o(i.__support_ldexp)
    _is_digit                                0x08008737   Thumb Code    14  __printf_wp.o(i._is_digit)
    assert_failed                            0x08008745   Thumb Code     2  main.o(i.assert_failed)
    frexp                                    0x08008749   Thumb Code   118  frexp.o(i.frexp)
    main                                     0x080087d5   Thumb Code    78  main.o(i.main)
    osDelay                                  0x080088d5   Thumb Code    26  cmsis_os2.o(i.osDelay)
    osEventFlagsNew                          0x080088ef   Thumb Code    44  cmsis_os2.o(i.osEventFlagsNew)
    osEventFlagsSet                          0x0800891d   Thumb Code    78  cmsis_os2.o(i.osEventFlagsSet)
    osEventFlagsWait                         0x08008971   Thumb Code    98  cmsis_os2.o(i.osEventFlagsWait)
    osKernelInitialize                       0x080089d5   Thumb Code    32  cmsis_os2.o(i.osKernelInitialize)
    osKernelStart                            0x080089f9   Thumb Code    48  cmsis_os2.o(i.osKernelStart)
    osMessageQueueGet                        0x08008a31   Thumb Code    96  cmsis_os2.o(i.osMessageQueueGet)
    osMessageQueueGetSpace                   0x08008a95   Thumb Code    44  cmsis_os2.o(i.osMessageQueueGetSpace)
    osMessageQueueNew                        0x08008ac1   Thumb Code    88  cmsis_os2.o(i.osMessageQueueNew)
    osMessageQueuePut                        0x08008b19   Thumb Code   100  cmsis_os2.o(i.osMessageQueuePut)
    osThreadNew                              0x08008b81   Thumb Code   138  cmsis_os2.o(i.osThreadNew)
    osTimerNew                               0x08008c0d   Thumb Code   116  cmsis_os2.o(i.osTimerNew)
    pvPortMalloc                             0x08009525   Thumb Code   216  heap_4.o(i.pvPortMalloc)
    pvTimerGetTimerID                        0x08009601   Thumb Code    36  timers.o(i.pvTimerGetTimerID)
    pxPortInitialiseStack                    0x08009625   Thumb Code    40  port.o(i.pxPortInitialiseStack)
    uxListRemove                             0x08009651   Thumb Code    38  list.o(i.uxListRemove)
    uxQueueSpacesAvailable                   0x08009677   Thumb Code    40  queue.o(i.uxQueueSpacesAvailable)
    uxTaskResetEventItemValue                0x080096a1   Thumb Code    20  tasks.o(i.uxTaskResetEventItemValue)
    vApplicationGetIdleTaskMemory            0x080096b9   Thumb Code    16  cmsis_os2.o(i.vApplicationGetIdleTaskMemory)
    vApplicationGetTimerTaskMemory           0x080096cd   Thumb Code    18  cmsis_os2.o(i.vApplicationGetTimerTaskMemory)
    vApplicationStackOverflowHook            0x080096e5   Thumb Code     2  freertos.o(i.vApplicationStackOverflowHook)
    vEventGroupSetBitsCallback               0x080096e7   Thumb Code     4  event_groups.o(i.vEventGroupSetBitsCallback)
    vListInitialise                          0x080096eb   Thumb Code    22  list.o(i.vListInitialise)
    vListInitialiseItem                      0x08009701   Thumb Code     6  list.o(i.vListInitialiseItem)
    vListInsert                              0x08009707   Thumb Code    48  list.o(i.vListInsert)
    vListInsertEnd                           0x08009737   Thumb Code    24  list.o(i.vListInsertEnd)
    vPortEnterCritical                       0x08009751   Thumb Code    54  port.o(i.vPortEnterCritical)
    vPortExitCritical                        0x08009791   Thumb Code    34  port.o(i.vPortExitCritical)
    vPortFree                                0x080097b9   Thumb Code    94  heap_4.o(i.vPortFree)
    vPortSetupTimerInterrupt                 0x0800981d   Thumb Code    32  port.o(i.vPortSetupTimerInterrupt)
    vPortValidateInterruptPriority           0x08009841   Thumb Code    74  port.o(i.vPortValidateInterruptPriority)
    vQueueAddToRegistry                      0x08009895   Thumb Code    34  queue.o(i.vQueueAddToRegistry)
    vQueueWaitForMessageRestricted           0x080098bd   Thumb Code    68  queue.o(i.vQueueWaitForMessageRestricted)
    vTaskDelay                               0x08009901   Thumb Code    66  tasks.o(i.vTaskDelay)
    vTaskInternalSetTimeOutState             0x0800994d   Thumb Code    12  tasks.o(i.vTaskInternalSetTimeOutState)
    vTaskMissedYield                         0x0800995d   Thumb Code     8  tasks.o(i.vTaskMissedYield)
    vTaskPlaceOnEventList                    0x08009969   Thumb Code    44  tasks.o(i.vTaskPlaceOnEventList)
    vTaskPlaceOnEventListRestricted          0x08009999   Thumb Code    52  tasks.o(i.vTaskPlaceOnEventListRestricted)
    vTaskPlaceOnUnorderedEventList           0x080099d1   Thumb Code    76  tasks.o(i.vTaskPlaceOnUnorderedEventList)
    vTaskRemoveFromUnorderedEventList        0x08009a21   Thumb Code   102  tasks.o(i.vTaskRemoveFromUnorderedEventList)
    vTaskStartScheduler                      0x08009a91   Thumb Code   118  tasks.o(i.vTaskStartScheduler)
    vTaskSuspendAll                          0x08009b19   Thumb Code    10  tasks.o(i.vTaskSuspendAll)
    vTaskSwitchContext                       0x08009b29   Thumb Code   132  tasks.o(i.vTaskSwitchContext)
    xEventGroupCreate                        0x08009bb5   Thumb Code    28  event_groups.o(i.xEventGroupCreate)
    xEventGroupCreateStatic                  0x08009bd1   Thumb Code    44  event_groups.o(i.xEventGroupCreateStatic)
    xEventGroupSetBits                       0x08009bfd   Thumb Code   140  event_groups.o(i.xEventGroupSetBits)
    xEventGroupSetBitsFromISR                0x08009c89   Thumb Code    12  event_groups.o(i.xEventGroupSetBitsFromISR)
    xEventGroupWaitBits                      0x08009c99   Thumb Code   260  event_groups.o(i.xEventGroupWaitBits)
    xPortStartScheduler                      0x08009da1   Thumb Code   222  port.o(i.xPortStartScheduler)
    xPortSysTickHandler                      0x08009e95   Thumb Code    38  port.o(i.xPortSysTickHandler)
    xQueueGenericCreate                      0x08009ec1   Thumb Code    66  queue.o(i.xQueueGenericCreate)
    xQueueGenericCreateStatic                0x08009f03   Thumb Code   102  queue.o(i.xQueueGenericCreateStatic)
    xQueueGenericReset                       0x08009f69   Thumb Code   132  queue.o(i.xQueueGenericReset)
    xQueueGenericSend                        0x08009ff1   Thumb Code   346  queue.o(i.xQueueGenericSend)
    xQueueGenericSendFromISR                 0x0800a151   Thumb Code   190  queue.o(i.xQueueGenericSendFromISR)
    xQueueReceive                            0x0800a211   Thumb Code   308  queue.o(i.xQueueReceive)
    xQueueReceiveFromISR                     0x0800a349   Thumb Code   154  queue.o(i.xQueueReceiveFromISR)
    xTaskCheckForTimeOut                     0x0800a3e5   Thumb Code   112  tasks.o(i.xTaskCheckForTimeOut)
    xTaskCreate                              0x0800a459   Thumb Code    90  tasks.o(i.xTaskCreate)
    xTaskCreateStatic                        0x0800a4b3   Thumb Code    86  tasks.o(i.xTaskCreateStatic)
    xTaskGetSchedulerState                   0x0800a509   Thumb Code    22  tasks.o(i.xTaskGetSchedulerState)
    xTaskGetTickCount                        0x0800a525   Thumb Code     6  tasks.o(i.xTaskGetTickCount)
    xTaskIncrementTick                       0x0800a531   Thumb Code   192  tasks.o(i.xTaskIncrementTick)
    xTaskPriorityDisinherit                  0x0800a5f9   Thumb Code   118  tasks.o(i.xTaskPriorityDisinherit)
    xTaskRemoveFromEventList                 0x0800a679   Thumb Code    98  tasks.o(i.xTaskRemoveFromEventList)
    xTaskResumeAll                           0x0800a6e9   Thumb Code   182  tasks.o(i.xTaskResumeAll)
    xTimerCreate                             0x0800a7ad   Thumb Code    52  timers.o(i.xTimerCreate)
    xTimerCreateStatic                       0x0800a7e1   Thumb Code    46  timers.o(i.xTimerCreateStatic)
    xTimerCreateTimerTask                    0x0800a811   Thumb Code    78  timers.o(i.xTimerCreateTimerTask)
    xTimerGenericCommand                     0x0800a871   Thumb Code    98  timers.o(i.xTimerGenericCommand)
    xTimerPendFunctionCallFromISR            0x0800a8d9   Thumb Code    34  timers.o(i.xTimerPendFunctionCallFromISR)
    _get_lc_numeric                          0x0800a901   Thumb Code    44  lc_numeric_c.o(locale$$code)
    _get_lc_ctype                            0x0800a92d   Thumb Code    44  lc_ctype_c.o(locale$$code)
    __aeabi_d2f                              0x0800a959   Thumb Code     0  d2f.o(x$fpl$d2f)
    _d2f                                     0x0800a959   Thumb Code    98  d2f.o(x$fpl$d2f)
    __fpl_dcheck_NaN1                        0x0800a9bd   Thumb Code    10  dcheck1.o(x$fpl$dcheck1)
    __fpl_dcmp_Inf                           0x0800a9cd   Thumb Code    24  dcmpi.o(x$fpl$dcmpinf)
    __aeabi_cdcmpeq                          0x0800a9e5   Thumb Code     0  deqf.o(x$fpl$deqf)
    _dcmpeq                                  0x0800a9e5   Thumb Code   120  deqf.o(x$fpl$deqf)
    __aeabi_cdcmple                          0x0800aa5d   Thumb Code     0  dleqf.o(x$fpl$dleqf)
    _dcmple                                  0x0800aa5d   Thumb Code   120  dleqf.o(x$fpl$dleqf)
    __fpl_dcmple_InfNaN                      0x0800aabf   Thumb Code     0  dleqf.o(x$fpl$dleqf)
    __aeabi_dmul                             0x0800aad5   Thumb Code     0  dmul.o(x$fpl$dmul)
    _dmul                                    0x0800aad5   Thumb Code   332  dmul.o(x$fpl$dmul)
    __fpl_dnaninf                            0x0800ac29   Thumb Code   156  dnaninf.o(x$fpl$dnaninf)
    __fpl_dretinf                            0x0800acc5   Thumb Code    12  dretinf.o(x$fpl$dretinf)
    __aeabi_cdrcmple                         0x0800acd1   Thumb Code     0  drleqf.o(x$fpl$drleqf)
    _drcmple                                 0x0800acd1   Thumb Code   108  drleqf.o(x$fpl$drleqf)
    __aeabi_f2d                              0x0800ad3d   Thumb Code     0  f2d.o(x$fpl$f2d)
    _f2d                                     0x0800ad3d   Thumb Code    86  f2d.o(x$fpl$f2d)
    __fpl_fnaninf                            0x0800ad93   Thumb Code   140  fnaninf.o(x$fpl$fnaninf)
    _fp_init                                 0x0800ae1f   Thumb Code    10  fpinit.o(x$fpl$fpinit)
    __fplib_config_fpu_vfp                   0x0800ae27   Thumb Code     0  fpinit.o(x$fpl$fpinit)
    __fplib_config_pureend_doubles           0x0800ae27   Thumb Code     0  fpinit.o(x$fpl$fpinit)
    __fpl_fretinf                            0x0800ae29   Thumb Code    10  fretinf.o(x$fpl$fretinf)
    __ieee_status                            0x0800ae33   Thumb Code     6  istatus.o(x$fpl$ieeestatus)
    _printf_fp_dec                           0x0800ae39   Thumb Code     4  printf1.o(x$fpl$printf1)
    __fpl_return_NaN                         0x0800ae3d   Thumb Code   100  retnan.o(x$fpl$retnan)
    __ARM_scalbn                             0x0800aea1   Thumb Code    92  scalbn.o(x$fpl$scalbn)
    _scanf_real                              0x0800aefd   Thumb Code     4  scanf1.o(x$fpl$scanf1)
    _scanf_hex_real                          0x0800af01   Thumb Code     4  scanf2.o(x$fpl$scanf2)
    _scanf_infnan                            0x0800af05   Thumb Code     4  scanf2.o(x$fpl$scanf2)
    __fpl_cmpreturn                          0x0800af09   Thumb Code    48  trapv.o(x$fpl$trapveneer)
    __I$use$fp                               0x0800af38   Number         0  usenofp.o(x$fpl$usenofp)
    Task_FlightCtrl_attributes               0x0800af60   Data          36  freertos.o(.constdata)
    Task_IMU2_RDD_attributes                 0x0800af84   Data          36  freertos.o(.constdata)
    Task_RC_LINK_attributes                  0x0800afa8   Data          36  freertos.o(.constdata)
    Task_Nav_attributes                      0x0800afcc   Data          36  freertos.o(.constdata)
    Task_Blackbox_attributes                 0x0800aff0   Data          36  freertos.o(.constdata)
    Task_Telemetry_attributes                0x0800b014   Data          36  freertos.o(.constdata)
    Task_PowerMonit_attributes               0x0800b038   Data          36  freertos.o(.constdata)
    Task_Indicator_attributes                0x0800b05c   Data          36  freertos.o(.constdata)
    Task_IWDG_Feed_attributes                0x0800b080   Data          36  freertos.o(.constdata)
    BlackboxLogQueue_attributes              0x0800b0a4   Data          24  freertos.o(.constdata)
    RCChannelMailbox_attributes              0x0800b0bc   Data          24  freertos.o(.constdata)
    NavStateMailbox_attributes               0x0800b0d4   Data          24  freertos.o(.constdata)
    IndicatorEventQueue_attributes           0x0800b0ec   Data          24  freertos.o(.constdata)
    MagDataMailbox_attributes                0x0800b104   Data          24  freertos.o(.constdata)
    NavCommandQueue_attributes               0x0800b11c   Data          24  freertos.o(.constdata)
    RC_FailsafeTimer_attributes              0x0800b134   Data          16  freertos.o(.constdata)
    SystemReadyEventGroup_attributes         0x0800b144   Data          16  freertos.o(.constdata)
    AHBPrescTable                            0x0800b15c   Data          16  system_stm32f4xx.o(.constdata)
    APBPrescTable                            0x0800b16c   Data           8  system_stm32f4xx.o(.constdata)
    Region$$Table$$Base                      0x0800b32c   Number         0  anon$$obj.o(Region$$Table)
    Region$$Table$$Limit                     0x0800b36c   Number         0  anon$$obj.o(Region$$Table)
    __aeabi_HUGE_VAL                         0x0800b36c   Data           0  fpconst.o(c$$dinf)
    __aeabi_HUGE_VALL                        0x0800b36c   Data           0  fpconst.o(c$$dinf)
    __aeabi_INFINITY                         0x0800b36c   Data           0  fpconst.o(c$$dinf)
    __dInf                                   0x0800b36c   Data           0  fpconst.o(c$$dinf)
    __huge_val                               0x0800b36c   Data           0  fpconst.o(c$$dinf)
    __dbl_max                                0x0800b374   Data           0  fpconst.o(c$$dmax)
    __ctype                                  0x0800b3a5   Data           0  lc_ctype_c.o(locale$$data)
    Task_FlightCtrlHandle                    0x10000008   Data           4  freertos.o(.data)
    Task_IMU2_RDDHandle                      0x1000000c   Data           4  freertos.o(.data)
    Task_RC_LINKHandle                       0x10000010   Data           4  freertos.o(.data)
    Task_NavHandle                           0x10000014   Data           4  freertos.o(.data)
    Task_BlackboxHandle                      0x10000018   Data           4  freertos.o(.data)
    Task_TelemetryHandle                     0x1000001c   Data           4  freertos.o(.data)
    Task_PowerMonitHandle                    0x10000020   Data           4  freertos.o(.data)
    Task_IndicatorHandle                     0x10000024   Data           4  freertos.o(.data)
    Task_IWDG_FeedHandle                     0x10000028   Data           4  freertos.o(.data)
    BlackboxLogQueueHandle                   0x1000002c   Data           4  freertos.o(.data)
    RCChannelMailboxHandle                   0x10000030   Data           4  freertos.o(.data)
    NavStateMailboxHandle                    0x10000034   Data           4  freertos.o(.data)
    IndicatorEventQueueHandle                0x10000038   Data           4  freertos.o(.data)
    MagDataMailboxHandle                     0x1000003c   Data           4  freertos.o(.data)
    NavCommandQueueHandle                    0x10000040   Data           4  freertos.o(.data)
    RC_FailsafeTimerHandle                   0x10000044   Data           4  freertos.o(.data)
    SystemReadyEventGroupHandle              0x10000048   Data           4  freertos.o(.data)
    retUSER                                  0x1000004c   Data           1  fatfs.o(.data)
    USERPath                                 0x1000004d   Data           4  fatfs.o(.data)
    pxCurrentTCB                             0x10000054   Data           4  tasks.o(.data)
    hadc1                                    0x100000dc   Data          72  adc.o(.bss)
    hi2c1                                    0x10000124   Data          84  i2c.o(.bss)
    hiwdg                                    0x10000178   Data          12  iwdg.o(.bss)
    huart4                                   0x10000184   Data          68  usart.o(.bss)
    huart2                                   0x100001c8   Data          68  usart.o(.bss)
    huart3                                   0x1000020c   Data          68  usart.o(.bss)
    hdma_uart4_rx                            0x10000250   Data          96  usart.o(.bss)
    hdma_usart2_rx                           0x100002b0   Data          96  usart.o(.bss)
    hdma_usart2_tx                           0x10000310   Data          96  usart.o(.bss)
    disk                                     0x10000370   Data          12  ff_gen_drv.o(.bss)
    __libspace_start                         0x10000494   Data          96  libspace.o(.bss)
    __temporary_stack_top$libspace           0x100004f4   Data           0  libspace.o(.bss)
    g_imu_health                             0x20000008   Data           8  app_imu2_redundancy.o(.data)
    g_icmDataReadyEvtId                      0x20000014   Data           4  bsp_icm42688.o(.data)
    USER_Driver                              0x2000001c   Data          20  user_diskio.o(.data)
    uwTickFreq                               0x20000030   Data           1  stm32f4xx_hal.o(.data)
    uwTickPrio                               0x20000034   Data           4  stm32f4xx_hal.o(.data)
    uwTick                                   0x20000038   Data           4  stm32f4xx_hal.o(.data)
    SystemCoreClock                          0x2000003c   Data           4  system_stm32f4xx.o(.data)
    BlackboxLogQueueBuffer                   0x200002a4   Data         456  freertos.o(.bss)
    BlackboxLogQueueCB                       0x2000046c   Data          80  freertos.o(.bss)
    hspi1                                    0x200004bc   Data          88  spi.o(.bss)
    hspi2                                    0x20000514   Data          88  spi.o(.bss)
    hspi3                                    0x2000056c   Data          88  spi.o(.bss)
    hdma_spi1_rx                             0x200005c4   Data          96  spi.o(.bss)
    hdma_spi1_tx                             0x20000624   Data          96  spi.o(.bss)
    hdma_spi2_rx                             0x20000684   Data          96  spi.o(.bss)
    hdma_spi2_tx                             0x200006e4   Data          96  spi.o(.bss)
    hdma_spi3_rx                             0x20000744   Data          96  spi.o(.bss)
    hdma_spi3_tx                             0x200007a4   Data          96  spi.o(.bss)
    htim1                                    0x20000804   Data          72  tim.o(.bss)
    htim3                                    0x2000084c   Data          72  tim.o(.bss)
    hdma_tim1_up                             0x20000894   Data          96  tim.o(.bss)
    htim6                                    0x200008f4   Data          72  stm32f4xx_hal_timebase_tim.o(.bss)
    xQueueRegistry                           0x2000093c   Data          64  queue.o(.bss)



==============================================================================

Memory Map of the image

  Image Entry point : 0x08000189

  Load Region LR_IROM1 (Base: 0x08000000, Size: 0x0000b5bc, Max: 0x00100000, ABSOLUTE)

    Execution Region ER_IROM1 (Exec base: 0x08000000, Load base: 0x08000000, Size: 0x0000b4a8, Max: 0x00100000, ABSOLUTE)

    Exec Addr    Load Addr    Size         Type   Attr      Idx    E Section Name        Object

    0x08000000   0x08000000   0x00000188   Data   RO          776    RESET               startup_stm32f405xx.o
    0x08000188   0x08000188   0x00000008   Code   RO         7483  * !!!main             c_w.l(__main.o)
    0x08000190   0x08000190   0x00000034   Code   RO         7846    !!!scatter          c_w.l(__scatter.o)
    0x080001c4   0x080001c4   0x0000001a   Code   RO         7848    !!handler_copy      c_w.l(__scatter_copy.o)
    0x080001de   0x080001de   0x00000002   PAD
    0x080001e0   0x080001e0   0x0000001c   Code   RO         7850    !!handler_zi        c_w.l(__scatter_zi.o)
    0x080001fc   0x080001fc   0x00000000   Code   RO         7460    .ARM.Collect$$_printf_percent$$00000000  c_w.l(_printf_percent.o)
    0x080001fc   0x080001fc   0x00000006   Code   RO         7459    .ARM.Collect$$_printf_percent$$00000003  c_w.l(_printf_f.o)
    0x08000202   0x08000202   0x00000004   Code   RO         7517    .ARM.Collect$$_printf_percent$$00000017  c_w.l(_printf_percent_end.o)
    0x08000206   0x08000206   0x00000002   Code   RO         7628    .ARM.Collect$$libinit$$00000000  c_w.l(libinit.o)
    0x08000208   0x08000208   0x00000004   Code   RO         7629    .ARM.Collect$$libinit$$00000001  c_w.l(libinit2.o)
    0x0800020c   0x0800020c   0x00000000   Code   RO         7632    .ARM.Collect$$libinit$$00000004  c_w.l(libinit2.o)
    0x0800020c   0x0800020c   0x00000000   Code   RO         7635    .ARM.Collect$$libinit$$0000000A  c_w.l(libinit2.o)
    0x0800020c   0x0800020c   0x00000000   Code   RO         7637    .ARM.Collect$$libinit$$0000000C  c_w.l(libinit2.o)
    0x0800020c   0x0800020c   0x00000000   Code   RO         7639    .ARM.Collect$$libinit$$0000000E  c_w.l(libinit2.o)
    0x0800020c   0x0800020c   0x00000006   Code   RO         7640    .ARM.Collect$$libinit$$0000000F  c_w.l(libinit2.o)
    0x08000212   0x08000212   0x00000000   Code   RO         7642    .ARM.Collect$$libinit$$00000011  c_w.l(libinit2.o)
    0x08000212   0x08000212   0x0000000c   Code   RO         7643    .ARM.Collect$$libinit$$00000012  c_w.l(libinit2.o)
    0x0800021e   0x0800021e   0x00000000   Code   RO         7644    .ARM.Collect$$libinit$$00000013  c_w.l(libinit2.o)
    0x0800021e   0x0800021e   0x00000000   Code   RO         7646    .ARM.Collect$$libinit$$00000015  c_w.l(libinit2.o)
    0x0800021e   0x0800021e   0x0000000a   Code   RO         7647    .ARM.Collect$$libinit$$00000016  c_w.l(libinit2.o)
    0x08000228   0x08000228   0x00000000   Code   RO         7648    .ARM.Collect$$libinit$$00000017  c_w.l(libinit2.o)
    0x08000228   0x08000228   0x00000000   Code   RO         7650    .ARM.Collect$$libinit$$00000019  c_w.l(libinit2.o)
    0x08000228   0x08000228   0x00000000   Code   RO         7652    .ARM.Collect$$libinit$$0000001B  c_w.l(libinit2.o)
    0x08000228   0x08000228   0x00000000   Code   RO         7654    .ARM.Collect$$libinit$$0000001D  c_w.l(libinit2.o)
    0x08000228   0x08000228   0x00000000   Code   RO         7656    .ARM.Collect$$libinit$$0000001F  c_w.l(libinit2.o)
    0x08000228   0x08000228   0x00000000   Code   RO         7658    .ARM.Collect$$libinit$$00000021  c_w.l(libinit2.o)
    0x08000228   0x08000228   0x00000000   Code   RO         7660    .ARM.Collect$$libinit$$00000023  c_w.l(libinit2.o)
    0x08000228   0x08000228   0x00000000   Code   RO         7662    .ARM.Collect$$libinit$$00000025  c_w.l(libinit2.o)
    0x08000228   0x08000228   0x00000000   Code   RO         7666    .ARM.Collect$$libinit$$0000002C  c_w.l(libinit2.o)
    0x08000228   0x08000228   0x00000000   Code   RO         7668    .ARM.Collect$$libinit$$0000002E  c_w.l(libinit2.o)
    0x08000228   0x08000228   0x00000000   Code   RO         7670    .ARM.Collect$$libinit$$00000030  c_w.l(libinit2.o)
    0x08000228   0x08000228   0x00000000   Code   RO         7672    .ARM.Collect$$libinit$$00000032  c_w.l(libinit2.o)
    0x08000228   0x08000228   0x00000002   Code   RO         7673    .ARM.Collect$$libinit$$00000033  c_w.l(libinit2.o)
    0x0800022a   0x0800022a   0x00000002   Code   RO         7754    .ARM.Collect$$libshutdown$$00000000  c_w.l(libshutdown.o)
    0x0800022c   0x0800022c   0x00000000   Code   RO         7794    .ARM.Collect$$libshutdown$$00000002  c_w.l(libshutdown2.o)
    0x0800022c   0x0800022c   0x00000000   Code   RO         7796    .ARM.Collect$$libshutdown$$00000004  c_w.l(libshutdown2.o)
    0x0800022c   0x0800022c   0x00000000   Code   RO         7798    .ARM.Collect$$libshutdown$$00000006  c_w.l(libshutdown2.o)
    0x0800022c   0x0800022c   0x00000000   Code   RO         7801    .ARM.Collect$$libshutdown$$00000009  c_w.l(libshutdown2.o)
    0x0800022c   0x0800022c   0x00000000   Code   RO         7804    .ARM.Collect$$libshutdown$$0000000C  c_w.l(libshutdown2.o)
    0x0800022c   0x0800022c   0x00000000   Code   RO         7806    .ARM.Collect$$libshutdown$$0000000E  c_w.l(libshutdown2.o)
    0x0800022c   0x0800022c   0x00000000   Code   RO         7809    .ARM.Collect$$libshutdown$$00000011  c_w.l(libshutdown2.o)
    0x0800022c   0x0800022c   0x00000002   Code   RO         7810    .ARM.Collect$$libshutdown$$00000012  c_w.l(libshutdown2.o)
    0x0800022e   0x0800022e   0x00000000   Code   RO         7497    .ARM.Collect$$rtentry$$00000000  c_w.l(__rtentry.o)
    0x0800022e   0x0800022e   0x00000000   Code   RO         7537    .ARM.Collect$$rtentry$$00000002  c_w.l(__rtentry2.o)
    0x0800022e   0x0800022e   0x00000006   Code   RO         7549    .ARM.Collect$$rtentry$$00000004  c_w.l(__rtentry4.o)
    0x08000234   0x08000234   0x00000000   Code   RO         7539    .ARM.Collect$$rtentry$$00000009  c_w.l(__rtentry2.o)
    0x08000234   0x08000234   0x00000004   Code   RO         7540    .ARM.Collect$$rtentry$$0000000A  c_w.l(__rtentry2.o)
    0x08000238   0x08000238   0x00000000   Code   RO         7542    .ARM.Collect$$rtentry$$0000000C  c_w.l(__rtentry2.o)
    0x08000238   0x08000238   0x00000008   Code   RO         7543    .ARM.Collect$$rtentry$$0000000D  c_w.l(__rtentry2.o)
    0x08000240   0x08000240   0x00000002   Code   RO         7674    .ARM.Collect$$rtexit$$00000000  c_w.l(rtexit.o)
    0x08000242   0x08000242   0x00000000   Code   RO         7707    .ARM.Collect$$rtexit$$00000002  c_w.l(rtexit2.o)
    0x08000242   0x08000242   0x00000004   Code   RO         7708    .ARM.Collect$$rtexit$$00000003  c_w.l(rtexit2.o)
    0x08000246   0x08000246   0x00000006   Code   RO         7709    .ARM.Collect$$rtexit$$00000004  c_w.l(rtexit2.o)
    0x0800024c   0x0800024c   0x000000be   Code   RO         7350    .emb_text           port.o
    0x0800030a   0x0800030a   0x00000002   PAD
    0x0800030c   0x0800030c   0x00000040   Code   RO          777    .text               startup_stm32f405xx.o
    0x0800034c   0x0800034c   0x000000ee   Code   RO         7429    .text               c_w.l(lludivv7m.o)
    0x0800043a   0x0800043a   0x00000048   Code   RO         7431    .text               c_w.l(llsdiv.o)
    0x08000482   0x08000482   0x00000002   PAD
    0x08000484   0x08000484   0x00000038   Code   RO         7433    .text               c_w.l(__2snprintf.o)
    0x080004bc   0x080004bc   0x0000010e   Code   RO         7447    .text               c_w.l(__printf_wp.o)
    0x080005ca   0x080005ca   0x0000001a   Code   RO         7461    .text               c_w.l(atoi.o)
    0x080005e4   0x080005e4   0x00000014   Code   RO         7463    .text               c_w.l(strchr.o)
    0x080005f8   0x080005f8   0x00000014   Code   RO         7465    .text               c_w.l(memchr.o)
    0x0800060c   0x0800060c   0x00000096   Code   RO         7467    .text               c_w.l(strncmp.o)
    0x080006a2   0x080006a2   0x0000008a   Code   RO         7469    .text               c_w.l(rt_memcpy_v6.o)
    0x0800072c   0x0800072c   0x00000064   Code   RO         7471    .text               c_w.l(rt_memcpy_w.o)
    0x08000790   0x08000790   0x00000010   Code   RO         7475    .text               c_w.l(aeabi_memset.o)
    0x080007a0   0x080007a0   0x0000004e   Code   RO         7477    .text               c_w.l(rt_memclr_w.o)
    0x080007ee   0x080007ee   0x00000056   Code   RO         7479    .text               c_w.l(strncpy.o)
    0x08000844   0x08000844   0x00000006   Code   RO         7481    .text               c_w.l(heapauxi.o)
    0x0800084a   0x0800084a   0x00000002   PAD
    0x0800084c   0x0800084c   0x00000008   Code   RO         7505    .text               c_w.l(rt_errno_addr_intlibspace.o)
    0x08000854   0x08000854   0x00000016   Code   RO         7507    .text               c_w.l(_rserrno.o)
    0x0800086a   0x0800086a   0x0000041e   Code   RO         7509    .text               c_w.l(_printf_fp_dec.o)
    0x08000c88   0x08000c88   0x00000030   Code   RO         7511    .text               c_w.l(_printf_char_common.o)
    0x08000cb8   0x08000cb8   0x0000000a   Code   RO         7513    .text               c_w.l(_sputc.o)
    0x08000cc2   0x08000cc2   0x00000010   Code   RO         7515    .text               c_w.l(_snputc.o)
    0x08000cd2   0x08000cd2   0x00000002   PAD
    0x08000cd4   0x08000cd4   0x000000a4   Code   RO         7518    .text               c_w.l(strtod.o)
    0x08000d78   0x08000d78   0x00000070   Code   RO         7520    .text               c_w.l(strtol.o)
    0x08000de8   0x08000de8   0x00000044   Code   RO         7522    .text               c_w.l(rt_memclr.o)
    0x08000e2c   0x08000e2c   0x00000008   Code   RO         7533    .text               c_w.l(libspace.o)
    0x08000e34   0x08000e34   0x00000010   Code   RO         7551    .text               c_w.l(rt_ctype_table.o)
    0x08000e44   0x08000e44   0x00000008   Code   RO         7558    .text               c_w.l(rt_locale_intlibspace.o)
    0x08000e4c   0x08000e4c   0x0000008a   Code   RO         7560    .text               c_w.l(lludiv10.o)
    0x08000ed6   0x08000ed6   0x00000012   Code   RO         7562    .text               c_w.l(isspace.o)
    0x08000ee8   0x08000ee8   0x00000080   Code   RO         7564    .text               c_w.l(_printf_fp_infnan.o)
    0x08000f68   0x08000f68   0x00000040   Code   RO         7568    .text               c_w.l(_sgetc.o)
    0x08000fa8   0x08000fa8   0x0000009e   Code   RO         7570    .text               c_w.l(_strtoul.o)
    0x08001046   0x08001046   0x00000002   PAD
    0x08001048   0x08001048   0x000000e4   Code   RO         7572    .text               c_w.l(bigflt0.o)
    0x0800112c   0x0800112c   0x0000004a   Code   RO         7606    .text               c_w.l(sys_stackheap_outer.o)
    0x08001176   0x08001176   0x0000001c   Code   RO         7608    .text               c_w.l(_chval.o)
    0x08001192   0x08001192   0x00000002   PAD
    0x08001194   0x08001194   0x000004f8   Code   RO         7610    .text               c_w.l(scanf_fp.o)
    0x0800168c   0x0800168c   0x00000012   Code   RO         7615    .text               c_w.l(exit.o)
    0x0800169e   0x0800169e   0x00000002   PAD
    0x080016a0   0x080016a0   0x00000080   Code   RO         7621    .text               c_w.l(strcmpv7m.o)
    0x08001720   0x08001720   0x0000000c   Code   RO         7704    .text               c_w.l(sys_exit.o)
    0x0800172c   0x0800172c   0x00000320   Code   RO         7713    .text               c_w.l(scanf_hexfp.o)
    0x08001a4c   0x08001a4c   0x00000134   Code   RO         7715    .text               c_w.l(scanf_infnan.o)
    0x08001b80   0x08001b80   0x00000002   Code   RO         7739    .text               c_w.l(use_no_semi.o)
    0x08001b82   0x08001b82   0x00000000   Code   RO         7741    .text               c_w.l(indicate_semi.o)
    0x08001b82   0x08001b82   0x00000026   Code   RO         7744    .text               c_w.l(llshl.o)
    0x08001ba8   0x08001ba8   0x0000003e   Code   RO         7575    CL$$btod_d2e        c_w.l(btod.o)
    0x08001be6   0x08001be6   0x00000046   Code   RO         7577    CL$$btod_d2e_denorm_low  c_w.l(btod.o)
    0x08001c2c   0x08001c2c   0x00000060   Code   RO         7576    CL$$btod_d2e_norm_op1  c_w.l(btod.o)
    0x08001c8c   0x08001c8c   0x00000338   Code   RO         7585    CL$$btod_div_common  c_w.l(btod.o)
    0x08001fc4   0x08001fc4   0x00000084   Code   RO         7583    CL$$btod_e2d        c_w.l(btod.o)
    0x08002048   0x08002048   0x000000dc   Code   RO         7582    CL$$btod_e2e        c_w.l(btod.o)
    0x08002124   0x08002124   0x0000002a   Code   RO         7579    CL$$btod_ediv       c_w.l(btod.o)
    0x0800214e   0x0800214e   0x0000002a   Code   RO         7581    CL$$btod_edivd      c_w.l(btod.o)
    0x08002178   0x08002178   0x0000002a   Code   RO         7578    CL$$btod_emul       c_w.l(btod.o)
    0x080021a2   0x080021a2   0x0000002a   Code   RO         7580    CL$$btod_emuld      c_w.l(btod.o)
    0x080021cc   0x080021cc   0x00000244   Code   RO         7584    CL$$btod_mult_common  c_w.l(btod.o)
    0x08002410   0x08002410   0x00000178   Code   RO         1650    i.ADC_Init          stm32f4xx_hal_adc.o
    0x08002588   0x08002588   0x00000014   Code   RO          193    i.App_FlightCtrl_Task  app_flightctrl.o
    0x0800259c   0x0800259c   0x00000124   Code   RO          428    i.App_Nav_Task      app_nav.o
    0x080026c0   0x080026c0   0x00000002   Code   RO         1346    i.BusFault_Handler  stm32f4xx_it.o
    0x080026c2   0x080026c2   0x00000002   PAD
    0x080026c4   0x080026c4   0x000000bc   Code   RO          344    i.CrossCheck_IsAbnormal  app_imu2_redundancy.o
    0x08002780   0x08002780   0x0000000c   Code   RO         1347    i.DMA1_Stream0_IRQHandler  stm32f4xx_it.o
    0x0800278c   0x0800278c   0x0000000c   Code   RO         1348    i.DMA1_Stream2_IRQHandler  stm32f4xx_it.o
    0x08002798   0x08002798   0x0000000c   Code   RO         1349    i.DMA1_Stream3_IRQHandler  stm32f4xx_it.o
    0x080027a4   0x080027a4   0x0000000c   Code   RO         1350    i.DMA1_Stream4_IRQHandler  stm32f4xx_it.o
    0x080027b0   0x080027b0   0x0000000c   Code   RO         1351    i.DMA1_Stream5_IRQHandler  stm32f4xx_it.o
    0x080027bc   0x080027bc   0x0000000c   Code   RO         1352    i.DMA1_Stream6_IRQHandler  stm32f4xx_it.o
    0x080027c8   0x080027c8   0x0000000c   Code   RO         1353    i.DMA1_Stream7_IRQHandler  stm32f4xx_it.o
    0x080027d4   0x080027d4   0x0000000c   Code   RO         1354    i.DMA2_Stream0_IRQHandler  stm32f4xx_it.o
    0x080027e0   0x080027e0   0x0000000c   Code   RO         1355    i.DMA2_Stream3_IRQHandler  stm32f4xx_it.o
    0x080027ec   0x080027ec   0x0000000c   Code   RO         1356    i.DMA2_Stream5_IRQHandler  stm32f4xx_it.o
    0x080027f8   0x080027f8   0x00000028   Code   RO         2399    i.DMA_CalcBaseAndBitshift  stm32f4xx_hal_dma.o
    0x08002820   0x08002820   0x00000054   Code   RO         2400    i.DMA_CheckFifoParam  stm32f4xx_hal_dma.o
    0x08002874   0x08002874   0x00000028   Code   RO         2401    i.DMA_SetConfig     stm32f4xx_hal_dma.o
    0x0800289c   0x0800289c   0x0000002c   Code   RO          345    i.DWT_Init          app_imu2_redundancy.o
    0x080028c8   0x080028c8   0x0000006c   Code   RO          346    i.DWT_MeasureDt     app_imu2_redundancy.o
    0x08002934   0x08002934   0x00000002   Code   RO         1357    i.DebugMon_Handler  stm32f4xx_it.o
    0x08002936   0x08002936   0x00000002   PAD
    0x08002938   0x08002938   0x00000124   Code   RO          720    i.DebugUart_PrintImuDiff  bsp_debug_uart.o
    0x08002a5c   0x08002a5c   0x00000008   Code   RO         1358    i.EXTI15_10_IRQHandler  stm32f4xx_it.o
    0x08002a64   0x08002a64   0x00000006   Code   RO         1359    i.EXTI4_IRQHandler  stm32f4xx_it.o
    0x08002a6a   0x08002a6a   0x00000004   Code   RO          784    i.Error_Handler     main.o
    0x08002a6e   0x08002a6e   0x00000006   Code   RO         5592    i.FATFS_LinkDriver  ff_gen_drv.o
    0x08002a74   0x08002a74   0x00000040   Code   RO         5593    i.FATFS_LinkDriverEx  ff_gen_drv.o
    0x08002ab4   0x08002ab4   0x0000000c   Code   RO          526    i.GPS_CopyDataTo    bsp_gps.o
    0x08002ac0   0x08002ac0   0x00000028   Code   RO          528    i.GPS_Init          bsp_gps.o
    0x08002ae8   0x08002ae8   0x00000084   Code   RO          529    i.GPS_Parse         bsp_gps.o
    0x08002b6c   0x08002b6c   0x0000004c   Code   RO          530    i.GPS_Poll          bsp_gps.o
    0x08002bb8   0x08002bb8   0x0000002c   Code   RO          531    i.GPS_SetHome       bsp_gps.o
    0x08002be4   0x08002be4   0x000001d4   Code   RO         1652    i.HAL_ADC_ConfigChannel  stm32f4xx_hal_adc.o
    0x08002db8   0x08002db8   0x00000220   Code   RO         1661    i.HAL_ADC_Init      stm32f4xx_hal_adc.o
    0x08002fd8   0x08002fd8   0x00000060   Code   RO         1017    i.HAL_ADC_MspInit   adc.o
    0x08003038   0x08003038   0x00000092   Code   RO         2402    i.HAL_DMA_Abort     stm32f4xx_hal_dma.o
    0x080030ca   0x080030ca   0x00000024   Code   RO         2403    i.HAL_DMA_Abort_IT  stm32f4xx_hal_dma.o
    0x080030ee   0x080030ee   0x00000002   PAD
    0x080030f0   0x080030f0   0x000001a0   Code   RO         2407    i.HAL_DMA_IRQHandler  stm32f4xx_hal_dma.o
    0x08003290   0x08003290   0x000002e0   Code   RO         2408    i.HAL_DMA_Init      stm32f4xx_hal_dma.o
    0x08003570   0x08003570   0x000000c8   Code   RO         2412    i.HAL_DMA_Start_IT  stm32f4xx_hal_dma.o
    0x08003638   0x08003638   0x00000024   Code   RO         2821    i.HAL_Delay         stm32f4xx_hal.o
    0x0800365c   0x0800365c   0x00000016   Code   RO          750    i.HAL_GPIO_EXTI_Callback  bsp_gpio_dispatch.o
    0x08003672   0x08003672   0x00000002   PAD
    0x08003674   0x08003674   0x00000018   Code   RO         2294    i.HAL_GPIO_EXTI_IRQHandler  stm32f4xx_hal_gpio.o
    0x0800368c   0x0800368c   0x000002f4   Code   RO         2295    i.HAL_GPIO_Init     stm32f4xx_hal_gpio.o
    0x08003980   0x08003980   0x0000006c   Code   RO         2299    i.HAL_GPIO_WritePin  stm32f4xx_hal_gpio.o
    0x080039ec   0x080039ec   0x0000000c   Code   RO         2827    i.HAL_GetTick       stm32f4xx_hal.o
    0x080039f8   0x080039f8   0x00000288   Code   RO         3083    i.HAL_I2C_Init      stm32f4xx_hal_i2c.o
    0x08003c80   0x08003c80   0x00000240   Code   RO         3101    i.HAL_I2C_Mem_Read  stm32f4xx_hal_i2c.o
    0x08003ec0   0x08003ec0   0x0000017c   Code   RO         3104    i.HAL_I2C_Mem_Write  stm32f4xx_hal_i2c.o
    0x0800403c   0x0800403c   0x00000068   Code   RO         1083    i.HAL_I2C_MspInit   i2c.o
    0x080040a4   0x080040a4   0x000000e0   Code   RO         3522    i.HAL_IWDG_Init     stm32f4xx_hal_iwdg.o
    0x08004184   0x08004184   0x00000010   Code   RO         2833    i.HAL_IncTick       stm32f4xx_hal.o
    0x08004194   0x08004194   0x00000034   Code   RO         2834    i.HAL_Init          stm32f4xx_hal.o
    0x080041c8   0x080041c8   0x00000074   Code   RO         1512    i.HAL_InitTick      stm32f4xx_hal_timebase_tim.o
    0x0800423c   0x0800423c   0x00000038   Code   RO         1488    i.HAL_MspInit       stm32f4xx_hal_msp.o
    0x08004274   0x08004274   0x00000064   Code   RO         2684    i.HAL_NVIC_EnableIRQ  stm32f4xx_hal_cortex.o
    0x080042d8   0x080042d8   0x000000a0   Code   RO         2690    i.HAL_NVIC_SetPriority  stm32f4xx_hal_cortex.o
    0x08004378   0x08004378   0x00000080   Code   RO         2691    i.HAL_NVIC_SetPriorityGrouping  stm32f4xx_hal_cortex.o
    0x080043f8   0x080043f8   0x0000024c   Code   RO         1926    i.HAL_RCC_ClockConfig  stm32f4xx_hal_rcc.o
    0x08004644   0x08004644   0x00000040   Code   RO         1930    i.HAL_RCC_GetClockConfig  stm32f4xx_hal_rcc.o
    0x08004684   0x08004684   0x00000020   Code   RO         1933    i.HAL_RCC_GetPCLK1Freq  stm32f4xx_hal_rcc.o
    0x080046a4   0x080046a4   0x00000020   Code   RO         1934    i.HAL_RCC_GetPCLK2Freq  stm32f4xx_hal_rcc.o
    0x080046c4   0x080046c4   0x0000004c   Code   RO         1935    i.HAL_RCC_GetSysClockFreq  stm32f4xx_hal_rcc.o
    0x08004710   0x08004710   0x000004a8   Code   RO         1938    i.HAL_RCC_OscConfig  stm32f4xx_hal_rcc.o
    0x08004bb8   0x08004bb8   0x0000024c   Code   RO         3563    i.HAL_SPI_Init      stm32f4xx_hal_spi.o
    0x08004e04   0x08004e04   0x00000258   Code   RO         1173    i.HAL_SPI_MspInit   spi.o
    0x0800505c   0x0800505c   0x00000228   Code   RO         3572    i.HAL_SPI_TransmitReceive  stm32f4xx_hal_spi.o
    0x08005284   0x08005284   0x00000002   Code   RO         4581    i.HAL_TIMEx_BreakCallback  stm32f4xx_hal_tim_ex.o
    0x08005286   0x08005286   0x00000002   Code   RO         4582    i.HAL_TIMEx_CommutCallback  stm32f4xx_hal_tim_ex.o
    0x08005288   0x08005288   0x00000148   Code   RO         4584    i.HAL_TIMEx_ConfigBreakDeadTime  stm32f4xx_hal_tim_ex.o
    0x080053d0   0x080053d0   0x00000150   Code   RO         4600    i.HAL_TIMEx_MasterConfigSynchronization  stm32f4xx_hal_tim_ex.o
    0x08005520   0x08005520   0x00000170   Code   RO         3876    i.HAL_TIM_Base_Init  stm32f4xx_hal_tim.o
    0x08005690   0x08005690   0x0000006c   Code   RO         1227    i.HAL_TIM_Base_MspInit  tim.o
    0x080056fc   0x080056fc   0x00000130   Code   RO         3881    i.HAL_TIM_Base_Start_IT  stm32f4xx_hal_tim.o
    0x0800582c   0x0800582c   0x00000410   Code   RO         3885    i.HAL_TIM_ConfigClockSource  stm32f4xx_hal_tim.o
    0x08005c3c   0x08005c3c   0x00000002   Code   RO         3910    i.HAL_TIM_IC_CaptureCallback  stm32f4xx_hal_tim.o
    0x08005c3e   0x08005c3e   0x00000166   Code   RO         3924    i.HAL_TIM_IRQHandler  stm32f4xx_hal_tim.o
    0x08005da4   0x08005da4   0x00000084   Code   RO         1228    i.HAL_TIM_MspPostInit  tim.o
    0x08005e28   0x08005e28   0x00000002   Code   RO         3927    i.HAL_TIM_OC_DelayElapsedCallback  stm32f4xx_hal_tim.o
    0x08005e2a   0x08005e2a   0x00000002   PAD
    0x08005e2c   0x08005e2c   0x00000268   Code   RO         3948    i.HAL_TIM_PWM_ConfigChannel  stm32f4xx_hal_tim.o
    0x08006094   0x08006094   0x00000170   Code   RO         3951    i.HAL_TIM_PWM_Init  stm32f4xx_hal_tim.o
    0x08006204   0x08006204   0x00000028   Code   RO         1230    i.HAL_TIM_PWM_MspInit  tim.o
    0x0800622c   0x0800622c   0x00000002   Code   RO         3954    i.HAL_TIM_PWM_PulseFinishedCallback  stm32f4xx_hal_tim.o
    0x0800622e   0x0800622e   0x00000002   PAD
    0x08006230   0x08006230   0x00000014   Code   RO          785    i.HAL_TIM_PeriodElapsedCallback  main.o
    0x08006244   0x08006244   0x00000002   Code   RO         3967    i.HAL_TIM_TriggerCallback  stm32f4xx_hal_tim.o
    0x08006246   0x08006246   0x00000056   Code   RO         4857    i.HAL_UARTEx_ReceiveToIdle_DMA  stm32f4xx_hal_uart.o
    0x0800629c   0x0800629c   0x00000048   Code   RO          532    i.HAL_UARTEx_RxEventCallback  bsp_gps.o
    0x080062e4   0x080062e4   0x00000002   Code   RO         4873    i.HAL_UART_ErrorCallback  stm32f4xx_hal_uart.o
    0x080062e6   0x080062e6   0x00000002   PAD
    0x080062e8   0x080062e8   0x00000268   Code   RO         4876    i.HAL_UART_IRQHandler  stm32f4xx_hal_uart.o
    0x08006550   0x08006550   0x0000014c   Code   RO         4877    i.HAL_UART_Init     stm32f4xx_hal_uart.o
    0x0800669c   0x0800669c   0x000001a8   Code   RO         1293    i.HAL_UART_MspInit  usart.o
    0x08006844   0x08006844   0x00000002   Code   RO         4883    i.HAL_UART_RxCpltCallback  stm32f4xx_hal_uart.o
    0x08006846   0x08006846   0x00000002   Code   RO         4884    i.HAL_UART_RxHalfCpltCallback  stm32f4xx_hal_uart.o
    0x08006848   0x08006848   0x000000b2   Code   RO         4885    i.HAL_UART_Transmit  stm32f4xx_hal_uart.o
    0x080068fa   0x080068fa   0x00000002   Code   RO         4888    i.HAL_UART_TxCpltCallback  stm32f4xx_hal_uart.o
    0x080068fc   0x080068fc   0x00000002   Code   RO         1360    i.HardFault_Handler  stm32f4xx_it.o
    0x080068fe   0x080068fe   0x00000002   PAD
    0x08006900   0x08006900   0x00000038   Code   RO          347    i.Health_RecordBad  app_imu2_redundancy.o
    0x08006938   0x08006938   0x00000034   Code   RO          348    i.Health_RecordGood  app_imu2_redundancy.o
    0x0800696c   0x0800696c   0x0000002e   Code   RO         3125    i.I2C_IsAcknowledgeFailed  stm32f4xx_hal_i2c.o
    0x0800699a   0x0800699a   0x00000002   PAD
    0x0800699c   0x0800699c   0x000000fc   Code   RO         3135    i.I2C_RequestMemoryRead  stm32f4xx_hal_i2c.o
    0x08006a98   0x08006a98   0x000000a8   Code   RO         3136    i.I2C_RequestMemoryWrite  stm32f4xx_hal_i2c.o
    0x08006b40   0x08006b40   0x0000004c   Code   RO         3140    i.I2C_WaitOnBTFFlagUntilTimeout  stm32f4xx_hal_i2c.o
    0x08006b8c   0x08006b8c   0x00000068   Code   RO         3141    i.I2C_WaitOnFlagUntilTimeout  stm32f4xx_hal_i2c.o
    0x08006bf4   0x08006bf4   0x00000096   Code   RO         3142    i.I2C_WaitOnMasterAddressFlagUntilTimeout  stm32f4xx_hal_i2c.o
    0x08006c8a   0x08006c8a   0x00000066   Code   RO         3143    i.I2C_WaitOnRXNEFlagUntilTimeout  stm32f4xx_hal_i2c.o
    0x08006cf0   0x08006cf0   0x0000004c   Code   RO         3144    i.I2C_WaitOnTXEFlagUntilTimeout  stm32f4xx_hal_i2c.o
    0x08006d3c   0x08006d3c   0x00000020   Code   RO          654    i.ICM_CopyTo        bsp_icm42688.o
    0x08006d5c   0x08006d5c   0x00000058   Code   RO          655    i.ICM_InitAll       bsp_icm42688.o
    0x08006db4   0x08006db4   0x00000086   Code   RO          656    i.ICM_InitOne       bsp_icm42688.o
    0x08006e3a   0x08006e3a   0x00000002   PAD
    0x08006e3c   0x08006e3c   0x00000014   Code   RO          657    i.ICM_OnDataReady_ISR  bsp_icm42688.o
    0x08006e50   0x08006e50   0x00000048   Code   RO          658    i.ICM_ReadReg       bsp_icm42688.o
    0x08006e98   0x08006e98   0x000000fc   Code   RO          659    i.ICM_TriggerRead   bsp_icm42688.o
    0x08006f94   0x08006f94   0x00000048   Code   RO          660    i.ICM_WriteReg      bsp_icm42688.o
    0x08006fdc   0x08006fdc   0x0000001c   Code   RO         1084    i.IIC_ReadBurst     i2c.o
    0x08006ff8   0x08006ff8   0x00000024   Code   RO         1086    i.IIC_WriteReg      i2c.o
    0x0800701c   0x0800701c   0x00000004   Code   RO          349    i.ImuRedundancy_Init  app_imu2_redundancy.o
    0x08007020   0x08007020   0x000000a0   Code   RO          350    i.ImuRedundancy_Update  app_imu2_redundancy.o
    0x080070c0   0x080070c0   0x00000080   Code   RO         1018    i.MX_ADC1_Init      adc.o
    0x08007140   0x08007140   0x000000cc   Code   RO         1058    i.MX_DMA_Init       dma.o
    0x0800720c   0x0800720c   0x0000001c   Code   RO         1615    i.MX_FATFS_Init     fatfs.o
    0x08007228   0x08007228   0x00000124   Code   RO          904    i.MX_FREERTOS_Init  freertos.o
    0x0800734c   0x0800734c   0x00000148   Code   RO          880    i.MX_GPIO_Init      gpio.o
    0x08007494   0x08007494   0x00000040   Code   RO         1087    i.MX_I2C1_Init      i2c.o
    0x080074d4   0x080074d4   0x0000002c   Code   RO         1142    i.MX_IWDG_Init      iwdg.o
    0x08007500   0x08007500   0x00000048   Code   RO         1174    i.MX_SPI1_Init      spi.o
    0x08007548   0x08007548   0x00000048   Code   RO         1175    i.MX_SPI2_Init      spi.o
    0x08007590   0x08007590   0x00000048   Code   RO         1176    i.MX_SPI3_Init      spi.o
    0x080075d8   0x080075d8   0x000000f8   Code   RO         1231    i.MX_TIM1_Init      tim.o
    0x080076d0   0x080076d0   0x00000070   Code   RO         1232    i.MX_TIM3_Init      tim.o
    0x08007740   0x08007740   0x00000038   Code   RO         1294    i.MX_UART4_Init     usart.o
    0x08007778   0x08007778   0x00000040   Code   RO         1295    i.MX_USART2_UART_Init  usart.o
    0x080077b8   0x080077b8   0x00000038   Code   RO         1296    i.MX_USART3_UART_Init  usart.o
    0x080077f0   0x080077f0   0x00000002   Code   RO         1361    i.MemManage_Handler  stm32f4xx_it.o
    0x080077f2   0x080077f2   0x00000002   Code   RO         1362    i.NMI_Handler       stm32f4xx_it.o
    0x080077f4   0x080077f4   0x0000000c   Code   RO          613    i.QMC_CopyTo        bsp_qmc5883.o
    0x08007800   0x08007800   0x00000034   Code   RO          614    i.QMC_Init          bsp_qmc5883.o
    0x08007834   0x08007834   0x00000070   Code   RO          615    i.QMC_ReadData      bsp_qmc5883.o
    0x080078a4   0x080078a4   0x00000002   Code   RO          905    i.RC_FailsafeTimeout_Callback  freertos.o
    0x080078a6   0x080078a6   0x00000002   PAD
    0x080078a8   0x080078a8   0x00000058   Code   RO         3601    i.SPI_EndRxTxTransaction  stm32f4xx_hal_spi.o
    0x08007900   0x08007900   0x000000b8   Code   RO         3606    i.SPI_WaitFlagStateUntilTimeout  stm32f4xx_hal_spi.o
    0x080079b8   0x080079b8   0x00000008   Code   RO          906    i.StartTask_Blackbox  freertos.o
    0x080079c0   0x080079c0   0x0000000a   Code   RO          907    i.StartTask_FlightControl  freertos.o
    0x080079ca   0x080079ca   0x00000008   Code   RO          908    i.StartTask_IMU2_RDD  freertos.o
    0x080079d2   0x080079d2   0x00000008   Code   RO          909    i.StartTask_IWDG    freertos.o
    0x080079da   0x080079da   0x00000008   Code   RO          910    i.StartTask_Indicator  freertos.o
    0x080079e2   0x080079e2   0x00000004   Code   RO          911    i.StartTask_Nav     freertos.o
    0x080079e6   0x080079e6   0x00000008   Code   RO          912    i.StartTask_PowerMonitor  freertos.o
    0x080079ee   0x080079ee   0x00000008   Code   RO          913    i.StartTask_RC_LINK  freertos.o
    0x080079f6   0x080079f6   0x00000008   Code   RO          914    i.StartTask_Telemetry  freertos.o
    0x080079fe   0x080079fe   0x0000001a   Code   RO         6788    i.SysTick_Handler   cmsis_os2.o
    0x08007a18   0x08007a18   0x0000009c   Code   RO          786    i.SystemClock_Config  main.o
    0x08007ab4   0x08007ab4   0x00000010   Code   RO         5206    i.SystemInit        system_stm32f4xx.o
    0x08007ac4   0x08007ac4   0x0000000c   Code   RO         1363    i.TIM6_DAC_IRQHandler  stm32f4xx_it.o
    0x08007ad0   0x08007ad0   0x000000c8   Code   RO         3969    i.TIM_Base_SetConfig  stm32f4xx_hal_tim.o
    0x08007b98   0x08007b98   0x00000014   Code   RO         3980    i.TIM_ETR_SetConfig  stm32f4xx_hal_tim.o
    0x08007bac   0x08007bac   0x00000010   Code   RO         3981    i.TIM_ITRx_SetConfig  stm32f4xx_hal_tim.o
    0x08007bbc   0x08007bbc   0x000000e4   Code   RO         3982    i.TIM_OC1_SetConfig  stm32f4xx_hal_tim.o
    0x08007ca0   0x08007ca0   0x000000ec   Code   RO         3983    i.TIM_OC2_SetConfig  stm32f4xx_hal_tim.o
    0x08007d8c   0x08007d8c   0x000000ec   Code   RO         3984    i.TIM_OC3_SetConfig  stm32f4xx_hal_tim.o
    0x08007e78   0x08007e78   0x000000a4   Code   RO         3985    i.TIM_OC4_SetConfig  stm32f4xx_hal_tim.o
    0x08007f1c   0x08007f1c   0x00000022   Code   RO         3987    i.TIM_TI1_ConfigInputStage  stm32f4xx_hal_tim.o
    0x08007f3e   0x08007f3e   0x00000024   Code   RO         3989    i.TIM_TI2_ConfigInputStage  stm32f4xx_hal_tim.o
    0x08007f62   0x08007f62   0x00000018   Code   RO         6789    i.TimerCallback     cmsis_os2.o
    0x08007f7a   0x08007f7a   0x00000002   PAD
    0x08007f7c   0x08007f7c   0x0000000c   Code   RO         1364    i.UART4_IRQHandler  stm32f4xx_it.o
    0x08007f88   0x08007f88   0x00000010   Code   RO         4890    i.UART_DMAAbortOnError  stm32f4xx_hal_uart.o
    0x08007f98   0x08007f98   0x0000004a   Code   RO         4891    i.UART_DMAError     stm32f4xx_hal_uart.o
    0x08007fe2   0x08007fe2   0x00000082   Code   RO         4892    i.UART_DMAReceiveCplt  stm32f4xx_hal_uart.o
    0x08008064   0x08008064   0x0000001a   Code   RO         4894    i.UART_DMARxHalfCplt  stm32f4xx_hal_uart.o
    0x0800807e   0x0800807e   0x0000004e   Code   RO         4900    i.UART_EndRxTransfer  stm32f4xx_hal_uart.o
    0x080080cc   0x080080cc   0x0000001c   Code   RO         4901    i.UART_EndTxTransfer  stm32f4xx_hal_uart.o
    0x080080e8   0x080080e8   0x000000c0   Code   RO         4902    i.UART_Receive_IT   stm32f4xx_hal_uart.o
    0x080081a8   0x080081a8   0x000001a0   Code   RO         4903    i.UART_SetConfig    stm32f4xx_hal_uart.o
    0x08008348   0x08008348   0x00000090   Code   RO         4904    i.UART_Start_Receive_DMA  stm32f4xx_hal_uart.o
    0x080083d8   0x080083d8   0x00000078   Code   RO         4906    i.UART_WaitOnFlagUntilTimeout  stm32f4xx_hal_uart.o
    0x08008450   0x08008450   0x00000010   Code   RO         1551    i.USER_initialize   user_diskio.o
    0x08008460   0x08008460   0x00000004   Code   RO         1552    i.USER_ioctl        user_diskio.o
    0x08008464   0x08008464   0x00000004   Code   RO         1553    i.USER_read         user_diskio.o
    0x08008468   0x08008468   0x00000010   Code   RO         1554    i.USER_status       user_diskio.o
    0x08008478   0x08008478   0x00000004   Code   RO         1555    i.USER_write        user_diskio.o
    0x0800847c   0x0800847c   0x00000002   Code   RO         1365    i.UsageFault_Handler  stm32f4xx_it.o
    0x0800847e   0x0800847e   0x00000030   Code   RO         7604    i.__ARM_fpclassify  m_wm.l(fpclassify.o)
    0x080084ae   0x080084ae   0x00000020   Code   RO         2697    i.__NVIC_SetPriority  stm32f4xx_hal_cortex.o
    0x080084ce   0x080084ce   0x00000002   PAD
    0x080084d0   0x080084d0   0x000000f8   Code   RO         7696    i.__hardfp___mathlib_tofloat  m_wm.l(narrow.o)
    0x080085c8   0x080085c8   0x00000038   Code   RO         7491    i.__hardfp_atof     m_wm.l(atof.o)
    0x08008600   0x08008600   0x000000d0   Code   RO         7761    i.__hardfp_ldexp    m_wm.l(ldexp.o)
    0x080086d0   0x080086d0   0x00000020   Code   RO         7817    i.__mathlib_dbl_overflow  m_wm.l(dunder.o)
    0x080086f0   0x080086f0   0x00000020   Code   RO         7819    i.__mathlib_dbl_underflow  m_wm.l(dunder.o)
    0x08008710   0x08008710   0x00000012   Code   RO         7697    i.__mathlib_narrow  m_wm.l(narrow.o)
    0x08008722   0x08008722   0x00000014   Code   RO         7763    i.__support_ldexp   m_wm.l(ldexp.o)
    0x08008736   0x08008736   0x0000000e   Code   RO         7449    i._is_digit         c_w.l(__printf_wp.o)
    0x08008744   0x08008744   0x00000002   Code   RO          787    i.assert_failed     main.o
    0x08008746   0x08008746   0x00000002   PAD
    0x08008748   0x08008748   0x0000008c   Code   RO         7731    i.frexp             m_wm.l(frexp.o)
    0x080087d4   0x080087d4   0x0000004e   Code   RO          788    i.main              main.o
    0x08008822   0x08008822   0x00000002   PAD
    0x08008824   0x08008824   0x000000b0   Code   RO          533    i.nmea_to_fixed     bsp_gps.o
    0x080088d4   0x080088d4   0x0000001a   Code   RO         6790    i.osDelay           cmsis_os2.o
    0x080088ee   0x080088ee   0x0000002c   Code   RO         6795    i.osEventFlagsNew   cmsis_os2.o
    0x0800891a   0x0800891a   0x00000002   PAD
    0x0800891c   0x0800891c   0x00000054   Code   RO         6796    i.osEventFlagsSet   cmsis_os2.o
    0x08008970   0x08008970   0x00000062   Code   RO         6797    i.osEventFlagsWait  cmsis_os2.o
    0x080089d2   0x080089d2   0x00000002   PAD
    0x080089d4   0x080089d4   0x00000024   Code   RO         6804    i.osKernelInitialize  cmsis_os2.o
    0x080089f8   0x080089f8   0x00000038   Code   RO         6807    i.osKernelStart     cmsis_os2.o
    0x08008a30   0x08008a30   0x00000064   Code   RO         6819    i.osMessageQueueGet  cmsis_os2.o
    0x08008a94   0x08008a94   0x0000002c   Code   RO         6823    i.osMessageQueueGetSpace  cmsis_os2.o
    0x08008ac0   0x08008ac0   0x00000058   Code   RO         6824    i.osMessageQueueNew  cmsis_os2.o
    0x08008b18   0x08008b18   0x00000068   Code   RO         6825    i.osMessageQueuePut  cmsis_os2.o
    0x08008b80   0x08008b80   0x0000008a   Code   RO         6849    i.osThreadNew       cmsis_os2.o
    0x08008c0a   0x08008c0a   0x00000002   PAD
    0x08008c0c   0x08008c0c   0x00000078   Code   RO         6858    i.osTimerNew        cmsis_os2.o
    0x08008c84   0x08008c84   0x00000058   Code   RO          534    i.parse_gga         bsp_gps.o
    0x08008cdc   0x08008cdc   0x00000050   Code   RO          535    i.parse_rmc         bsp_gps.o
    0x08008d2c   0x08008d2c   0x0000005c   Code   RO         6252    i.prvAddCurrentTaskToDelayedList  tasks.o
    0x08008d88   0x08008d88   0x000000d0   Code   RO         6253    i.prvAddNewTaskToReadyList  tasks.o
    0x08008e58   0x08008e58   0x00000058   Code   RO         6617    i.prvCheckForValidListAndQueue  timers.o
    0x08008eb0   0x08008eb0   0x00000026   Code   RO         5858    i.prvCopyDataFromQueue  queue.o
    0x08008ed6   0x08008ed6   0x0000006c   Code   RO         5859    i.prvCopyDataToQueue  queue.o
    0x08008f42   0x08008f42   0x00000034   Code   RO         6254    i.prvDeleteTCB      tasks.o
    0x08008f76   0x08008f76   0x00000002   PAD
    0x08008f78   0x08008f78   0x0000004c   Code   RO         7295    i.prvHeapInit       heap_4.o
    0x08008fc4   0x08008fc4   0x00000060   Code   RO         6255    i.prvIdleTask       tasks.o
    0x08009024   0x08009024   0x00000022   Code   RO         5861    i.prvInitialiseNewQueue  queue.o
    0x08009046   0x08009046   0x00000002   PAD
    0x08009048   0x08009048   0x000000b0   Code   RO         6256    i.prvInitialiseNewTask  tasks.o
    0x080090f8   0x080090f8   0x0000004e   Code   RO         6618    i.prvInitialiseNewTimer  timers.o
    0x08009146   0x08009146   0x00000002   PAD
    0x08009148   0x08009148   0x0000004c   Code   RO         7296    i.prvInsertBlockIntoFreeList  heap_4.o
    0x08009194   0x08009194   0x00000038   Code   RO         6619    i.prvInsertTimerInActiveList  timers.o
    0x080091cc   0x080091cc   0x0000001c   Code   RO         5862    i.prvIsQueueEmpty   queue.o
    0x080091e8   0x080091e8   0x000000fc   Code   RO         6620    i.prvProcessReceivedCommands  timers.o
    0x080092e4   0x080092e4   0x000000c0   Code   RO         6621    i.prvProcessTimerOrBlockTask  timers.o
    0x080093a4   0x080093a4   0x00000020   Code   RO         6258    i.prvResetNextTaskUnblockTime  tasks.o
    0x080093c4   0x080093c4   0x00000028   Code   RO         6622    i.prvSampleTimeNow  timers.o
    0x080093ec   0x080093ec   0x0000006c   Code   RO         6623    i.prvSwitchTimerLists  timers.o
    0x08009458   0x08009458   0x00000028   Code   RO         7351    i.prvTaskExitError  port.o
    0x08009480   0x08009480   0x00000014   Code   RO         5696    i.prvTestWaitCondition  event_groups.o
    0x08009494   0x08009494   0x00000024   Code   RO         6624    i.prvTimerTask      timers.o
    0x080094b8   0x080094b8   0x0000006a   Code   RO         5863    i.prvUnlockQueue    queue.o
    0x08009522   0x08009522   0x00000002   PAD
    0x08009524   0x08009524   0x000000dc   Code   RO         7297    i.pvPortMalloc      heap_4.o
    0x08009600   0x08009600   0x00000024   Code   RO         6625    i.pvTimerGetTimerID  timers.o
    0x08009624   0x08009624   0x0000002c   Code   RO         7352    i.pxPortInitialiseStack  port.o
    0x08009650   0x08009650   0x00000026   Code   RO         5818    i.uxListRemove      list.o
    0x08009676   0x08009676   0x00000028   Code   RO         5868    i.uxQueueSpacesAvailable  queue.o
    0x0800969e   0x0800969e   0x00000002   PAD
    0x080096a0   0x080096a0   0x00000018   Code   RO         6270    i.uxTaskResetEventItemValue  tasks.o
    0x080096b8   0x080096b8   0x00000014   Code   RO         6861    i.vApplicationGetIdleTaskMemory  cmsis_os2.o
    0x080096cc   0x080096cc   0x00000018   Code   RO         6862    i.vApplicationGetTimerTaskMemory  cmsis_os2.o
    0x080096e4   0x080096e4   0x00000002   Code   RO          915    i.vApplicationStackOverflowHook  freertos.o
    0x080096e6   0x080096e6   0x00000004   Code   RO         5700    i.vEventGroupSetBitsCallback  event_groups.o
    0x080096ea   0x080096ea   0x00000016   Code   RO         5819    i.vListInitialise   list.o
    0x08009700   0x08009700   0x00000006   Code   RO         5820    i.vListInitialiseItem  list.o
    0x08009706   0x08009706   0x00000030   Code   RO         5821    i.vListInsert       list.o
    0x08009736   0x08009736   0x00000018   Code   RO         5822    i.vListInsertEnd    list.o
    0x0800974e   0x0800974e   0x00000002   PAD
    0x08009750   0x08009750   0x00000040   Code   RO         7354    i.vPortEnterCritical  port.o
    0x08009790   0x08009790   0x00000028   Code   RO         7355    i.vPortExitCritical  port.o
    0x080097b8   0x080097b8   0x00000064   Code   RO         7298    i.vPortFree         heap_4.o
    0x0800981c   0x0800981c   0x00000024   Code   RO         7356    i.vPortSetupTimerInterrupt  port.o
    0x08009840   0x08009840   0x00000054   Code   RO         7357    i.vPortValidateInterruptPriority  port.o
    0x08009894   0x08009894   0x00000028   Code   RO         5869    i.vQueueAddToRegistry  queue.o
    0x080098bc   0x080098bc   0x00000044   Code   RO         5873    i.vQueueWaitForMessageRestricted  queue.o
    0x08009900   0x08009900   0x0000004c   Code   RO         6271    i.vTaskDelay        tasks.o
    0x0800994c   0x0800994c   0x00000010   Code   RO         6276    i.vTaskInternalSetTimeOutState  tasks.o
    0x0800995c   0x0800995c   0x0000000c   Code   RO         6277    i.vTaskMissedYield  tasks.o
    0x08009968   0x08009968   0x00000030   Code   RO         6279    i.vTaskPlaceOnEventList  tasks.o
    0x08009998   0x08009998   0x00000038   Code   RO         6280    i.vTaskPlaceOnEventListRestricted  tasks.o
    0x080099d0   0x080099d0   0x00000050   Code   RO         6281    i.vTaskPlaceOnUnorderedEventList  tasks.o
    0x08009a20   0x08009a20   0x00000070   Code   RO         6284    i.vTaskRemoveFromUnorderedEventList  tasks.o
    0x08009a90   0x08009a90   0x00000088   Code   RO         6288    i.vTaskStartScheduler  tasks.o
    0x08009b18   0x08009b18   0x00000010   Code   RO         6290    i.vTaskSuspendAll   tasks.o
    0x08009b28   0x08009b28   0x0000008c   Code   RO         6291    i.vTaskSwitchContext  tasks.o
    0x08009bb4   0x08009bb4   0x0000001c   Code   RO         5704    i.xEventGroupCreate  event_groups.o
    0x08009bd0   0x08009bd0   0x0000002c   Code   RO         5705    i.xEventGroupCreateStatic  event_groups.o
    0x08009bfc   0x08009bfc   0x0000008c   Code   RO         5707    i.xEventGroupSetBits  event_groups.o
    0x08009c88   0x08009c88   0x00000010   Code   RO         5708    i.xEventGroupSetBitsFromISR  event_groups.o
    0x08009c98   0x08009c98   0x00000108   Code   RO         5710    i.xEventGroupWaitBits  event_groups.o
    0x08009da0   0x08009da0   0x000000f4   Code   RO         7358    i.xPortStartScheduler  port.o
    0x08009e94   0x08009e94   0x0000002c   Code   RO         7359    i.xPortSysTickHandler  port.o
    0x08009ec0   0x08009ec0   0x00000042   Code   RO         5878    i.xQueueGenericCreate  queue.o
    0x08009f02   0x08009f02   0x00000066   Code   RO         5879    i.xQueueGenericCreateStatic  queue.o
    0x08009f68   0x08009f68   0x00000088   Code   RO         5880    i.xQueueGenericReset  queue.o
    0x08009ff0   0x08009ff0   0x00000160   Code   RO         5881    i.xQueueGenericSend  queue.o
    0x0800a150   0x0800a150   0x000000be   Code   RO         5882    i.xQueueGenericSendFromISR  queue.o
    0x0800a20e   0x0800a20e   0x00000002   PAD
    0x0800a210   0x0800a210   0x00000138   Code   RO         5891    i.xQueueReceive     queue.o
    0x0800a348   0x0800a348   0x0000009a   Code   RO         5892    i.xQueueReceiveFromISR  queue.o
    0x0800a3e2   0x0800a3e2   0x00000002   PAD
    0x0800a3e4   0x0800a3e4   0x00000074   Code   RO         6293    i.xTaskCheckForTimeOut  tasks.o
    0x0800a458   0x0800a458   0x0000005a   Code   RO         6294    i.xTaskCreate       tasks.o
    0x0800a4b2   0x0800a4b2   0x00000056   Code   RO         6295    i.xTaskCreateStatic  tasks.o
    0x0800a508   0x0800a508   0x0000001c   Code   RO         6299    i.xTaskGetSchedulerState  tasks.o
    0x0800a524   0x0800a524   0x0000000c   Code   RO         6300    i.xTaskGetTickCount  tasks.o
    0x0800a530   0x0800a530   0x000000c8   Code   RO         6302    i.xTaskIncrementTick  tasks.o
    0x0800a5f8   0x0800a5f8   0x00000080   Code   RO         6305    i.xTaskPriorityDisinherit  tasks.o
    0x0800a678   0x0800a678   0x00000070   Code   RO         6307    i.xTaskRemoveFromEventList  tasks.o
    0x0800a6e8   0x0800a6e8   0x000000c4   Code   RO         6308    i.xTaskResumeAll    tasks.o
    0x0800a7ac   0x0800a7ac   0x00000034   Code   RO         6631    i.xTimerCreate      timers.o
    0x0800a7e0   0x0800a7e0   0x0000002e   Code   RO         6632    i.xTimerCreateStatic  timers.o
    0x0800a80e   0x0800a80e   0x00000002   PAD
    0x0800a810   0x0800a810   0x00000060   Code   RO         6633    i.xTimerCreateTimerTask  timers.o
    0x0800a870   0x0800a870   0x00000068   Code   RO         6634    i.xTimerGenericCommand  timers.o
    0x0800a8d8   0x0800a8d8   0x00000028   Code   RO         6640    i.xTimerPendFunctionCallFromISR  timers.o
    0x0800a900   0x0800a900   0x0000002c   Code   RO         7598    locale$$code        c_w.l(lc_numeric_c.o)
    0x0800a92c   0x0800a92c   0x0000002c   Code   RO         7613    locale$$code        c_w.l(lc_ctype_c.o)
    0x0800a958   0x0800a958   0x00000062   Code   RO         7485    x$fpl$d2f           fz_wm.l(d2f.o)
    0x0800a9ba   0x0800a9ba   0x00000002   PAD
    0x0800a9bc   0x0800a9bc   0x00000010   Code   RO         7834    x$fpl$dcheck1       fz_wm.l(dcheck1.o)
    0x0800a9cc   0x0800a9cc   0x00000018   Code   RO         7755    x$fpl$dcmpinf       fz_wm.l(dcmpi.o)
    0x0800a9e4   0x0800a9e4   0x00000078   Code   RO         7725    x$fpl$deqf          fz_wm.l(deqf.o)
    0x0800aa5c   0x0800aa5c   0x00000078   Code   RO         7757    x$fpl$dleqf         fz_wm.l(dleqf.o)
    0x0800aad4   0x0800aad4   0x00000154   Code   RO         7759    x$fpl$dmul          fz_wm.l(dmul.o)
    0x0800ac28   0x0800ac28   0x0000009c   Code   RO         7524    x$fpl$dnaninf       fz_wm.l(dnaninf.o)
    0x0800acc4   0x0800acc4   0x0000000c   Code   RO         7526    x$fpl$dretinf       fz_wm.l(dretinf.o)
    0x0800acd0   0x0800acd0   0x0000006c   Code   RO         7727    x$fpl$drleqf        fz_wm.l(drleqf.o)
    0x0800ad3c   0x0800ad3c   0x00000056   Code   RO         7487    x$fpl$f2d           fz_wm.l(f2d.o)
    0x0800ad92   0x0800ad92   0x0000008c   Code   RO         7528    x$fpl$fnaninf       fz_wm.l(fnaninf.o)
    0x0800ae1e   0x0800ae1e   0x0000000a   Code   RO         7688    x$fpl$fpinit        fz_wm.l(fpinit.o)
    0x0800ae28   0x0800ae28   0x0000000a   Code   RO         7530    x$fpl$fretinf       fz_wm.l(fretinf.o)
    0x0800ae32   0x0800ae32   0x00000006   Code   RO         7600    x$fpl$ieeestatus    fz_wm.l(istatus.o)
    0x0800ae38   0x0800ae38   0x00000004   Code   RO         7489    x$fpl$printf1       fz_wm.l(printf1.o)
    0x0800ae3c   0x0800ae3c   0x00000064   Code   RO         7840    x$fpl$retnan        fz_wm.l(retnan.o)
    0x0800aea0   0x0800aea0   0x0000005c   Code   RO         7811    x$fpl$scalbn        fz_wm.l(scalbn.o)
    0x0800aefc   0x0800aefc   0x00000004   Code   RO         7602    x$fpl$scanf1        fz_wm.l(scanf1.o)
    0x0800af00   0x0800af00   0x00000008   Code   RO         7690    x$fpl$scanf2        fz_wm.l(scanf2.o)
    0x0800af08   0x0800af08   0x00000030   Code   RO         7842    x$fpl$trapveneer    fz_wm.l(trapv.o)
    0x0800af38   0x0800af38   0x00000000   Code   RO         7532    x$fpl$usenofp       fz_wm.l(usenofp.o)
    0x0800af38   0x0800af38   0x00000025   Data   RO          662    .constdata          bsp_icm42688.o
    0x0800af5d   0x0800af5d   0x00000003   PAD
    0x0800af60   0x0800af60   0x000001f4   Data   RO          918    .constdata          freertos.o
    0x0800b154   0x0800b154   0x00000008   Data   RO         2414    .constdata          stm32f4xx_hal_dma.o
    0x0800b15c   0x0800b15c   0x00000010   Data   RO         5207    .constdata          system_stm32f4xx.o
    0x0800b16c   0x0800b16c   0x00000008   Data   RO         5208    .constdata          system_stm32f4xx.o
    0x0800b174   0x0800b174   0x00000094   Data   RO         7573    .constdata          c_w.l(bigflt0.o)
    0x0800b208   0x0800b208   0x00000123   Data   RO          919    .conststring        freertos.o
    0x0800b32b   0x0800b32b   0x00000001   PAD
    0x0800b32c   0x0800b32c   0x00000040   Data   RO         7844    Region$$Table       anon$$obj.o
    0x0800b36c   0x0800b36c   0x00000008   Data   RO         7684    c$$dinf             fz_wm.l(fpconst.o)
    0x0800b374   0x0800b374   0x00000008   Data   RO         7687    c$$dmax             fz_wm.l(fpconst.o)
    0x0800b37c   0x0800b37c   0x0000001c   Data   RO         7597    locale$$data        c_w.l(lc_numeric_c.o)
    0x0800b398   0x0800b398   0x00000110   Data   RO         7612    locale$$data        c_w.l(lc_ctype_c.o)


    Execution Region RW_IRAM2 (Exec base: 0x10000000, Load base: 0x0800b4f4, Size: 0x000004f4, Max: 0x00010000, ABSOLUTE)

    Exec Addr    Load Addr    Size         Type   Attr      Idx    E Section Name        Object

    0x10000000   0x0800b4f4   0x00000004   Data   RW          537    .data               bsp_gps.o
    0x10000004   0x0800b4f8   0x00000004   Data   RW          721    .data               bsp_debug_uart.o
    0x10000008   0x0800b4fc   0x00000044   Data   RW          920    .data               freertos.o
    0x1000004c   0x0800b540   0x00000005   Data   RW         1618    .data               fatfs.o
    0x10000051   0x0800b545   0x00000003   PAD
    0x10000054   0x0800b548   0x0000003c   Data   RW         6311    .data               tasks.o
    0x10000090   0x0800b584   0x00000014   Data   RW         6642    .data               timers.o
    0x100000a4   0x0800b598   0x00000004   Data   RW         6865    .data               cmsis_os2.o
    0x100000a8   0x0800b59c   0x00000020   Data   RW         7304    .data               heap_4.o
    0x100000c8        -       0x00000014   Zero   RW          616    .bss                bsp_qmc5883.o
    0x100000dc        -       0x00000048   Zero   RW         1019    .bss                adc.o
    0x10000124        -       0x00000054   Zero   RW         1088    .bss                i2c.o
    0x10000178        -       0x0000000c   Zero   RW         1143    .bss                iwdg.o
    0x10000184        -       0x000001ec   Zero   RW         1297    .bss                usart.o
    0x10000370        -       0x0000000c   Zero   RW         5596    .bss                ff_gen_drv.o
    0x1000037c        -       0x00000118   Zero   RW         6641    .bss                timers.o
    0x10000494        -       0x00000060   Zero   RW         7534    .bss                c_w.l(libspace.o)


    Execution Region RW_IRAM1 (Exec base: 0x20000000, Load base: 0x0800b4a8, Size: 0x000104f8, Max: 0x00020000, ABSOLUTE)

    Exec Addr    Load Addr    Size         Type   Attr      Idx    E Section Name        Object

    0x20000000   0x0800b4a8   0x00000010   Data   RW          351    .data               app_imu2_redundancy.o
    0x20000010   0x0800b4b8   0x00000001   Data   RW          429    .data               app_nav.o
    0x20000011   0x0800b4b9   0x00000003   PAD
    0x20000014   0x0800b4bc   0x00000004   Data   RW          663    .data               bsp_icm42688.o
    0x20000018   0x0800b4c0   0x00000001   Data   RW         1556    .data               user_diskio.o
    0x20000019   0x0800b4c1   0x00000003   PAD
    0x2000001c   0x0800b4c4   0x00000014   Data   RW         1557    .data               user_diskio.o
    0x20000030   0x0800b4d8   0x0000000c   Data   RW         2841    .data               stm32f4xx_hal.o
    0x2000003c   0x0800b4e4   0x00000004   Data   RW         5209    .data               system_stm32f4xx.o
    0x20000040   0x0800b4e8   0x0000000c   Data   RW         7360    .data               port.o
    0x2000004c        -       0x00000228   Zero   RW          536    .bss                bsp_gps.o
    0x20000274        -       0x00000030   Zero   RW          661    .bss                bsp_icm42688.o
    0x200002a4        -       0x000001c8   Zero   RW          916    .bss                freertos.o
    0x2000046c        -       0x00000050   Zero   RW          917    .bss                freertos.o
    0x200004bc        -       0x00000348   Zero   RW         1177    .bss                spi.o
    0x20000804        -       0x000000f0   Zero   RW         1233    .bss                tim.o
    0x200008f4        -       0x00000048   Zero   RW         1515    .bss                stm32f4xx_hal_timebase_tim.o
    0x2000093c        -       0x00000040   Zero   RW         5895    .bss                queue.o
    0x2000097c        -       0x000004c4   Zero   RW         6310    .bss                tasks.o
    0x20000e40        -       0x000006b8   Zero   RW         6864    .bss                cmsis_os2.o
    0x200014f8        -       0x0000c000   Zero   RW         7303    .bss                heap_4.o
    0x2000d4f8        -       0x00001000   Zero   RW          775    HEAP                startup_stm32f405xx.o
    0x2000e4f8        -       0x00002000   Zero   RW          774    STACK               startup_stm32f405xx.o


==============================================================================

Image component sizes


      Code (inc. data)   RO Data    RW Data    ZI Data      Debug   Object Name

       224         28          0          0         72       1701   adc.o
         0          0          0          0          0       1444   alg_attitude.o
         0          0          0          0          0     671112   alg_pid.o
        20          0          0          0          0     540704   app_flightctrl.o
       612         82          0         16          0      11077   app_imu2_redundancy.o
       292         22          0          1          0      25733   app_nav.o
       292         72          0          4          0       1242   bsp_debug_uart.o
        22          0          0          0          0        541   bsp_gpio_dispatch.o
       720         84          0          4        552       6722   bsp_gps.o
       670         44         37          4         48       6163   bsp_icm42688.o
       176         12          0          0         20       2363   bsp_qmc5883.o
      1032         40          0          4       1720      60160   cmsis_os2.o
       204          4          0          0          0        870   dma.o
       516          8          0          0          0      29910   event_groups.o
        28         10          0          5          0       1046   fatfs.o
        70          6          0          0         12       1615   ff_gen_drv.o
       366         54        791         68        536       9082   freertos.o
       328         20          0          0          0       1075   gpio.o
       472         24          0         32      49152       4831   heap_4.o
       232         36          0          0         84       2936   i2c.o
        44          8          0          0         12        711   iwdg.o
       138          0          0          0          0       3510   list.o
       260         14          0          0          0       7528   main.o
       786         82          0         12          0      11433   port.o
      1774         20          0          0         64      20682   queue.o
       816         72          0          0        840       3549   spi.o
        64         26        392          0      12288        804   startup_stm32f405xx.o
       116         18          0         12          0       8674   stm32f4xx_hal.o
      1388        214          0          0          0       3039   stm32f4xx_hal_adc.o
       420        196          0          0          0      33274   stm32f4xx_hal_cortex.o
      1698        138          8          0          0       7466   stm32f4xx_hal_dma.o
       888        178          0          0          0       2947   stm32f4xx_hal_gpio.o
      2578        234          0          0          0      12974   stm32f4xx_hal_i2c.o
       224         66          0          0          0       1320   stm32f4xx_hal_iwdg.o
        56          4          0          0          0        854   stm32f4xx_hal_msp.o
      1984        196          0          0          0       5997   stm32f4xx_hal_rcc.o
      1412        138          0          0          0       4965   stm32f4xx_hal_spi.o
      4232        836          0          0          0      15662   stm32f4xx_hal_tim.o
       668        162          0          0          0       3401   stm32f4xx_hal_tim_ex.o
       116         16          0          0         72       1403   stm32f4xx_hal_timebase_tim.o
      2444        178          0          0          0      14813   stm32f4xx_hal_uart.o
       170         72          0          0          0       9344   stm32f4xx_it.o
         0          0          0          0          0       9032   stream_buffer.o
        16          4         24          4          0       1111   system_stm32f4xx.o
      2340        184          0         60       1220      29385   tasks.o
       640         70          0          0        240       3808   tim.o
      1224         86          0         20        280      34203   timers.o
       600         64          0          0        492       3382   usart.o
        44         12          0         21          0       3600   user_diskio.o

    ----------------------------------------------------------------------
     33472       3834       1320        276      67704    1639198   Object Totals
         0          0         64          0          0          0   (incl. Generated)
        56          0          4          9          0          0   (incl. Padding)

    ----------------------------------------------------------------------

      Code (inc. data)   RO Data    RW Data    ZI Data      Debug   Library Member Name

        56          6          0          0          0         88   __2snprintf.o
         8          0          0          0          0         68   __main.o
       284          0          0          0          0        156   __printf_wp.o
         0          0          0          0          0          0   __rtentry.o
        12          0          0          0          0          0   __rtentry2.o
         6          0          0          0          0          0   __rtentry4.o
        52          8          0          0          0          0   __scatter.o
        26          0          0          0          0          0   __scatter_copy.o
        28          0          0          0          0          0   __scatter_zi.o
        28          0          0          0          0         68   _chval.o
        48          6          0          0          0         96   _printf_char_common.o
         6          0          0          0          0          0   _printf_f.o
      1054          0          0          0          0        216   _printf_fp_dec.o
       128         16          0          0          0         84   _printf_fp_infnan.o
         0          0          0          0          0          0   _printf_percent.o
         4          0          0          0          0          0   _printf_percent_end.o
        22          0          0          0          0        100   _rserrno.o
        64          0          0          0          0         84   _sgetc.o
        16          0          0          0          0         68   _snputc.o
        10          0          0          0          0         68   _sputc.o
       158          0          0          0          0         92   _strtoul.o
        16          0          0          0          0         68   aeabi_memset.o
        26          0          0          0          0         80   atoi.o
       228          4        148          0          0         96   bigflt0.o
      2152        136          0          0          0        960   btod.o
        18          0          0          0          0         80   exit.o
         6          0          0          0          0        152   heapauxi.o
         0          0          0          0          0          0   indicate_semi.o
        18          0          0          0          0         76   isspace.o
        44         10        272          0          0         76   lc_ctype_c.o
        44         10         28          0          0         76   lc_numeric_c.o
         2          0          0          0          0          0   libinit.o
        34          0          0          0          0          0   libinit2.o
         2          0          0          0          0          0   libshutdown.o
         2          0          0          0          0          0   libshutdown2.o
         8          4          0          0         96         68   libspace.o
        72          0          0          0          0         76   llsdiv.o
        38          0          0          0          0         68   llshl.o
       138          0          0          0          0         80   lludiv10.o
       238          0          0          0          0        100   lludivv7m.o
        20          0          0          0          0         68   memchr.o
        16          4          0          0          0         76   rt_ctype_table.o
         8          4          0          0          0         68   rt_errno_addr_intlibspace.o
         8          4          0          0          0         68   rt_locale_intlibspace.o
        68          0          0          0          0         68   rt_memclr.o
        78          0          0          0          0         80   rt_memclr_w.o
       138          0          0          0          0         68   rt_memcpy_v6.o
       100          0          0          0          0         80   rt_memcpy_w.o
         2          0          0          0          0          0   rtexit.o
        10          0          0          0          0          0   rtexit2.o
      1272         16          0          0          0        168   scanf_fp.o
       800         14          0          0          0        100   scanf_hexfp.o
       308         16          0          0          0        100   scanf_infnan.o
        20          0          0          0          0         68   strchr.o
       128          0          0          0          0         68   strcmpv7m.o
       150          0          0          0          0         80   strncmp.o
        86          0          0          0          0         76   strncpy.o
       164         14          0          0          0        120   strtod.o
       112          0          0          0          0         88   strtol.o
        12          4          0          0          0         68   sys_exit.o
        74          0          0          0          0         80   sys_stackheap_outer.o
         2          0          0          0          0         68   use_no_semi.o
        98          4          0          0          0        140   d2f.o
        16          4          0          0          0        116   dcheck1.o
        24          0          0          0          0        116   dcmpi.o
       120          4          0          0          0        140   deqf.o
       120          4          0          0          0        140   dleqf.o
       340         12          0          0          0        152   dmul.o
       156          4          0          0          0        140   dnaninf.o
        12          0          0          0          0        116   dretinf.o
       108          0          0          0          0        128   drleqf.o
        86          4          0          0          0        132   f2d.o
       140          4          0          0          0        132   fnaninf.o
         0          0         16          0          0          0   fpconst.o
        10          0          0          0          0        116   fpinit.o
        10          0          0          0          0        116   fretinf.o
         6          0          0          0          0        116   istatus.o
         4          0          0          0          0        116   printf1.o
       100          0          0          0          0        116   retnan.o
        92          0          0          0          0        116   scalbn.o
         4          0          0          0          0        116   scanf1.o
         8          0          0          0          0        132   scanf2.o
        48          0          0          0          0        116   trapv.o
         0          0          0          0          0          0   usenofp.o
        56         12          0          0          0        132   atof.o
        64         16          0          0          0        248   dunder.o
        48          0          0          0          0        124   fpclassify.o
       140         22          0          0          0        132   frexp.o
       228          8          0          0          0        308   ldexp.o
       266         16          0          0          0        308   narrow.o

    ----------------------------------------------------------------------
     10992        390        464          0         96       8668   Library Totals
        16          0          0          0          0          0   (incl. Padding)

    ----------------------------------------------------------------------

      Code (inc. data)   RO Data    RW Data    ZI Data      Debug   Library Name

      8672        276        448          0         96       4904   c_w.l
      1502         40         16          0          0       2512   fz_wm.l
       802         74          0          0          0       1252   m_wm.l

    ----------------------------------------------------------------------
     10992        390        464          0         96       8668   Library Totals

    ----------------------------------------------------------------------

==============================================================================


      Code (inc. data)   RO Data    RW Data    ZI Data      Debug   

     44464       4224       1784        276      67800    1615058   Grand Totals
     44464       4224       1784        276      67800    1615058   ELF Image Totals
     44464       4224       1784        276          0          0   ROM Totals

==============================================================================

    Total RO  Size (Code + RO Data)                46248 (  45.16kB)
    Total RW  Size (RW Data + ZI Data)             68076 (  66.48kB)
    Total ROM Size (Code + RO Data + RW Data)      46524 (  45.43kB)

==============================================================================

