Component: ARM Compiler 5.06 update 7 (build 960) Tool: armlink [4d3601]

==============================================================================

Section Cross References

    alg_pid.o(i.PID_Init) refers to alg_pid.o(i.PID_Reset) for PID_Reset
    app_flightctrl.o(i.App_FlightCtrl_Task) refers to bsp_icm42688.o(i.ICM_InitAll) for ICM_InitAll
    app_flightctrl.o(i.App_FlightCtrl_Task) refers to app_imu2_redundancy.o(i.ImuRedundancy_Init) for ImuRedundancy_Init
    app_flightctrl.o(i.App_FlightCtrl_Task) refers to app_imu2_redundancy.o(i.ImuRedundancy_Update) for ImuRedundancy_Update
    app_imu2_redundancy.o(i.DWT_Init) refers to app_imu2_redundancy.o(.data) for .data
    app_imu2_redundancy.o(i.DWT_MeasureDt) refers to app_imu2_redundancy.o(i.DWT_Init) for DWT_Init
    app_imu2_redundancy.o(i.DWT_MeasureDt) refers to app_imu2_redundancy.o(.data) for .data
    app_imu2_redundancy.o(i.DWT_MeasureDt) refers to system_stm32f4xx.o(.data) for SystemCoreClock
    app_imu2_redundancy.o(i.Health_RecordBad) refers to app_imu2_redundancy.o(.data) for .data
    app_imu2_redundancy.o(i.Health_RecordGood) refers to app_imu2_redundancy.o(.data) for .data
    app_imu2_redundancy.o(i.ImuRedundancy_Init) refers to app_imu2_redundancy.o(i.DWT_Init) for DWT_Init
    app_imu2_redundancy.o(i.ImuRedundancy_Update) refers to cmsis_os2.o(i.osEventFlagsWait) for osEventFlagsWait
    app_imu2_redundancy.o(i.ImuRedundancy_Update) refers to app_imu2_redundancy.o(i.Health_RecordBad) for Health_RecordBad
    app_imu2_redundancy.o(i.ImuRedundancy_Update) refers to app_imu2_redundancy.o(i.DWT_MeasureDt) for DWT_MeasureDt
    app_imu2_redundancy.o(i.ImuRedundancy_Update) refers to bsp_icm42688.o(i.ICM_TriggerRead) for ICM_TriggerRead
    app_imu2_redundancy.o(i.ImuRedundancy_Update) refers to bsp_icm42688.o(i.ICM_CopyTo) for ICM_CopyTo
    app_imu2_redundancy.o(i.ImuRedundancy_Update) refers to bsp_debug_uart.o(i.DebugUart_PrintImuDiff) for DebugUart_PrintImuDiff
    app_imu2_redundancy.o(i.ImuRedundancy_Update) refers to app_imu2_redundancy.o(i.CrossCheck_IsAbnormal) for CrossCheck_IsAbnormal
    app_imu2_redundancy.o(i.ImuRedundancy_Update) refers to app_imu2_redundancy.o(i.Health_RecordGood) for Health_RecordGood
    app_imu2_redundancy.o(i.ImuRedundancy_Update) refers to rt_memcpy_w.o(.text) for __aeabi_memcpy4
    app_imu2_redundancy.o(i.ImuRedundancy_Update) refers to bsp_icm42688.o(.data) for g_icmDataReadyEvtId
    app_imu2_redundancy.o(i.ImuRedundancy_Update) refers to system_stm32f4xx.o(.data) for SystemCoreClock
    app_imu2_redundancy.o(i.ImuRedundancy_Update) refers to app_imu2_redundancy.o(.data) for .data
    app_nav.o(i.App_Nav_Task) refers to bsp_gps.o(i.GPS_Init) for GPS_Init
    app_nav.o(i.App_Nav_Task) refers to bsp_qmc5883.o(i.QMC_Init) for QMC_Init
    app_nav.o(i.App_Nav_Task) refers to cmsis_os2.o(i.osMessageQueueGet) for osMessageQueueGet
    app_nav.o(i.App_Nav_Task) refers to bsp_gps.o(i.GPS_SetHome) for GPS_SetHome
    app_nav.o(i.App_Nav_Task) refers to bsp_gps.o(i.GPS_Poll) for GPS_Poll
    app_nav.o(i.App_Nav_Task) refers to bsp_gps.o(i.GPS_CopyDataTo) for GPS_CopyDataTo
    app_nav.o(i.App_Nav_Task) refers to cmsis_os2.o(i.osMessageQueueGetSpace) for osMessageQueueGetSpace
    app_nav.o(i.App_Nav_Task) refers to cmsis_os2.o(i.osMessageQueuePut) for osMessageQueuePut
    app_nav.o(i.App_Nav_Task) refers to bsp_qmc5883.o(i.QMC_ReadData) for QMC_ReadData
    app_nav.o(i.App_Nav_Task) refers to bsp_qmc5883.o(i.QMC_CopyTo) for QMC_CopyTo
    app_nav.o(i.App_Nav_Task) refers to cmsis_os2.o(i.osDelay) for osDelay
    app_nav.o(i.App_Nav_Task) refers to freertos.o(.data) for NavCommandQueueHandle
    app_nav.o(i.App_Nav_Task) refers to app_nav.o(.data) for .data
    bsp_gps.o(i.GPS_CopyDataTo) refers to rt_memcpy_w.o(.text) for __aeabi_memcpy4
    bsp_gps.o(i.GPS_CopyDataTo) refers to bsp_gps.o(.bss) for .bss
    bsp_gps.o(i.GPS_CopyHomeTo) refers to bsp_gps.o(.bss) for .bss
    bsp_gps.o(i.GPS_Init) refers to stm32f4xx_hal_uart.o(i.HAL_UARTEx_ReceiveToIdle_DMA) for HAL_UARTEx_ReceiveToIdle_DMA
    bsp_gps.o(i.GPS_Init) refers to bsp_gps.o(.bss) for .bss
    bsp_gps.o(i.GPS_Init) refers to usart.o(.bss) for huart4
    bsp_gps.o(i.GPS_Parse) refers to strncpy.o(.text) for strncpy
    bsp_gps.o(i.GPS_Parse) refers to strncmp.o(.text) for strncmp
    bsp_gps.o(i.GPS_Parse) refers to bsp_gps.o(i.parse_rmc) for parse_rmc
    bsp_gps.o(i.GPS_Parse) refers to bsp_gps.o(i.parse_gga) for parse_gga
    bsp_gps.o(i.GPS_Poll) refers to memchr.o(.text) for memchr
    bsp_gps.o(i.GPS_Poll) refers to bsp_gps.o(i.GPS_Parse) for GPS_Parse
    bsp_gps.o(i.GPS_Poll) refers to bsp_gps.o(.data) for .data
    bsp_gps.o(i.GPS_Poll) refers to bsp_gps.o(.bss) for .bss
    bsp_gps.o(i.GPS_SetHome) refers to bsp_gps.o(.bss) for .bss
    bsp_gps.o(i.HAL_UARTEx_RxEventCallback) refers to rt_memcpy_w.o(.text) for __aeabi_memcpy4
[...]
    HAL_TIM_Base_MspInit                     0x08005559   Thumb Code    90  tim.o(i.HAL_TIM_Base_MspInit)
    HAL_TIM_Base_Start_IT                    0x080055c5   Thumb Code   200  stm32f4xx_hal_tim.o(i.HAL_TIM_Base_Start_IT)
    HAL_TIM_ConfigClockSource                0x080056f5   Thumb Code   930  stm32f4xx_hal_tim.o(i.HAL_TIM_ConfigClockSource)
    HAL_TIM_IC_CaptureCallback               0x08005b05   Thumb Code     2  stm32f4xx_hal_tim.o(i.HAL_TIM_IC_CaptureCallback)
    HAL_TIM_IRQHandler                       0x08005b07   Thumb Code   358  stm32f4xx_hal_tim.o(i.HAL_TIM_IRQHandler)
    HAL_TIM_MspPostInit                      0x08005c6d   Thumb Code   110  tim.o(i.HAL_TIM_MspPostInit)
    HAL_TIM_OC_DelayElapsedCallback          0x08005cf1   Thumb Code     2  stm32f4xx_hal_tim.o(i.HAL_TIM_OC_DelayElapsedCallback)
    HAL_TIM_PWM_ConfigChannel                0x08005cf5   Thumb Code   516  stm32f4xx_hal_tim.o(i.HAL_TIM_PWM_ConfigChannel)
    HAL_TIM_PWM_Init                         0x08005f5d   Thumb Code   260  stm32f4xx_hal_tim.o(i.HAL_TIM_PWM_Init)
    HAL_TIM_PWM_MspInit                      0x080060cd   Thumb Code    30  tim.o(i.HAL_TIM_PWM_MspInit)
    HAL_TIM_PWM_PulseFinishedCallback        0x080060f5   Thumb Code     2  stm32f4xx_hal_tim.o(i.HAL_TIM_PWM_PulseFinishedCallback)
    HAL_TIM_PeriodElapsedCallback            0x080060f9   Thumb Code    14  main.o(i.HAL_TIM_PeriodElapsedCallback)
    HAL_TIM_TriggerCallback                  0x0800610d   Thumb Code     2  stm32f4xx_hal_tim.o(i.HAL_TIM_TriggerCallback)
    HAL_UARTEx_ReceiveToIdle_DMA             0x0800610f   Thumb Code    86  stm32f4xx_hal_uart.o(i.HAL_UARTEx_ReceiveToIdle_DMA)
    HAL_UARTEx_RxEventCallback               0x08006165   Thumb Code    56  bsp_gps.o(i.HAL_UARTEx_RxEventCallback)
    HAL_UART_ErrorCallback                   0x080061ad   Thumb Code     2  stm32f4xx_hal_uart.o(i.HAL_UART_ErrorCallback)
    HAL_UART_IRQHandler                      0x080061b1   Thumb Code   610  stm32f4xx_hal_uart.o(i.HAL_UART_IRQHandler)
    HAL_UART_Init                            0x08006419   Thumb Code   246  stm32f4xx_hal_uart.o(i.HAL_UART_Init)
    HAL_UART_MspInit                         0x08006565   Thumb Code   390  usart.o(i.HAL_UART_MspInit)
    HAL_UART_RxCpltCallback                  0x0800670d   Thumb Code     2  stm32f4xx_hal_uart.o(i.HAL_UART_RxCpltCallback)
    HAL_UART_RxHalfCpltCallback              0x0800670f   Thumb Code     2  stm32f4xx_hal_uart.o(i.HAL_UART_RxHalfCpltCallback)
    HAL_UART_Transmit                        0x08006711   Thumb Code   178  stm32f4xx_hal_uart.o(i.HAL_UART_Transmit)
    HAL_UART_TxCpltCallback                  0x080067c3   Thumb Code     2  stm32f4xx_hal_uart.o(i.HAL_UART_TxCpltCallback)
    HardFault_Handler                        0x080067c5   Thumb Code     2  stm32f4xx_it.o(i.HardFault_Handler)
    ICM_CopyTo                               0x08006c05   Thumb Code    28  bsp_icm42688.o(i.ICM_CopyTo)
    ICM_InitAll                              0x08006c25   Thumb Code    72  bsp_icm42688.o(i.ICM_InitAll)
    ICM_OnDataReady_ISR                      0x08006d01   Thumb Code    16  bsp_icm42688.o(i.ICM_OnDataReady_ISR)
    ICM_TriggerRead                          0x08006d5d   Thumb Code   254  bsp_icm42688.o(i.ICM_TriggerRead)
    IIC_ReadBurst                            0x08006eb9   Thumb Code    24  i2c.o(i.IIC_ReadBurst)
    IIC_WriteReg                             0x08006ed5   Thumb Code    30  i2c.o(i.IIC_WriteReg)
    ImuRedundancy_Init                       0x08006ef9   Thumb Code     4  app_imu2_redundancy.o(i.ImuRedundancy_Init)
    ImuRedundancy_Update                     0x08006efd   Thumb Code   214  app_imu2_redundancy.o(i.ImuRedundancy_Update)
    MX_ADC1_Init                             0x08006fe9   Thumb Code   114  adc.o(i.MX_ADC1_Init)
    MX_DMA_Init                              0x08007069   Thumb Code   136  dma.o(i.MX_DMA_Init)
    MX_FATFS_Init                            0x080070f5   Thumb Code    18  fatfs.o(i.MX_FATFS_Init)
    MX_FREERTOS_Init                         0x08007111   Thumb Code   238  freertos.o(i.MX_FREERTOS_Init)
    MX_GPIO_Init                             0x08007235   Thumb Code   308  gpio.o(i.MX_GPIO_Init)
    MX_I2C1_Init                             0x0800737d   Thumb Code    50  i2c.o(i.MX_I2C1_Init)
    MX_IWDG_Init                             0x080073bd   Thumb Code    36  iwdg.o(i.MX_IWDG_Init)
    MX_SPI1_Init                             0x080073e9   Thumb Code    64  spi.o(i.MX_SPI1_Init)
    MX_SPI2_Init                             0x08007431   Thumb Code    62  spi.o(i.MX_SPI2_Init)
    MX_SPI3_Init                             0x08007479   Thumb Code    64  spi.o(i.MX_SPI3_Init)
    MX_TIM1_Init                             0x080074c1   Thumb Code   238  tim.o(i.MX_TIM1_Init)
    MX_TIM3_Init                             0x080075b9   Thumb Code   102  tim.o(i.MX_TIM3_Init)
    MX_UART4_Init                            0x08007629   Thumb Code    48  usart.o(i.MX_UART4_Init)
    MX_USART2_UART_Init                      0x08007661   Thumb Code    50  usart.o(i.MX_USART2_UART_Init)
    MX_USART3_UART_Init                      0x080076a1   Thumb Code    48  usart.o(i.MX_USART3_UART_Init)
    MemManage_Handler                        0x080076d9   Thumb Code     2  stm32f4xx_it.o(i.MemManage_Handler)
    NMI_Handler                              0x080076db   Thumb Code     2  stm32f4xx_it.o(i.NMI_Handler)
    QMC_CopyTo                               0x080076dd   Thumb Code     8  bsp_qmc5883.o(i.QMC_CopyTo)
    QMC_Init                                 0x080076e9   Thumb Code    52  bsp_qmc5883.o(i.QMC_Init)
    QMC_ReadData                             0x0800771d   Thumb Code   104  bsp_qmc5883.o(i.QMC_ReadData)
    RC_FailsafeTimeout_Callback              0x0800778d   Thumb Code     2  freertos.o(i.RC_FailsafeTimeout_Callback)
    StartTask_Blackbox                       0x080078a1   Thumb Code     8  freertos.o(i.StartTask_Blackbox)
    StartTask_FlightControl                  0x080078a9   Thumb Code    10  freertos.o(i.StartTask_FlightControl)
    StartTask_IMU2_RDD                       0x080078b3   Thumb Code     8  freertos.o(i.StartTask_IMU2_RDD)
    StartTask_IWDG                           0x080078bb   Thumb Code     8  freertos.o(i.StartTask_IWDG)
    StartTask_Indicator                      0x080078c3   Thumb Code     8  freertos.o(i.StartTask_Indicator)
    StartTask_Nav                            0x080078cb   Thumb Code     4  freertos.o(i.StartTask_Nav)
    StartTask_PowerMonitor                   0x080078cf   Thumb Code     8  freertos.o(i.StartTask_PowerMonitor)
    StartTask_RC_LINK                        0x080078d7   Thumb Code     8  freertos.o(i.StartTask_RC_LINK)
    StartTask_Telemetry                      0x080078df   Thumb Code     8  freertos.o(i.StartTask_Telemetry)
    SysTick_Handler                          0x080078e7   Thumb Code    26  cmsis_os2.o(i.SysTick_Handler)
    SystemClock_Config                       0x08007901   Thumb Code   148  main.o(i.SystemClock_Config)
    SystemInit                               0x0800799d   Thumb Code    12  system_stm32f4xx.o(i.SystemInit)
    TIM6_DAC_IRQHandler                      0x080079ad   Thumb Code     6  stm32f4xx_it.o(i.TIM6_DAC_IRQHandler)
    TIM_Base_SetConfig                       0x080079b9   Thumb Code   156  stm32f4xx_hal_tim.o(i.TIM_Base_SetConfig)
    TIM_ETR_SetConfig                        0x08007a81   Thumb Code    20  stm32f4xx_hal_tim.o(i.TIM_ETR_SetConfig)
    TIM_OC2_SetConfig                        0x08007b89   Thumb Code   170  stm32f4xx_hal_tim.o(i.TIM_OC2_SetConfig)
    UART4_IRQHandler                         0x08007e65   Thumb Code     6  stm32f4xx_it.o(i.UART4_IRQHandler)
    UART_Start_Receive_DMA                   0x08008231   Thumb Code   130  stm32f4xx_hal_uart.o(i.UART_Start_Receive_DMA)
    USER_initialize                          0x08008339   Thumb Code    10  user_diskio.o(i.USER_initialize)
    USER_ioctl                               0x08008349   Thumb Code     4  user_diskio.o(i.USER_ioctl)
    USER_read                                0x0800834d   Thumb Code     4  user_diskio.o(i.USER_read)
    USER_status                              0x08008351   Thumb Code    10  user_diskio.o(i.USER_status)
    USER_write                               0x08008361   Thumb Code     4  user_diskio.o(i.USER_write)
    UsageFault_Handler                       0x08008365   Thumb Code     2  stm32f4xx_it.o(i.UsageFault_Handler)
    __ARM_fpclassify                         0x08008367   Thumb Code    48  fpclassify.o(i.__ARM_fpclassify)
    __hardfp___mathlib_tofloat               0x080083b9   Thumb Code   232  narrow.o(i.__hardfp___mathlib_tofloat)
    __hardfp_atof                            0x080084b1   Thumb Code    44  atof.o(i.__hardfp_atof)
    __hardfp_ldexp                           0x080084e9   Thumb Code   200  ldexp.o(i.__hardfp_ldexp)
    __mathlib_dbl_overflow                   0x080085b9   Thumb Code    24  dunder.o(i.__mathlib_dbl_overflow)
    __mathlib_dbl_underflow                  0x080085d9   Thumb Code    24  dunder.o(i.__mathlib_dbl_underflow)
    __mathlib_narrow                         0x080085f9   Thumb Code    18  narrow.o(i.__mathlib_narrow)
    __support_ldexp                          0x0800860b   Thumb Code    20  ldexp.o(i.__support_ldexp)
    _is_digit                                0x0800861f   Thumb Code    14  __printf_wp.o(i._is_digit)
    assert_failed                            0x0800862d   Thumb Code     2  main.o(i.assert_failed)
    frexp                                    0x08008631   Thumb Code   118  frexp.o(i.frexp)
    main                                     0x080086bd   Thumb Code    78  main.o(i.main)
    osDelay                                  0x080087bd   Thumb Code    26  cmsis_os2.o(i.osDelay)
    osEventFlagsNew                          0x080087d7   Thumb Code    44  cmsis_os2.o(i.osEventFlagsNew)
    osEventFlagsSet                          0x08008805   Thumb Code    78  cmsis_os2.o(i.osEventFlagsSet)
    osEventFlagsWait                         0x08008859   Thumb Code    98  cmsis_os2.o(i.osEventFlagsWait)
    osKernelInitialize                       0x080088bd   Thumb Code    32  cmsis_os2.o(i.osKernelInitialize)
    osKernelStart                            0x080088e1   Thumb Code    48  cmsis_os2.o(i.osKernelStart)
    osMessageQueueGet                        0x08008919   Thumb Code    96  cmsis_os2.o(i.osMessageQueueGet)
    osMessageQueueGetSpace                   0x0800897d   Thumb Code    44  cmsis_os2.o(i.osMessageQueueGetSpace)
    osMessageQueueNew                        0x080089a9   Thumb Code    88  cmsis_os2.o(i.osMessageQueueNew)
    osMessageQueuePut                        0x08008a01   Thumb Code   100  cmsis_os2.o(i.osMessageQueuePut)
    osThreadNew                              0x08008a69   Thumb Code   138  cmsis_os2.o(i.osThreadNew)
    osTimerNew                               0x08008af5   Thumb Code   116  cmsis_os2.o(i.osTimerNew)
    pvPortMalloc                             0x0800940d   Thumb Code   216  heap_4.o(i.pvPortMalloc)
    pvTimerGetTimerID                        0x080094e9   Thumb Code    36  timers.o(i.pvTimerGetTimerID)
    pxPortInitialiseStack                    0x0800950d   Thumb Code    40  port.o(i.pxPortInitialiseStack)
    uxListRemove                             0x08009539   Thumb Code    38  list.o(i.uxListRemove)
    uxQueueSpacesAvailable                   0x0800955f   Thumb Code    40  queue.o(i.uxQueueSpacesAvailable)
    uxTaskResetEventItemValue                0x08009589   Thumb Code    20  tasks.o(i.uxTaskResetEventItemValue)
    vApplicationGetIdleTaskMemory            0x080095a1   Thumb Code    16  cmsis_os2.o(i.vApplicationGetIdleTaskMemory)
    vApplicationGetTimerTaskMemory           0x080095b5   Thumb Code    18  cmsis_os2.o(i.vApplicationGetTimerTaskMemory)
    vApplicationStackOverflowHook            0x080095cd   Thumb Code     2  freertos.o(i.vApplicationStackOverflowHook)
    vEventGroupSetBitsCallback               0x080095cf   Thumb Code     4  event_groups.o(i.vEventGroupSetBitsCallback)
    vListInitialise                          0x080095d3   Thumb Code    22  list.o(i.vListInitialise)
    vListInitialiseItem                      0x080095e9   Thumb Code     6  list.o(i.vListInitialiseItem)
    vListInsert                              0x080095ef   Thumb Code    48  list.o(i.vListInsert)
    vListInsertEnd                           0x0800961f   Thumb Code    24  list.o(i.vListInsertEnd)
    vPortEnterCritical                       0x08009639   Thumb Code    54  port.o(i.vPortEnterCritical)
    vPortExitCritical                        0x08009679   Thumb Code    34  port.o(i.vPortExitCritical)
    vPortFree                                0x080096a1   Thumb Code    94  heap_4.o(i.vPortFree)
    vPortSetupTimerInterrupt                 0x08009705   Thumb Code    32  port.o(i.vPortSetupTimerInterrupt)
    vPortValidateInterruptPriority           0x08009729   Thumb Code    74  port.o(i.vPortValidateInterruptPriority)
    vQueueAddToRegistry                      0x0800977d   Thumb Code    34  queue.o(i.vQueueAddToRegistry)
    vQueueWaitForMessageRestricted           0x080097a5   Thumb Code    68  queue.o(i.vQueueWaitForMessageRestricted)
    vTaskDelay                               0x080097e9   Thumb Code    66  tasks.o(i.vTaskDelay)
    vTaskInternalSetTimeOutState             0x08009835   Thumb Code    12  tasks.o(i.vTaskInternalSetTimeOutState)
    vTaskMissedYield                         0x08009845   Thumb Code     8  tasks.o(i.vTaskMissedYield)
    vTaskPlaceOnEventList                    0x08009851   Thumb Code    44  tasks.o(i.vTaskPlaceOnEventList)
    vTaskPlaceOnEventListRestricted          0x08009881   Thumb Code    52  tasks.o(i.vTaskPlaceOnEventListRestricted)
    vTaskPlaceOnUnorderedEventList           0x080098b9   Thumb Code    76  tasks.o(i.vTaskPlaceOnUnorderedEventList)
    vTaskRemoveFromUnorderedEventList        0x08009909   Thumb Code   102  tasks.o(i.vTaskRemoveFromUnorderedEventList)
    vTaskStartScheduler                      0x08009979   Thumb Code   118  tasks.o(i.vTaskStartScheduler)
    vTaskSuspendAll                          0x08009a01   Thumb Code    10  tasks.o(i.vTaskSuspendAll)
    vTaskSwitchContext                       0x08009a11   Thumb Code   132  tasks.o(i.vTaskSwitchContext)
    xEventGroupCreate                        0x08009a9d   Thumb Code    28  event_groups.o(i.xEventGroupCreate)
    xEventGroupCreateStatic                  0x08009ab9   Thumb Code    44  event_groups.o(i.xEventGroupCreateStatic)
    xEventGroupSetBits                       0x08009ae5   Thumb Code   140  event_groups.o(i.xEventGroupSetBits)
    xEventGroupSetBitsFromISR                0x08009b71   Thumb Code    12  event_groups.o(i.xEventGroupSetBitsFromISR)
    xEventGroupWaitBits                      0x08009b81   Thumb Code   260  event_groups.o(i.xEventGroupWaitBits)
    xPortStartScheduler                      0x08009c89   Thumb Code   222  port.o(i.xPortStartScheduler)
    xPortSysTickHandler                      0x08009d7d   Thumb Code    38  port.o(i.xPortSysTickHandler)
    xQueueGenericCreate                      0x08009da9   Thumb Code    66  queue.o(i.xQueueGenericCreate)
    xQueueGenericCreateStatic                0x08009deb   Thumb Code   102  queue.o(i.xQueueGenericCreateStatic)
    xQueueGenericReset                       0x08009e51   Thumb Code   132  queue.o(i.xQueueGenericReset)
    xQueueGenericSend                        0x08009ed9   Thumb Code   346  queue.o(i.xQueueGenericSend)
    xQueueGenericSendFromISR                 0x0800a039   Thumb Code   190  queue.o(i.xQueueGenericSendFromISR)
    xQueueReceive                            0x0800a0f9   Thumb Code   308  queue.o(i.xQueueReceive)
    xQueueReceiveFromISR                     0x0800a231   Thumb Code   154  queue.o(i.xQueueReceiveFromISR)
    xTaskCheckForTimeOut                     0x0800a2cd   Thumb Code   112  tasks.o(i.xTaskCheckForTimeOut)
    xTaskCreate                              0x0800a341   Thumb Code    90  tasks.o(i.xTaskCreate)
    xTaskCreateStatic                        0x0800a39b   Thumb Code    86  tasks.o(i.xTaskCreateStatic)
    xTaskGetSchedulerState                   0x0800a3f1   Thumb Code    22  tasks.o(i.xTaskGetSchedulerState)
    xTaskGetTickCount                        0x0800a40d   Thumb Code     6  tasks.o(i.xTaskGetTickCount)
    xTaskIncrementTick                       0x0800a419   Thumb Code   192  tasks.o(i.xTaskIncrementTick)
    xTaskPriorityDisinherit                  0x0800a4e1   Thumb Code   118  tasks.o(i.xTaskPriorityDisinherit)
    xTaskRemoveFromEventList                 0x0800a561   Thumb Code    98  tasks.o(i.xTaskRemoveFromEventList)
    xTaskResumeAll                           0x0800a5d1   Thumb Code   182  tasks.o(i.xTaskResumeAll)
    xTimerCreate                             0x0800a695   Thumb Code    52  timers.o(i.xTimerCreate)
    xTimerCreateStatic                       0x0800a6c9   Thumb Code    46  timers.o(i.xTimerCreateStatic)
    xTimerCreateTimerTask                    0x0800a6f9   Thumb Code    78  timers.o(i.xTimerCreateTimerTask)
    xTimerGenericCommand                     0x0800a759   Thumb Code    98  timers.o(i.xTimerGenericCommand)
    xTimerPendFunctionCallFromISR            0x0800a7c1   Thumb Code    34  timers.o(i.xTimerPendFunctionCallFromISR)
    _get_lc_numeric                          0x0800a7e9   Thumb Code    44  lc_numeric_c.o(locale$$code)
    _get_lc_ctype                            0x0800a815   Thumb Code    44  lc_ctype_c.o(locale$$code)
    __aeabi_d2f                              0x0800a841   Thumb Code     0  d2f.o(x$fpl$d2f)
    _d2f                                     0x0800a841   Thumb Code    98  d2f.o(x$fpl$d2f)
    __fpl_dcheck_NaN1                        0x0800a8a5   Thumb Code    10  dcheck1.o(x$fpl$dcheck1)
    __fpl_dcmp_Inf                           0x0800a8b5   Thumb Code    24  dcmpi.o(x$fpl$dcmpinf)
    __aeabi_cdcmpeq                          0x0800a8cd   Thumb Code     0  deqf.o(x$fpl$deqf)
    _dcmpeq                                  0x0800a8cd   Thumb Code   120  deqf.o(x$fpl$deqf)
    __aeabi_cdcmple                          0x0800a945   Thumb Code     0  dleqf.o(x$fpl$dleqf)
    _dcmple                                  0x0800a945   Thumb Code   120  dleqf.o(x$fpl$dleqf)
    __fpl_dcmple_InfNaN                      0x0800a9a7   Thumb Code     0  dleqf.o(x$fpl$dleqf)
    __aeabi_dmul                             0x0800a9bd   Thumb Code     0  dmul.o(x$fpl$dmul)
    _dmul                                    0x0800a9bd   Thumb Code   332  dmul.o(x$fpl$dmul)
    __fpl_dnaninf                            0x0800ab11   Thumb Code   156  dnaninf.o(x$fpl$dnaninf)
    __fpl_dretinf                            0x0800abad   Thumb Code    12  dretinf.o(x$fpl$dretinf)
    __aeabi_cdrcmple                         0x0800abb9   Thumb Code     0  drleqf.o(x$fpl$drleqf)
    _drcmple                                 0x0800abb9   Thumb Code   108  drleqf.o(x$fpl$drleqf)
    __aeabi_f2d                              0x0800ac25   Thumb Code     0  f2d.o(x$fpl$f2d)
    _f2d                                     0x0800ac25   Thumb Code    86  f2d.o(x$fpl$f2d)
    __fpl_fnaninf                            0x0800ac7b   Thumb Code   140  fnaninf.o(x$fpl$fnaninf)
    _fp_init                                 0x0800ad07   Thumb Code    10  fpinit.o(x$fpl$fpinit)
    __fplib_config_fpu_vfp                   0x0800ad0f   Thumb Code     0  fpinit.o(x$fpl$fpinit)
    __fplib_config_pureend_doubles           0x0800ad0f   Thumb Code     0  fpinit.o(x$fpl$fpinit)
    __fpl_fretinf                            0x0800ad11   Thumb Code    10  fretinf.o(x$fpl$fretinf)
    __ieee_status                            0x0800ad1b   Thumb Code     6  istatus.o(x$fpl$ieeestatus)
    _printf_fp_dec                           0x0800ad21   Thumb Code     4  printf1.o(x$fpl$printf1)
    __fpl_return_NaN                         0x0800ad25   Thumb Code   100  retnan.o(x$fpl$retnan)
    __ARM_scalbn                             0x0800ad89   Thumb Code    92  scalbn.o(x$fpl$scalbn)
    _scanf_real                              0x0800ade5   Thumb Code     4  scanf1.o(x$fpl$scanf1)
    _scanf_hex_real                          0x0800ade9   Thumb Code     4  scanf2.o(x$fpl$scanf2)
    _scanf_infnan                            0x0800aded   Thumb Code     4  scanf2.o(x$fpl$scanf2)
    __fpl_cmpreturn                          0x0800adf1   Thumb Code    48  trapv.o(x$fpl$trapveneer)
    __I$use$fp                               0x0800ae20   Number         0  usenofp.o(x$fpl$usenofp)
    Task_FlightCtrl_attributes               0x0800ae48   Data          36  freertos.o(.constdata)
    Task_IMU2_RDD_attributes                 0x0800ae6c   Data          36  freertos.o(.constdata)
    Task_RC_LINK_attributes                  0x0800ae90   Data          36  freertos.o(.constdata)
    Task_Nav_attributes                      0x0800aeb4   Data          36  freertos.o(.constdata)
    Task_Blackbox_attributes                 0x0800aed8   Data          36  freertos.o(.constdata)
    Task_Telemetry_attributes                0x0800aefc   Data          36  freertos.o(.constdata)
    Task_PowerMonit_attributes               0x0800af20   Data          36  freertos.o(.constdata)
    Task_Indicator_attributes                0x0800af44   Data          36  freertos.o(.constdata)
    Task_IWDG_Feed_attributes                0x0800af68   Data          36  freertos.o(.constdata)
    BlackboxLogQueue_attributes              0x0800af8c   Data          24  freertos.o(.constdata)
    RCChannelMailbox_attributes              0x0800afa4   Data          24  freertos.o(.constdata)
    NavStateMailbox_attributes               0x0800afbc   Data          24  freertos.o(.constdata)
    IndicatorEventQueue_attributes           0x0800afd4   Data          24  freertos.o(.constdata)
    MagDataMailbox_attributes                0x0800afec   Data          24  freertos.o(.constdata)
    NavCommandQueue_attributes               0x0800b004   Data          24  freertos.o(.constdata)
    RC_FailsafeTimer_attributes              0x0800b01c   Data          16  freertos.o(.constdata)
    SystemReadyEventGroup_attributes         0x0800b02c   Data          16  freertos.o(.constdata)
    AHBPrescTable                            0x0800b044   Data          16  system_stm32f4xx.o(.constdata)
    APBPrescTable                            0x0800b054   Data           8  system_stm32f4xx.o(.constdata)
    Region$$Table$$Base                      0x0800b214   Number         0  anon$$obj.o(Region$$Table)
    Region$$Table$$Limit                     0x0800b254   Number         0  anon$$obj.o(Region$$Table)
    __aeabi_HUGE_VAL                         0x0800b254   Data           0  fpconst.o(c$$dinf)
    __aeabi_HUGE_VALL                        0x0800b254   Data           0  fpconst.o(c$$dinf)
    __aeabi_INFINITY                         0x0800b254   Data           0  fpconst.o(c$$dinf)
    __dInf                                   0x0800b254   Data           0  fpconst.o(c$$dinf)
    __huge_val                               0x0800b254   Data           0  fpconst.o(c$$dinf)
    __dbl_max                                0x0800b25c   Data           0  fpconst.o(c$$dmax)
    __ctype                                  0x0800b28d   Data           0  lc_ctype_c.o(locale$$data)
    g_icmDataReadyEvtId                      0x10000004   Data           4  bsp_icm42688.o(.data)
    Task_FlightCtrlHandle                    0x10000008   Data           4  freertos.o(.data)
    Task_IMU2_RDDHandle                      0x1000000c   Data           4  freertos.o(.data)
    Task_RC_LINKHandle                       0x10000010   Data           4  freertos.o(.data)
    Task_NavHandle                           0x10000014   Data           4  freertos.o(.data)
    Task_BlackboxHandle                      0x10000018   Data           4  freertos.o(.data)
    Task_TelemetryHandle                     0x1000001c   Data           4  freertos.o(.data)
    Task_PowerMonitHandle                    0x10000020   Data           4  freertos.o(.data)
    Task_IndicatorHandle                     0x10000024   Data           4  freertos.o(.data)
    Task_IWDG_FeedHandle                     0x10000028   Data           4  freertos.o(.data)
    BlackboxLogQueueHandle                   0x1000002c   Data           4  freertos.o(.data)
    RCChannelMailboxHandle                   0x10000030   Data           4  freertos.o(.data)
    NavStateMailboxHandle                    0x10000034   Data           4  freertos.o(.data)
    IndicatorEventQueueHandle                0x10000038   Data           4  freertos.o(.data)
    MagDataMailboxHandle                     0x1000003c   Data           4  freertos.o(.data)
    NavCommandQueueHandle                    0x10000040   Data           4  freertos.o(.data)
    RC_FailsafeTimerHandle                   0x10000044   Data           4  freertos.o(.data)
    SystemReadyEventGroupHandle              0x10000048   Data           4  freertos.o(.data)
    uwTickFreq                               0x1000004c   Data           1  stm32f4xx_hal.o(.data)
    uwTickPrio                               0x10000050   Data           4  stm32f4xx_hal.o(.data)
    uwTick                                   0x10000054   Data           4  stm32f4xx_hal.o(.data)
    SystemCoreClock                          0x10000058   Data           4  system_stm32f4xx.o(.data)
    pxCurrentTCB                             0x1000005c   Data           4  tasks.o(.data)
    hadc1                                    0x100000d8   Data          72  adc.o(.bss)
    hi2c1                                    0x10000120   Data          84  i2c.o(.bss)
    hiwdg                                    0x10000174   Data          12  iwdg.o(.bss)
    hspi1                                    0x10000180   Data          88  spi.o(.bss)
    hspi2                                    0x100001d8   Data          88  spi.o(.bss)
    hspi3                                    0x10000230   Data          88  spi.o(.bss)
    hdma_spi2_rx                             0x10000288   Data          96  spi.o(.bss)
    hdma_spi2_tx                             0x100002e8   Data          96  spi.o(.bss)
    htim1                                    0x10000348   Data          72  tim.o(.bss)
    htim3                                    0x10000390   Data          72  tim.o(.bss)
    hdma_tim1_up                             0x100003d8   Data          96  tim.o(.bss)
    g_imu_health                             0x20000008   Data           8  app_imu2_redundancy.o(.data)
    USER_Driver                              0x2000001c   Data          20  user_diskio.o(.data)
    retUSER                                  0x20000030   Data           1  fatfs.o(.data)
    USERPath                                 0x20000031   Data           4  fatfs.o(.data)
    BlackboxLogQueueBuffer                   0x200002b0   Data         456  freertos.o(.bss)
    BlackboxLogQueueCB                       0x20000478   Data          80  freertos.o(.bss)
    huart4                                   0x200004c8   Data          68  usart.o(.bss)
    huart2                                   0x2000050c   Data          68  usart.o(.bss)
    huart3                                   0x20000550   Data          68  usart.o(.bss)
    hdma_uart4_rx                            0x20000594   Data          96  usart.o(.bss)
    hdma_usart2_rx                           0x200005f4   Data          96  usart.o(.bss)
    hdma_usart2_tx                           0x20000654   Data          96  usart.o(.bss)
    htim6                                    0x200006b4   Data          72  stm32f4xx_hal_timebase_tim.o(.bss)
    disk                                     0x200006fc   Data          12  ff_gen_drv.o(.bss)
    xQueueRegistry                           0x20000708   Data          64  queue.o(.bss)
    __libspace_start                         0x2000d3dc   Data          96  libspace.o(.bss)
    __temporary_stack_top$libspace           0x2000d43c   Data           0  libspace.o(.bss)



==============================================================================

Memory Map of the image

  Image Entry point : 0x08000189

  Load Region LR_IROM1 (Base: 0x08000000, Size: 0x0000b4a4, Max: 0x00100000, ABSOLUTE)

    Execution Region ER_IROM1 (Exec base: 0x08000000, Load base: 0x08000000, Size: 0x0000b390, Max: 0x00100000, ABSOLUTE)

    Exec Addr    Load Addr    Size         Type   Attr      Idx    E Section Name        Object

    0x08000000   0x08000000   0x00000188   Data   RO          773    RESET               startup_stm32f405xx.o
    0x08000188   0x08000188   0x00000008   Code   RO         7453  * !!!main             c_w.l(__main.o)
    0x08000190   0x08000190   0x00000034   Code   RO         7816    !!!scatter          c_w.l(__scatter.o)
    0x080001c4   0x080001c4   0x0000001a   Code   RO         7818    !!handler_copy      c_w.l(__scatter_copy.o)
    0x080001de   0x080001de   0x00000002   PAD
    0x080001e0   0x080001e0   0x0000001c   Code   RO         7820    !!handler_zi        c_w.l(__scatter_zi.o)
    0x080001fc   0x080001fc   0x00000000   Code   RO         7430    .ARM.Collect$$_printf_percent$$00000000  c_w.l(_printf_percent.o)
    0x080001fc   0x080001fc   0x00000006   Code   RO         7429    .ARM.Collect$$_printf_percent$$00000003  c_w.l(_printf_f.o)
    0x08000202   0x08000202   0x00000004   Code   RO         7487    .ARM.Collect$$_printf_percent$$00000017  c_w.l(_printf_percent_end.o)
    0x08000206   0x08000206   0x00000002   Code   RO         7598    .ARM.Collect$$libinit$$00000000  c_w.l(libinit.o)
    0x08000208   0x08000208   0x00000004   Code   RO         7599    .ARM.Collect$$libinit$$00000001  c_w.l(libinit2.o)
    0x0800020c   0x0800020c   0x00000000   Code   RO         7602    .ARM.Collect$$libinit$$00000004  c_w.l(libinit2.o)
    0x0800020c   0x0800020c   0x00000000   Code   RO         7605    .ARM.Collect$$libinit$$0000000A  c_w.l(libinit2.o)
    0x0800020c   0x0800020c   0x00000000   Code   RO         7607    .ARM.Collect$$libinit$$0000000C  c_w.l(libinit2.o)
    0x0800020c   0x0800020c   0x00000000   Code   RO         7609    .ARM.Collect$$libinit$$0000000E  c_w.l(libinit2.o)
    0x0800020c   0x0800020c   0x00000006   Code   RO         7610    .ARM.Collect$$libinit$$0000000F  c_w.l(libinit2.o)
    0x08000212   0x08000212   0x00000000   Code   RO         7612    .ARM.Collect$$libinit$$00000011  c_w.l(libinit2.o)
    0x08000212   0x08000212   0x0000000c   Code   RO         7613    .ARM.Collect$$libinit$$00000012  c_w.l(libinit2.o)
    0x0800021e   0x0800021e   0x00000000   Code   RO         7614    .ARM.Collect$$libinit$$00000013  c_w.l(libinit2.o)
    0x0800021e   0x0800021e   0x00000000   Code   RO         7616    .ARM.Collect$$libinit$$00000015  c_w.l(libinit2.o)
    0x0800021e   0x0800021e   0x0000000a   Code   RO         7617    .ARM.Collect$$libinit$$00000016  c_w.l(libinit2.o)
    0x08000228   0x08000228   0x00000000   Code   RO         7618    .ARM.Collect$$libinit$$00000017  c_w.l(libinit2.o)
    0x08000228   0x08000228   0x00000000   Code   RO         7620    .ARM.Collect$$libinit$$00000019  c_w.l(libinit2.o)
    0x08000228   0x08000228   0x00000000   Code   RO         7622    .ARM.Collect$$libinit$$0000001B  c_w.l(libinit2.o)
    0x08000228   0x08000228   0x00000000   Code   RO         7624    .ARM.Collect$$libinit$$0000001D  c_w.l(libinit2.o)
    0x08000228   0x08000228   0x00000000   Code   RO         7626    .ARM.Collect$$libinit$$0000001F  c_w.l(libinit2.o)
    0x08000228   0x08000228   0x00000000   Code   RO         7628    .ARM.Collect$$libinit$$00000021  c_w.l(libinit2.o)
    0x08000228   0x08000228   0x00000000   Code   RO         7630    .ARM.Collect$$libinit$$00000023  c_w.l(libinit2.o)
    0x08000228   0x08000228   0x00000000   Code   RO         7632    .ARM.Collect$$libinit$$00000025  c_w.l(libinit2.o)
    0x08000228   0x08000228   0x00000000   Code   RO         7636    .ARM.Collect$$libinit$$0000002C  c_w.l(libinit2.o)
    0x08000228   0x08000228   0x00000000   Code   RO         7638    .ARM.Collect$$libinit$$0000002E  c_w.l(libinit2.o)
    0x08000228   0x08000228   0x00000000   Code   RO         7640    .ARM.Collect$$libinit$$00000030  c_w.l(libinit2.o)
    0x08000228   0x08000228   0x00000000   Code   RO         7642    .ARM.Collect$$libinit$$00000032  c_w.l(libinit2.o)
    0x08000228   0x08000228   0x00000002   Code   RO         7643    .ARM.Collect$$libinit$$00000033  c_w.l(libinit2.o)
    0x0800022a   0x0800022a   0x00000002   Code   RO         7724    .ARM.Collect$$libshutdown$$00000000  c_w.l(libshutdown.o)
    0x0800022c   0x0800022c   0x00000000   Code   RO         7764    .ARM.Collect$$libshutdown$$00000002  c_w.l(libshutdown2.o)
    0x0800022c   0x0800022c   0x00000000   Code   RO         7766    .ARM.Collect$$libshutdown$$00000004  c_w.l(libshutdown2.o)
    0x0800022c   0x0800022c   0x00000000   Code   RO         7768    .ARM.Collect$$libshutdown$$00000006  c_w.l(libshutdown2.o)
    0x0800022c   0x0800022c   0x00000000   Code   RO         7771    .ARM.Collect$$libshutdown$$00000009  c_w.l(libshutdown2.o)
    0x0800022c   0x0800022c   0x00000000   Code   RO         7774    .ARM.Collect$$libshutdown$$0000000C  c_w.l(libshutdown2.o)
    0x0800022c   0x0800022c   0x00000000   Code   RO         7776    .ARM.Collect$$libshutdown$$0000000E  c_w.l(libshutdown2.o)
    0x0800022c   0x0800022c   0x00000000   Code   RO         7779    .ARM.Collect$$libshutdown$$00000011  c_w.l(libshutdown2.o)
    0x0800022c   0x0800022c   0x00000002   Code   RO         7780    .ARM.Collect$$libshutdown$$00000012  c_w.l(libshutdown2.o)
    0x0800022e   0x0800022e   0x00000000   Code   RO         7467    .ARM.Collect$$rtentry$$00000000  c_w.l(__rtentry.o)
    0x0800022e   0x0800022e   0x00000000   Code   RO         7507    .ARM.Collect$$rtentry$$00000002  c_w.l(__rtentry2.o)
    0x0800022e   0x0800022e   0x00000006   Code   RO         7519    .ARM.Collect$$rtentry$$00000004  c_w.l(__rtentry4.o)
    0x08000234   0x08000234   0x00000000   Code   RO         7509    .ARM.Collect$$rtentry$$00000009  c_w.l(__rtentry2.o)
    0x08000234   0x08000234   0x00000004   Code   RO         7510    .ARM.Collect$$rtentry$$0000000A  c_w.l(__rtentry2.o)
    0x08000238   0x08000238   0x00000000   Code   RO         7512    .ARM.Collect$$rtentry$$0000000C  c_w.l(__rtentry2.o)
    0x08000238   0x08000238   0x00000008   Code   RO         7513    .ARM.Collect$$rtentry$$0000000D  c_w.l(__rtentry2.o)
    0x08000240   0x08000240   0x00000002   Code   RO         7644    .ARM.Collect$$rtexit$$00000000  c_w.l(rtexit.o)
    0x08000242   0x08000242   0x00000000   Code   RO         7677    .ARM.Collect$$rtexit$$00000002  c_w.l(rtexit2.o)
    0x08000242   0x08000242   0x00000004   Code   RO         7678    .ARM.Collect$$rtexit$$00000003  c_w.l(rtexit2.o)
    0x08000246   0x08000246   0x00000006   Code   RO         7679    .ARM.Collect$$rtexit$$00000004  c_w.l(rtexit2.o)
    0x0800024c   0x0800024c   0x000000be   Code   RO         7320    .emb_text           port.o
    0x0800030a   0x0800030a   0x00000002   PAD
    0x0800030c   0x0800030c   0x00000040   Code   RO          774    .text               startup_stm32f405xx.o
    0x0800034c   0x0800034c   0x000000ee   Code   RO         7399    .text               c_w.l(lludivv7m.o)
    0x0800043a   0x0800043a   0x00000048   Code   RO         7401    .text               c_w.l(llsdiv.o)
    0x08000482   0x08000482   0x00000002   PAD
    0x08000484   0x08000484   0x00000038   Code   RO         7403    .text               c_w.l(__2snprintf.o)
    0x080004bc   0x080004bc   0x0000010e   Code   RO         7417    .text               c_w.l(__printf_wp.o)
    0x080005ca   0x080005ca   0x0000001a   Code   RO         7431    .text               c_w.l(atoi.o)
    0x080005e4   0x080005e4   0x00000014   Code   RO         7433    .text               c_w.l(strchr.o)
    0x080005f8   0x080005f8   0x00000014   Code   RO         7435    .text               c_w.l(memchr.o)
    0x0800060c   0x0800060c   0x00000096   Code   RO         7437    .text               c_w.l(strncmp.o)
    0x080006a2   0x080006a2   0x0000008a   Code   RO         7439    .text               c_w.l(rt_memcpy_v6.o)
    0x0800072c   0x0800072c   0x00000064   Code   RO         7441    .text               c_w.l(rt_memcpy_w.o)
    0x08000790   0x08000790   0x00000010   Code   RO         7445    .text               c_w.l(aeabi_memset.o)
    0x080007a0   0x080007a0   0x0000004e   Code   RO         7447    .text               c_w.l(rt_memclr_w.o)
    0x080007ee   0x080007ee   0x00000056   Code   RO         7449    .text               c_w.l(strncpy.o)
    0x08000844   0x08000844   0x00000006   Code   RO         7451    .text               c_w.l(heapauxi.o)
    0x0800084a   0x0800084a   0x00000002   PAD
    0x0800084c   0x0800084c   0x00000008   Code   RO         7475    .text               c_w.l(rt_errno_addr_intlibspace.o)
    0x08000854   0x08000854   0x00000016   Code   RO         7477    .text               c_w.l(_rserrno.o)
    0x0800086a   0x0800086a   0x0000041e   Code   RO         7479    .text               c_w.l(_printf_fp_dec.o)
    0x08000c88   0x08000c88   0x00000030   Code   RO         7481    .text               c_w.l(_printf_char_common.o)
    0x08000cb8   0x08000cb8   0x0000000a   Code   RO         7483    .text               c_w.l(_sputc.o)
    0x08000cc2   0x08000cc2   0x00000010   Code   RO         7485    .text               c_w.l(_snputc.o)
    0x08000cd2   0x08000cd2   0x00000002   PAD
    0x08000cd4   0x08000cd4   0x000000a4   Code   RO         7488    .text               c_w.l(strtod.o)
    0x08000d78   0x08000d78   0x00000070   Code   RO         7490    .text               c_w.l(strtol.o)
    0x08000de8   0x08000de8   0x00000044   Code   RO         7492    .text               c_w.l(rt_memclr.o)
    0x08000e2c   0x08000e2c   0x00000008   Code   RO         7503    .text               c_w.l(libspace.o)
    0x08000e34   0x08000e34   0x00000010   Code   RO         7521    .text               c_w.l(rt_ctype_table.o)
    0x08000e44   0x08000e44   0x00000008   Code   RO         7528    .text               c_w.l(rt_locale_intlibspace.o)
    0x08000e4c   0x08000e4c   0x0000008a   Code   RO         7530    .text               c_w.l(lludiv10.o)
    0x08000ed6   0x08000ed6   0x00000012   Code   RO         7532    .text               c_w.l(isspace.o)
    0x08000ee8   0x08000ee8   0x00000080   Code   RO         7534    .text               c_w.l(_printf_fp_infnan.o)
    0x08000f68   0x08000f68   0x00000040   Code   RO         7538    .text               c_w.l(_sgetc.o)
    0x08000fa8   0x08000fa8   0x0000009e   Code   RO         7540    .text               c_w.l(_strtoul.o)
    0x08001046   0x08001046   0x00000002   PAD
    0x08001048   0x08001048   0x000000e4   Code   RO         7542    .text               c_w.l(bigflt0.o)
    0x0800112c   0x0800112c   0x0000004a   Code   RO         7576    .text               c_w.l(sys_stackheap_outer.o)
    0x08001176   0x08001176   0x0000001c   Code   RO         7578    .text               c_w.l(_chval.o)
    0x08001192   0x08001192   0x00000002   PAD
    0x08001194   0x08001194   0x000004f8   Code   RO         7580    .text               c_w.l(scanf_fp.o)
    0x0800168c   0x0800168c   0x00000012   Code   RO         7585    .text               c_w.l(exit.o)
    0x0800169e   0x0800169e   0x00000002   PAD
    0x080016a0   0x080016a0   0x00000080   Code   RO         7591    .text               c_w.l(strcmpv7m.o)
    0x08001720   0x08001720   0x0000000c   Code   RO         7674    .text               c_w.l(sys_exit.o)
    0x0800172c   0x0800172c   0x00000320   Code   RO         7683    .text               c_w.l(scanf_hexfp.o)
    0x08001a4c   0x08001a4c   0x00000134   Code   RO         7685    .text               c_w.l(scanf_infnan.o)
    0x08001b80   0x08001b80   0x00000002   Code   RO         7709    .text               c_w.l(use_no_semi.o)
    0x08001b82   0x08001b82   0x00000000   Code   RO         7711    .text               c_w.l(indicate_semi.o)
    0x08001b82   0x08001b82   0x00000026   Code   RO         7714    .text               c_w.l(llshl.o)
    0x08001ba8   0x08001ba8   0x0000003e   Code   RO         7545    CL$$btod_d2e        c_w.l(btod.o)
    0x08001be6   0x08001be6   0x00000046   Code   RO         7547    CL$$btod_d2e_denorm_low  c_w.l(btod.o)
    0x08001c2c   0x08001c2c   0x00000060   Code   RO         7546    CL$$btod_d2e_norm_op1  c_w.l(btod.o)
    0x08001c8c   0x08001c8c   0x00000338   Code   RO         7555    CL$$btod_div_common  c_w.l(btod.o)
    0x08001fc4   0x08001fc4   0x00000084   Code   RO         7553    CL$$btod_e2d        c_w.l(btod.o)
    0x08002048   0x08002048   0x000000dc   Code   RO         7552    CL$$btod_e2e        c_w.l(btod.o)
    0x08002124   0x08002124   0x0000002a   Code   RO         7549    CL$$btod_ediv       c_w.l(btod.o)
    0x0800214e   0x0800214e   0x0000002a   Code   RO         7551    CL$$btod_edivd      c_w.l(btod.o)
    0x08002178   0x08002178   0x0000002a   Code   RO         7548    CL$$btod_emul       c_w.l(btod.o)
    0x080021a2   0x080021a2   0x0000002a   Code   RO         7550    CL$$btod_emuld      c_w.l(btod.o)
    0x080021cc   0x080021cc   0x00000244   Code   RO         7554    CL$$btod_mult_common  c_w.l(btod.o)
    0x08002410   0x08002410   0x00000178   Code   RO         1620    i.ADC_Init          stm32f4xx_hal_adc.o
    0x08002588   0x08002588   0x00000014   Code   RO          193    i.App_FlightCtrl_Task  app_flightctrl.o
    0x0800259c   0x0800259c   0x00000124   Code   RO          307    i.App_Nav_Task      app_nav.o
    0x080026c0   0x080026c0   0x00000002   Code   RO         1340    i.BusFault_Handler  stm32f4xx_it.o
    0x080026c2   0x080026c2   0x00000002   PAD
    0x080026c4   0x080026c4   0x000000bc   Code   RO          236    i.CrossCheck_IsAbnormal  app_imu2_redundancy.o
    0x08002780   0x08002780   0x0000000c   Code   RO         1341    i.DMA1_Stream2_IRQHandler  stm32f4xx_it.o
    0x0800278c   0x0800278c   0x0000000c   Code   RO         1342    i.DMA1_Stream3_IRQHandler  stm32f4xx_it.o
    0x08002798   0x08002798   0x0000000c   Code   RO         1343    i.DMA1_Stream4_IRQHandler  stm32f4xx_it.o
    0x080027a4   0x080027a4   0x0000000c   Code   RO         1344    i.DMA1_Stream5_IRQHandler  stm32f4xx_it.o
    0x080027b0   0x080027b0   0x0000000c   Code   RO         1345    i.DMA1_Stream6_IRQHandler  stm32f4xx_it.o
    0x080027bc   0x080027bc   0x0000000c   Code   RO         1346    i.DMA2_Stream5_IRQHandler  stm32f4xx_it.o
    0x080027c8   0x080027c8   0x00000028   Code   RO         2369    i.DMA_CalcBaseAndBitshift  stm32f4xx_hal_dma.o
    0x080027f0   0x080027f0   0x00000054   Code   RO         2370    i.DMA_CheckFifoParam  stm32f4xx_hal_dma.o
    0x08002844   0x08002844   0x00000028   Code   RO         2371    i.DMA_SetConfig     stm32f4xx_hal_dma.o
    0x0800286c   0x0800286c   0x0000002c   Code   RO          237    i.DWT_Init          app_imu2_redundancy.o
    0x08002898   0x08002898   0x0000006c   Code   RO          238    i.DWT_MeasureDt     app_imu2_redundancy.o
    0x08002904   0x08002904   0x00000002   Code   RO         1347    i.DebugMon_Handler  stm32f4xx_it.o
    0x08002906   0x08002906   0x00000002   PAD
    0x08002908   0x08002908   0x00000128   Code   RO          599    i.DebugUart_PrintImuDiff  bsp_debug_uart.o
    0x08002a30   0x08002a30   0x00000008   Code   RO         1348    i.EXTI15_10_IRQHandler  stm32f4xx_it.o
    0x08002a38   0x08002a38   0x00000006   Code   RO         1349    i.EXTI4_IRQHandler  stm32f4xx_it.o
    0x08002a3e   0x08002a3e   0x00000004   Code   RO          781    i.Error_Handler     main.o
    0x08002a42   0x08002a42   0x00000006   Code   RO         5562    i.FATFS_LinkDriver  ff_gen_drv.o
    0x08002a48   0x08002a48   0x00000040   Code   RO         5563    i.FATFS_LinkDriverEx  ff_gen_drv.o
    0x08002a88   0x08002a88   0x0000000c   Code   RO          405    i.GPS_CopyDataTo    bsp_gps.o
    0x08002a94   0x08002a94   0x00000028   Code   RO          407    i.GPS_Init          bsp_gps.o
    0x08002abc   0x08002abc   0x00000084   Code   RO          408    i.GPS_Parse         bsp_gps.o
    0x08002b40   0x08002b40   0x0000004c   Code   RO          409    i.GPS_Poll          bsp_gps.o
    0x08002b8c   0x08002b8c   0x0000002c   Code   RO          410    i.GPS_SetHome       bsp_gps.o
    0x08002bb8   0x08002bb8   0x000001d4   Code   RO         1622    i.HAL_ADC_ConfigChannel  stm32f4xx_hal_adc.o
    0x08002d8c   0x08002d8c   0x00000220   Code   RO         1631    i.HAL_ADC_Init      stm32f4xx_hal_adc.o
    0x08002fac   0x08002fac   0x00000060   Code   RO         1011    i.HAL_ADC_MspInit   adc.o
    0x0800300c   0x0800300c   0x00000092   Code   RO         2372    i.HAL_DMA_Abort     stm32f4xx_hal_dma.o
    0x0800309e   0x0800309e   0x00000024   Code   RO         2373    i.HAL_DMA_Abort_IT  stm32f4xx_hal_dma.o
    0x080030c2   0x080030c2   0x00000002   PAD
    0x080030c4   0x080030c4   0x000001a0   Code   RO         2377    i.HAL_DMA_IRQHandler  stm32f4xx_hal_dma.o
    0x08003264   0x08003264   0x000002e0   Code   RO         2378    i.HAL_DMA_Init      stm32f4xx_hal_dma.o
    0x08003544   0x08003544   0x000000c8   Code   RO         2382    i.HAL_DMA_Start_IT  stm32f4xx_hal_dma.o
    0x0800360c   0x0800360c   0x00000024   Code   RO         2791    i.HAL_Delay         stm32f4xx_hal.o
    0x08003630   0x08003630   0x00000016   Code   RO          747    i.HAL_GPIO_EXTI_Callback  bsp_gpio_dispatch.o
    0x08003646   0x08003646   0x00000002   PAD
    0x08003648   0x08003648   0x00000018   Code   RO         2264    i.HAL_GPIO_EXTI_IRQHandler  stm32f4xx_hal_gpio.o
    0x08003660   0x08003660   0x000002f4   Code   RO         2265    i.HAL_GPIO_Init     stm32f4xx_hal_gpio.o
    0x08003954   0x08003954   0x0000006c   Code   RO         2269    i.HAL_GPIO_WritePin  stm32f4xx_hal_gpio.o
    0x080039c0   0x080039c0   0x0000000c   Code   RO         2797    i.HAL_GetTick       stm32f4xx_hal.o
    0x080039cc   0x080039cc   0x00000288   Code   RO         3053    i.HAL_I2C_Init      stm32f4xx_hal_i2c.o
    0x08003c54   0x08003c54   0x00000240   Code   RO         3071    i.HAL_I2C_Mem_Read  stm32f4xx_hal_i2c.o
    0x08003e94   0x08003e94   0x0000017c   Code   RO         3074    i.HAL_I2C_Mem_Write  stm32f4xx_hal_i2c.o
    0x08004010   0x08004010   0x00000068   Code   RO         1077    i.HAL_I2C_MspInit   i2c.o
    0x08004078   0x08004078   0x000000e0   Code   RO         3492    i.HAL_IWDG_Init     stm32f4xx_hal_iwdg.o
    0x08004158   0x08004158   0x00000010   Code   RO         2803    i.HAL_IncTick       stm32f4xx_hal.o
    0x08004168   0x08004168   0x00000034   Code   RO         2804    i.HAL_Init          stm32f4xx_hal.o
    0x0800419c   0x0800419c   0x00000074   Code   RO         1482    i.HAL_InitTick      stm32f4xx_hal_timebase_tim.o
    0x08004210   0x08004210   0x00000038   Code   RO         1458    i.HAL_MspInit       stm32f4xx_hal_msp.o
    0x08004248   0x08004248   0x00000064   Code   RO         2654    i.HAL_NVIC_EnableIRQ  stm32f4xx_hal_cortex.o
    0x080042ac   0x080042ac   0x000000a0   Code   RO         2660    i.HAL_NVIC_SetPriority  stm32f4xx_hal_cortex.o
    0x0800434c   0x0800434c   0x00000080   Code   RO         2661    i.HAL_NVIC_SetPriorityGrouping  stm32f4xx_hal_cortex.o
    0x080043cc   0x080043cc   0x0000024c   Code   RO         1896    i.HAL_RCC_ClockConfig  stm32f4xx_hal_rcc.o
    0x08004618   0x08004618   0x00000040   Code   RO         1900    i.HAL_RCC_GetClockConfig  stm32f4xx_hal_rcc.o
    0x08004658   0x08004658   0x00000020   Code   RO         1903    i.HAL_RCC_GetPCLK1Freq  stm32f4xx_hal_rcc.o
    0x08004678   0x08004678   0x00000020   Code   RO         1904    i.HAL_RCC_GetPCLK2Freq  stm32f4xx_hal_rcc.o
    0x08004698   0x08004698   0x0000004c   Code   RO         1905    i.HAL_RCC_GetSysClockFreq  stm32f4xx_hal_rcc.o
    0x080046e4   0x080046e4   0x000004a8   Code   RO         1908    i.HAL_RCC_OscConfig  stm32f4xx_hal_rcc.o
    0x08004b8c   0x08004b8c   0x0000024c   Code   RO         3533    i.HAL_SPI_Init      stm32f4xx_hal_spi.o
    0x08004dd8   0x08004dd8   0x0000014c   Code   RO         1167    i.HAL_SPI_MspInit   spi.o
    0x08004f24   0x08004f24   0x00000228   Code   RO         3542    i.HAL_SPI_TransmitReceive  stm32f4xx_hal_spi.o
    0x0800514c   0x0800514c   0x00000002   Code   RO         4551    i.HAL_TIMEx_BreakCallback  stm32f4xx_hal_tim_ex.o
    0x0800514e   0x0800514e   0x00000002   Code   RO         4552    i.HAL_TIMEx_CommutCallback  stm32f4xx_hal_tim_ex.o
    0x08005150   0x08005150   0x00000148   Code   RO         4554    i.HAL_TIMEx_ConfigBreakDeadTime  stm32f4xx_hal_tim_ex.o
    0x08005298   0x08005298   0x00000150   Code   RO         4570    i.HAL_TIMEx_MasterConfigSynchronization  stm32f4xx_hal_tim_ex.o
    0x080053e8   0x080053e8   0x00000170   Code   RO         3846    i.HAL_TIM_Base_Init  stm32f4xx_hal_tim.o
    0x08005558   0x08005558   0x0000006c   Code   RO         1221    i.HAL_TIM_Base_MspInit  tim.o
    0x080055c4   0x080055c4   0x00000130   Code   RO         3851    i.HAL_TIM_Base_Start_IT  stm32f4xx_hal_tim.o
    0x080056f4   0x080056f4   0x00000410   Code   RO         3855    i.HAL_TIM_ConfigClockSource  stm32f4xx_hal_tim.o
    0x08005b04   0x08005b04   0x00000002   Code   RO         3880    i.HAL_TIM_IC_CaptureCallback  stm32f4xx_hal_tim.o
    0x08005b06   0x08005b06   0x00000166   Code   RO         3894    i.HAL_TIM_IRQHandler  stm32f4xx_hal_tim.o
    0x08005c6c   0x08005c6c   0x00000084   Code   RO         1222    i.HAL_TIM_MspPostInit  tim.o
    0x08005cf0   0x08005cf0   0x00000002   Code   RO         3897    i.HAL_TIM_OC_DelayElapsedCallback  stm32f4xx_hal_tim.o
    0x08005cf2   0x08005cf2   0x00000002   PAD
    0x08005cf4   0x08005cf4   0x00000268   Code   RO         3918    i.HAL_TIM_PWM_ConfigChannel  stm32f4xx_hal_tim.o
    0x08005f5c   0x08005f5c   0x00000170   Code   RO         3921    i.HAL_TIM_PWM_Init  stm32f4xx_hal_tim.o
    0x080060cc   0x080060cc   0x00000028   Code   RO         1224    i.HAL_TIM_PWM_MspInit  tim.o
    0x080060f4   0x080060f4   0x00000002   Code   RO         3924    i.HAL_TIM_PWM_PulseFinishedCallback  stm32f4xx_hal_tim.o
    0x080060f6   0x080060f6   0x00000002   PAD
    0x080060f8   0x080060f8   0x00000014   Code   RO          782    i.HAL_TIM_PeriodElapsedCallback  main.o
    0x0800610c   0x0800610c   0x00000002   Code   RO         3937    i.HAL_TIM_TriggerCallback  stm32f4xx_hal_tim.o
    0x0800610e   0x0800610e   0x00000056   Code   RO         4827    i.HAL_UARTEx_ReceiveToIdle_DMA  stm32f4xx_hal_uart.o
    0x08006164   0x08006164   0x00000048   Code   RO          411    i.HAL_UARTEx_RxEventCallback  bsp_gps.o
    0x080061ac   0x080061ac   0x00000002   Code   RO         4843    i.HAL_UART_ErrorCallback  stm32f4xx_hal_uart.o
    0x080061ae   0x080061ae   0x00000002   PAD
    0x080061b0   0x080061b0   0x00000268   Code   RO         4846    i.HAL_UART_IRQHandler  stm32f4xx_hal_uart.o
    0x08006418   0x08006418   0x0000014c   Code   RO         4847    i.HAL_UART_Init     stm32f4xx_hal_uart.o
    0x08006564   0x08006564   0x000001a8   Code   RO         1287    i.HAL_UART_MspInit  usart.o
    0x0800670c   0x0800670c   0x00000002   Code   RO         4853    i.HAL_UART_RxCpltCallback  stm32f4xx_hal_uart.o
    0x0800670e   0x0800670e   0x00000002   Code   RO         4854    i.HAL_UART_RxHalfCpltCallback  stm32f4xx_hal_uart.o
    0x08006710   0x08006710   0x000000b2   Code   RO         4855    i.HAL_UART_Transmit  stm32f4xx_hal_uart.o
    0x080067c2   0x080067c2   0x00000002   Code   RO         4858    i.HAL_UART_TxCpltCallback  stm32f4xx_hal_uart.o
    0x080067c4   0x080067c4   0x00000002   Code   RO         1350    i.HardFault_Handler  stm32f4xx_it.o
    0x080067c6   0x080067c6   0x00000002   PAD
    0x080067c8   0x080067c8   0x00000038   Code   RO          239    i.Health_RecordBad  app_imu2_redundancy.o
    0x08006800   0x08006800   0x00000034   Code   RO          240    i.Health_RecordGood  app_imu2_redundancy.o
    0x08006834   0x08006834   0x0000002e   Code   RO         3095    i.I2C_IsAcknowledgeFailed  stm32f4xx_hal_i2c.o
    0x08006862   0x08006862   0x00000002   PAD
    0x08006864   0x08006864   0x000000fc   Code   RO         3105    i.I2C_RequestMemoryRead  stm32f4xx_hal_i2c.o
    0x08006960   0x08006960   0x000000a8   Code   RO         3106    i.I2C_RequestMemoryWrite  stm32f4xx_hal_i2c.o
    0x08006a08   0x08006a08   0x0000004c   Code   RO         3110    i.I2C_WaitOnBTFFlagUntilTimeout  stm32f4xx_hal_i2c.o
    0x08006a54   0x08006a54   0x00000068   Code   RO         3111    i.I2C_WaitOnFlagUntilTimeout  stm32f4xx_hal_i2c.o
    0x08006abc   0x08006abc   0x00000096   Code   RO         3112    i.I2C_WaitOnMasterAddressFlagUntilTimeout  stm32f4xx_hal_i2c.o
    0x08006b52   0x08006b52   0x00000066   Code   RO         3113    i.I2C_WaitOnRXNEFlagUntilTimeout  stm32f4xx_hal_i2c.o
    0x08006bb8   0x08006bb8   0x0000004c   Code   RO         3114    i.I2C_WaitOnTXEFlagUntilTimeout  stm32f4xx_hal_i2c.o
    0x08006c04   0x08006c04   0x00000020   Code   RO          533    i.ICM_CopyTo        bsp_icm42688.o
    0x08006c24   0x08006c24   0x00000054   Code   RO          534    i.ICM_InitAll       bsp_icm42688.o
    0x08006c78   0x08006c78   0x00000086   Code   RO          535    i.ICM_InitOne       bsp_icm42688.o
    0x08006cfe   0x08006cfe   0x00000002   PAD
    0x08006d00   0x08006d00   0x00000014   Code   RO          536    i.ICM_OnDataReady_ISR  bsp_icm42688.o
    0x08006d14   0x08006d14   0x00000048   Code   RO          537    i.ICM_ReadReg       bsp_icm42688.o
    0x08006d5c   0x08006d5c   0x00000114   Code   RO          538    i.ICM_TriggerRead   bsp_icm42688.o
    0x08006e70   0x08006e70   0x00000048   Code   RO          539    i.ICM_WriteReg      bsp_icm42688.o
    0x08006eb8   0x08006eb8   0x0000001c   Code   RO         1078    i.IIC_ReadBurst     i2c.o
    0x08006ed4   0x08006ed4   0x00000024   Code   RO         1080    i.IIC_WriteReg      i2c.o
    0x08006ef8   0x08006ef8   0x00000004   Code   RO          241    i.ImuRedundancy_Init  app_imu2_redundancy.o
    0x08006efc   0x08006efc   0x000000ec   Code   RO          242    i.ImuRedundancy_Update  app_imu2_redundancy.o
    0x08006fe8   0x08006fe8   0x00000080   Code   RO         1012    i.MX_ADC1_Init      adc.o
    0x08007068   0x08007068   0x0000008c   Code   RO         1052    i.MX_DMA_Init       dma.o
    0x080070f4   0x080070f4   0x0000001c   Code   RO         1585    i.MX_FATFS_Init     fatfs.o
    0x08007110   0x08007110   0x00000124   Code   RO          901    i.MX_FREERTOS_Init  freertos.o
    0x08007234   0x08007234   0x00000148   Code   RO          877    i.MX_GPIO_Init      gpio.o
    0x0800737c   0x0800737c   0x00000040   Code   RO         1081    i.MX_I2C1_Init      i2c.o
    0x080073bc   0x080073bc   0x0000002c   Code   RO         1136    i.MX_IWDG_Init      iwdg.o
    0x080073e8   0x080073e8   0x00000048   Code   RO         1168    i.MX_SPI1_Init      spi.o
    0x08007430   0x08007430   0x00000048   Code   RO         1169    i.MX_SPI2_Init      spi.o
    0x08007478   0x08007478   0x00000048   Code   RO         1170    i.MX_SPI3_Init      spi.o
    0x080074c0   0x080074c0   0x000000f8   Code   RO         1225    i.MX_TIM1_Init      tim.o
    0x080075b8   0x080075b8   0x00000070   Code   RO         1226    i.MX_TIM3_Init      tim.o
    0x08007628   0x08007628   0x00000038   Code   RO         1288    i.MX_UART4_Init     usart.o
    0x08007660   0x08007660   0x00000040   Code   RO         1289    i.MX_USART2_UART_Init  usart.o
    0x080076a0   0x080076a0   0x00000038   Code   RO         1290    i.MX_USART3_UART_Init  usart.o
    0x080076d8   0x080076d8   0x00000002   Code   RO         1351    i.MemManage_Handler  stm32f4xx_it.o
    0x080076da   0x080076da   0x00000002   Code   RO         1352    i.NMI_Handler       stm32f4xx_it.o
    0x080076dc   0x080076dc   0x0000000c   Code   RO          492    i.QMC_CopyTo        bsp_qmc5883.o
    0x080076e8   0x080076e8   0x00000034   Code   RO          493    i.QMC_Init          bsp_qmc5883.o
    0x0800771c   0x0800771c   0x00000070   Code   RO          494    i.QMC_ReadData      bsp_qmc5883.o
    0x0800778c   0x0800778c   0x00000002   Code   RO          902    i.RC_FailsafeTimeout_Callback  freertos.o
    0x0800778e   0x0800778e   0x00000002   PAD
    0x08007790   0x08007790   0x00000058   Code   RO         3571    i.SPI_EndRxTxTransaction  stm32f4xx_hal_spi.o
    0x080077e8   0x080077e8   0x000000b8   Code   RO         3576    i.SPI_WaitFlagStateUntilTimeout  stm32f4xx_hal_spi.o
    0x080078a0   0x080078a0   0x00000008   Code   RO          903    i.StartTask_Blackbox  freertos.o
    0x080078a8   0x080078a8   0x0000000a   Code   RO          904    i.StartTask_FlightControl  freertos.o
    0x080078b2   0x080078b2   0x00000008   Code   RO          905    i.StartTask_IMU2_RDD  freertos.o
    0x080078ba   0x080078ba   0x00000008   Code   RO          906    i.StartTask_IWDG    freertos.o
    0x080078c2   0x080078c2   0x00000008   Code   RO          907    i.StartTask_Indicator  freertos.o
    0x080078ca   0x080078ca   0x00000004   Code   RO          908    i.StartTask_Nav     freertos.o
    0x080078ce   0x080078ce   0x00000008   Code   RO          909    i.StartTask_PowerMonitor  freertos.o
    0x080078d6   0x080078d6   0x00000008   Code   RO          910    i.StartTask_RC_LINK  freertos.o
    0x080078de   0x080078de   0x00000008   Code   RO          911    i.StartTask_Telemetry  freertos.o
    0x080078e6   0x080078e6   0x0000001a   Code   RO         6758    i.SysTick_Handler   cmsis_os2.o
    0x08007900   0x08007900   0x0000009c   Code   RO          783    i.SystemClock_Config  main.o
    0x0800799c   0x0800799c   0x00000010   Code   RO         5176    i.SystemInit        system_stm32f4xx.o
    0x080079ac   0x080079ac   0x0000000c   Code   RO         1353    i.TIM6_DAC_IRQHandler  stm32f4xx_it.o
    0x080079b8   0x080079b8   0x000000c8   Code   RO         3939    i.TIM_Base_SetConfig  stm32f4xx_hal_tim.o
    0x08007a80   0x08007a80   0x00000014   Code   RO         3950    i.TIM_ETR_SetConfig  stm32f4xx_hal_tim.o
    0x08007a94   0x08007a94   0x00000010   Code   RO         3951    i.TIM_ITRx_SetConfig  stm32f4xx_hal_tim.o
    0x08007aa4   0x08007aa4   0x000000e4   Code   RO         3952    i.TIM_OC1_SetConfig  stm32f4xx_hal_tim.o
    0x08007b88   0x08007b88   0x000000ec   Code   RO         3953    i.TIM_OC2_SetConfig  stm32f4xx_hal_tim.o
    0x08007c74   0x08007c74   0x000000ec   Code   RO         3954    i.TIM_OC3_SetConfig  stm32f4xx_hal_tim.o
    0x08007d60   0x08007d60   0x000000a4   Code   RO         3955    i.TIM_OC4_SetConfig  stm32f4xx_hal_tim.o
    0x08007e04   0x08007e04   0x00000022   Code   RO         3957    i.TIM_TI1_ConfigInputStage  stm32f4xx_hal_tim.o
    0x08007e26   0x08007e26   0x00000024   Code   RO         3959    i.TIM_TI2_ConfigInputStage  stm32f4xx_hal_tim.o
    0x08007e4a   0x08007e4a   0x00000018   Code   RO         6759    i.TimerCallback     cmsis_os2.o
    0x08007e62   0x08007e62   0x00000002   PAD
    0x08007e64   0x08007e64   0x0000000c   Code   RO         1354    i.UART4_IRQHandler  stm32f4xx_it.o
    0x08007e70   0x08007e70   0x00000010   Code   RO         4860    i.UART_DMAAbortOnError  stm32f4xx_hal_uart.o
    0x08007e80   0x08007e80   0x0000004a   Code   RO         4861    i.UART_DMAError     stm32f4xx_hal_uart.o
    0x08007eca   0x08007eca   0x00000082   Code   RO         4862    i.UART_DMAReceiveCplt  stm32f4xx_hal_uart.o
    0x08007f4c   0x08007f4c   0x0000001a   Code   RO         4864    i.UART_DMARxHalfCplt  stm32f4xx_hal_uart.o
    0x08007f66   0x08007f66   0x0000004e   Code   RO         4870    i.UART_EndRxTransfer  stm32f4xx_hal_uart.o
    0x08007fb4   0x08007fb4   0x0000001c   Code   RO         4871    i.UART_EndTxTransfer  stm32f4xx_hal_uart.o
    0x08007fd0   0x08007fd0   0x000000c0   Code   RO         4872    i.UART_Receive_IT   stm32f4xx_hal_uart.o
    0x08008090   0x08008090   0x000001a0   Code   RO         4873    i.UART_SetConfig    stm32f4xx_hal_uart.o
    0x08008230   0x08008230   0x00000090   Code   RO         4874    i.UART_Start_Receive_DMA  stm32f4xx_hal_uart.o
    0x080082c0   0x080082c0   0x00000078   Code   RO         4876    i.UART_WaitOnFlagUntilTimeout  stm32f4xx_hal_uart.o
    0x08008338   0x08008338   0x00000010   Code   RO         1521    i.USER_initialize   user_diskio.o
    0x08008348   0x08008348   0x00000004   Code   RO         1522    i.USER_ioctl        user_diskio.o
    0x0800834c   0x0800834c   0x00000004   Code   RO         1523    i.USER_read         user_diskio.o
    0x08008350   0x08008350   0x00000010   Code   RO         1524    i.USER_status       user_diskio.o
    0x08008360   0x08008360   0x00000004   Code   RO         1525    i.USER_write        user_diskio.o
    0x08008364   0x08008364   0x00000002   Code   RO         1355    i.UsageFault_Handler  stm32f4xx_it.o
    0x08008366   0x08008366   0x00000030   Code   RO         7574    i.__ARM_fpclassify  m_wm.l(fpclassify.o)
    0x08008396   0x08008396   0x00000020   Code   RO         2667    i.__NVIC_SetPriority  stm32f4xx_hal_cortex.o
    0x080083b6   0x080083b6   0x00000002   PAD
    0x080083b8   0x080083b8   0x000000f8   Code   RO         7666    i.__hardfp___mathlib_tofloat  m_wm.l(narrow.o)
    0x080084b0   0x080084b0   0x00000038   Code   RO         7461    i.__hardfp_atof     m_wm.l(atof.o)
    0x080084e8   0x080084e8   0x000000d0   Code   RO         7731    i.__hardfp_ldexp    m_wm.l(ldexp.o)
    0x080085b8   0x080085b8   0x00000020   Code   RO         7787    i.__mathlib_dbl_overflow  m_wm.l(dunder.o)
    0x080085d8   0x080085d8   0x00000020   Code   RO         7789    i.__mathlib_dbl_underflow  m_wm.l(dunder.o)
    0x080085f8   0x080085f8   0x00000012   Code   RO         7667    i.__mathlib_narrow  m_wm.l(narrow.o)
    0x0800860a   0x0800860a   0x00000014   Code   RO         7733    i.__support_ldexp   m_wm.l(ldexp.o)
    0x0800861e   0x0800861e   0x0000000e   Code   RO         7419    i._is_digit         c_w.l(__printf_wp.o)
    0x0800862c   0x0800862c   0x00000002   Code   RO          784    i.assert_failed     main.o
    0x0800862e   0x0800862e   0x00000002   PAD
    0x08008630   0x08008630   0x0000008c   Code   RO         7701    i.frexp             m_wm.l(frexp.o)
    0x080086bc   0x080086bc   0x0000004e   Code   RO          785    i.main              main.o
    0x0800870a   0x0800870a   0x00000002   PAD
    0x0800870c   0x0800870c   0x000000b0   Code   RO          412    i.nmea_to_fixed     bsp_gps.o
    0x080087bc   0x080087bc   0x0000001a   Code   RO         6760    i.osDelay           cmsis_os2.o
    0x080087d6   0x080087d6   0x0000002c   Code   RO         6765    i.osEventFlagsNew   cmsis_os2.o
    0x08008802   0x08008802   0x00000002   PAD
    0x08008804   0x08008804   0x00000054   Code   RO         6766    i.osEventFlagsSet   cmsis_os2.o
    0x08008858   0x08008858   0x00000062   Code   RO         6767    i.osEventFlagsWait  cmsis_os2.o
    0x080088ba   0x080088ba   0x00000002   PAD
    0x080088bc   0x080088bc   0x00000024   Code   RO         6774    i.osKernelInitialize  cmsis_os2.o
    0x080088e0   0x080088e0   0x00000038   Code   RO         6777    i.osKernelStart     cmsis_os2.o
    0x08008918   0x08008918   0x00000064   Code   RO         6789    i.osMessageQueueGet  cmsis_os2.o
    0x0800897c   0x0800897c   0x0000002c   Code   RO         6793    i.osMessageQueueGetSpace  cmsis_os2.o
    0x080089a8   0x080089a8   0x00000058   Code   RO         6794    i.osMessageQueueNew  cmsis_os2.o
    0x08008a00   0x08008a00   0x00000068   Code   RO         6795    i.osMessageQueuePut  cmsis_os2.o
    0x08008a68   0x08008a68   0x0000008a   Code   RO         6819    i.osThreadNew       cmsis_os2.o
    0x08008af2   0x08008af2   0x00000002   PAD
    0x08008af4   0x08008af4   0x00000078   Code   RO         6828    i.osTimerNew        cmsis_os2.o
    0x08008b6c   0x08008b6c   0x00000058   Code   RO          413    i.parse_gga         bsp_gps.o
    0x08008bc4   0x08008bc4   0x00000050   Code   RO          414    i.parse_rmc         bsp_gps.o
    0x08008c14   0x08008c14   0x0000005c   Code   RO         6222    i.prvAddCurrentTaskToDelayedList  tasks.o
    0x08008c70   0x08008c70   0x000000d0   Code   RO         6223    i.prvAddNewTaskToReadyList  tasks.o
    0x08008d40   0x08008d40   0x00000058   Code   RO         6587    i.prvCheckForValidListAndQueue  timers.o
    0x08008d98   0x08008d98   0x00000026   Code   RO         5828    i.prvCopyDataFromQueue  queue.o
    0x08008dbe   0x08008dbe   0x0000006c   Code   RO         5829    i.prvCopyDataToQueue  queue.o
    0x08008e2a   0x08008e2a   0x00000034   Code   RO         6224    i.prvDeleteTCB      tasks.o
    0x08008e5e   0x08008e5e   0x00000002   PAD
    0x08008e60   0x08008e60   0x0000004c   Code   RO         7265    i.prvHeapInit       heap_4.o
    0x08008eac   0x08008eac   0x00000060   Code   RO         6225    i.prvIdleTask       tasks.o
    0x08008f0c   0x08008f0c   0x00000022   Code   RO         5831    i.prvInitialiseNewQueue  queue.o
    0x08008f2e   0x08008f2e   0x00000002   PAD
    0x08008f30   0x08008f30   0x000000b0   Code   RO         6226    i.prvInitialiseNewTask  tasks.o
    0x08008fe0   0x08008fe0   0x0000004e   Code   RO         6588    i.prvInitialiseNewTimer  timers.o
    0x0800902e   0x0800902e   0x00000002   PAD
    0x08009030   0x08009030   0x0000004c   Code   RO         7266    i.prvInsertBlockIntoFreeList  heap_4.o
    0x0800907c   0x0800907c   0x00000038   Code   RO         6589    i.prvInsertTimerInActiveList  timers.o
    0x080090b4   0x080090b4   0x0000001c   Code   RO         5832    i.prvIsQueueEmpty   queue.o
    0x080090d0   0x080090d0   0x000000fc   Code   RO         6590    i.prvProcessReceivedCommands  timers.o
    0x080091cc   0x080091cc   0x000000c0   Code   RO         6591    i.prvProcessTimerOrBlockTask  timers.o
    0x0800928c   0x0800928c   0x00000020   Code   RO         6228    i.prvResetNextTaskUnblockTime  tasks.o
    0x080092ac   0x080092ac   0x00000028   Code   RO         6592    i.prvSampleTimeNow  timers.o
    0x080092d4   0x080092d4   0x0000006c   Code   RO         6593    i.prvSwitchTimerLists  timers.o
    0x08009340   0x08009340   0x00000028   Code   RO         7321    i.prvTaskExitError  port.o
    0x08009368   0x08009368   0x00000014   Code   RO         5666    i.prvTestWaitCondition  event_groups.o
    0x0800937c   0x0800937c   0x00000024   Code   RO         6594    i.prvTimerTask      timers.o
    0x080093a0   0x080093a0   0x0000006a   Code   RO         5833    i.prvUnlockQueue    queue.o
    0x0800940a   0x0800940a   0x00000002   PAD
    0x0800940c   0x0800940c   0x000000dc   Code   RO         7267    i.pvPortMalloc      heap_4.o
    0x080094e8   0x080094e8   0x00000024   Code   RO         6595    i.pvTimerGetTimerID  timers.o
    0x0800950c   0x0800950c   0x0000002c   Code   RO         7322    i.pxPortInitialiseStack  port.o
    0x08009538   0x08009538   0x00000026   Code   RO         5788    i.uxListRemove      list.o
    0x0800955e   0x0800955e   0x00000028   Code   RO         5838    i.uxQueueSpacesAvailable  queue.o
    0x08009586   0x08009586   0x00000002   PAD
    0x08009588   0x08009588   0x00000018   Code   RO         6240    i.uxTaskResetEventItemValue  tasks.o
    0x080095a0   0x080095a0   0x00000014   Code   RO         6831    i.vApplicationGetIdleTaskMemory  cmsis_os2.o
    0x080095b4   0x080095b4   0x00000018   Code   RO         6832    i.vApplicationGetTimerTaskMemory  cmsis_os2.o
    0x080095cc   0x080095cc   0x00000002   Code   RO          912    i.vApplicationStackOverflowHook  freertos.o
    0x080095ce   0x080095ce   0x00000004   Code   RO         5670    i.vEventGroupSetBitsCallback  event_groups.o
    0x080095d2   0x080095d2   0x00000016   Code   RO         5789    i.vListInitialise   list.o
    0x080095e8   0x080095e8   0x00000006   Code   RO         5790    i.vListInitialiseItem  list.o
    0x080095ee   0x080095ee   0x00000030   Code   RO         5791    i.vListInsert       list.o
    0x0800961e   0x0800961e   0x00000018   Code   RO         5792    i.vListInsertEnd    list.o
    0x08009636   0x08009636   0x00000002   PAD
    0x08009638   0x08009638   0x00000040   Code   RO         7324    i.vPortEnterCritical  port.o
    0x08009678   0x08009678   0x00000028   Code   RO         7325    i.vPortExitCritical  port.o
    0x080096a0   0x080096a0   0x00000064   Code   RO         7268    i.vPortFree         heap_4.o
    0x08009704   0x08009704   0x00000024   Code   RO         7326    i.vPortSetupTimerInterrupt  port.o
    0x08009728   0x08009728   0x00000054   Code   RO         7327    i.vPortValidateInterruptPriority  port.o
    0x0800977c   0x0800977c   0x00000028   Code   RO         5839    i.vQueueAddToRegistry  queue.o
    0x080097a4   0x080097a4   0x00000044   Code   RO         5843    i.vQueueWaitForMessageRestricted  queue.o
    0x080097e8   0x080097e8   0x0000004c   Code   RO         6241    i.vTaskDelay        tasks.o
    0x08009834   0x08009834   0x00000010   Code   RO         6246    i.vTaskInternalSetTimeOutState  tasks.o
    0x08009844   0x08009844   0x0000000c   Code   RO         6247    i.vTaskMissedYield  tasks.o
    0x08009850   0x08009850   0x00000030   Code   RO         6249    i.vTaskPlaceOnEventList  tasks.o
    0x08009880   0x08009880   0x00000038   Code   RO         6250    i.vTaskPlaceOnEventListRestricted  tasks.o
    0x080098b8   0x080098b8   0x00000050   Code   RO         6251    i.vTaskPlaceOnUnorderedEventList  tasks.o
    0x08009908   0x08009908   0x00000070   Code   RO         6254    i.vTaskRemoveFromUnorderedEventList  tasks.o
    0x08009978   0x08009978   0x00000088   Code   RO         6258    i.vTaskStartScheduler  tasks.o
    0x08009a00   0x08009a00   0x00000010   Code   RO         6260    i.vTaskSuspendAll   tasks.o
    0x08009a10   0x08009a10   0x0000008c   Code   RO         6261    i.vTaskSwitchContext  tasks.o
    0x08009a9c   0x08009a9c   0x0000001c   Code   RO         5674    i.xEventGroupCreate  event_groups.o
    0x08009ab8   0x08009ab8   0x0000002c   Code   RO         5675    i.xEventGroupCreateStatic  event_groups.o
    0x08009ae4   0x08009ae4   0x0000008c   Code   RO         5677    i.xEventGroupSetBits  event_groups.o
    0x08009b70   0x08009b70   0x00000010   Code   RO         5678    i.xEventGroupSetBitsFromISR  event_groups.o
    0x08009b80   0x08009b80   0x00000108   Code   RO         5680    i.xEventGroupWaitBits  event_groups.o
    0x08009c88   0x08009c88   0x000000f4   Code   RO         7328    i.xPortStartScheduler  port.o
    0x08009d7c   0x08009d7c   0x0000002c   Code   RO         7329    i.xPortSysTickHandler  port.o
    0x08009da8   0x08009da8   0x00000042   Code   RO         5848    i.xQueueGenericCreate  queue.o
    0x08009dea   0x08009dea   0x00000066   Code   RO         5849    i.xQueueGenericCreateStatic  queue.o
    0x08009e50   0x08009e50   0x00000088   Code   RO         5850    i.xQueueGenericReset  queue.o
    0x08009ed8   0x08009ed8   0x00000160   Code   RO         5851    i.xQueueGenericSend  queue.o
    0x0800a038   0x0800a038   0x000000be   Code   RO         5852    i.xQueueGenericSendFromISR  queue.o
    0x0800a0f6   0x0800a0f6   0x00000002   PAD
    0x0800a0f8   0x0800a0f8   0x00000138   Code   RO         5861    i.xQueueReceive     queue.o
    0x0800a230   0x0800a230   0x0000009a   Code   RO         5862    i.xQueueReceiveFromISR  queue.o
    0x0800a2ca   0x0800a2ca   0x00000002   PAD
    0x0800a2cc   0x0800a2cc   0x00000074   Code   RO         6263    i.xTaskCheckForTimeOut  tasks.o
    0x0800a340   0x0800a340   0x0000005a   Code   RO         6264    i.xTaskCreate       tasks.o
    0x0800a39a   0x0800a39a   0x00000056   Code   RO         6265    i.xTaskCreateStatic  tasks.o
    0x0800a3f0   0x0800a3f0   0x0000001c   Code   RO         6269    i.xTaskGetSchedulerState  tasks.o
    0x0800a40c   0x0800a40c   0x0000000c   Code   RO         6270    i.xTaskGetTickCount  tasks.o
    0x0800a418   0x0800a418   0x000000c8   Code   RO         6272    i.xTaskIncrementTick  tasks.o
    0x0800a4e0   0x0800a4e0   0x00000080   Code   RO         6275    i.xTaskPriorityDisinherit  tasks.o
    0x0800a560   0x0800a560   0x00000070   Code   RO         6277    i.xTaskRemoveFromEventList  tasks.o
    0x0800a5d0   0x0800a5d0   0x000000c4   Code   RO         6278    i.xTaskResumeAll    tasks.o
    0x0800a694   0x0800a694   0x00000034   Code   RO         6601    i.xTimerCreate      timers.o
    0x0800a6c8   0x0800a6c8   0x0000002e   Code   RO         6602    i.xTimerCreateStatic  timers.o
    0x0800a6f6   0x0800a6f6   0x00000002   PAD
    0x0800a6f8   0x0800a6f8   0x00000060   Code   RO         6603    i.xTimerCreateTimerTask  timers.o
    0x0800a758   0x0800a758   0x00000068   Code   RO         6604    i.xTimerGenericCommand  timers.o
    0x0800a7c0   0x0800a7c0   0x00000028   Code   RO         6610    i.xTimerPendFunctionCallFromISR  timers.o
    0x0800a7e8   0x0800a7e8   0x0000002c   Code   RO         7568    locale$$code        c_w.l(lc_numeric_c.o)
    0x0800a814   0x0800a814   0x0000002c   Code   RO         7583    locale$$code        c_w.l(lc_ctype_c.o)
    0x0800a840   0x0800a840   0x00000062   Code   RO         7455    x$fpl$d2f           fz_wm.l(d2f.o)
    0x0800a8a2   0x0800a8a2   0x00000002   PAD
    0x0800a8a4   0x0800a8a4   0x00000010   Code   RO         7804    x$fpl$dcheck1       fz_wm.l(dcheck1.o)
    0x0800a8b4   0x0800a8b4   0x00000018   Code   RO         7725    x$fpl$dcmpinf       fz_wm.l(dcmpi.o)
    0x0800a8cc   0x0800a8cc   0x00000078   Code   RO         7695    x$fpl$deqf          fz_wm.l(deqf.o)
    0x0800a944   0x0800a944   0x00000078   Code   RO         7727    x$fpl$dleqf         fz_wm.l(dleqf.o)
    0x0800a9bc   0x0800a9bc   0x00000154   Code   RO         7729    x$fpl$dmul          fz_wm.l(dmul.o)
    0x0800ab10   0x0800ab10   0x0000009c   Code   RO         7494    x$fpl$dnaninf       fz_wm.l(dnaninf.o)
    0x0800abac   0x0800abac   0x0000000c   Code   RO         7496    x$fpl$dretinf       fz_wm.l(dretinf.o)
    0x0800abb8   0x0800abb8   0x0000006c   Code   RO         7697    x$fpl$drleqf        fz_wm.l(drleqf.o)
    0x0800ac24   0x0800ac24   0x00000056   Code   RO         7457    x$fpl$f2d           fz_wm.l(f2d.o)
    0x0800ac7a   0x0800ac7a   0x0000008c   Code   RO         7498    x$fpl$fnaninf       fz_wm.l(fnaninf.o)
    0x0800ad06   0x0800ad06   0x0000000a   Code   RO         7658    x$fpl$fpinit        fz_wm.l(fpinit.o)
    0x0800ad10   0x0800ad10   0x0000000a   Code   RO         7500    x$fpl$fretinf       fz_wm.l(fretinf.o)
    0x0800ad1a   0x0800ad1a   0x00000006   Code   RO         7570    x$fpl$ieeestatus    fz_wm.l(istatus.o)
    0x0800ad20   0x0800ad20   0x00000004   Code   RO         7459    x$fpl$printf1       fz_wm.l(printf1.o)
    0x0800ad24   0x0800ad24   0x00000064   Code   RO         7810    x$fpl$retnan        fz_wm.l(retnan.o)
    0x0800ad88   0x0800ad88   0x0000005c   Code   RO         7781    x$fpl$scalbn        fz_wm.l(scalbn.o)
    0x0800ade4   0x0800ade4   0x00000004   Code   RO         7572    x$fpl$scanf1        fz_wm.l(scanf1.o)
    0x0800ade8   0x0800ade8   0x00000008   Code   RO         7660    x$fpl$scanf2        fz_wm.l(scanf2.o)
    0x0800adf0   0x0800adf0   0x00000030   Code   RO         7812    x$fpl$trapveneer    fz_wm.l(trapv.o)
    0x0800ae20   0x0800ae20   0x00000000   Code   RO         7502    x$fpl$usenofp       fz_wm.l(usenofp.o)
    0x0800ae20   0x0800ae20   0x00000025   Data   RO          541    .constdata          bsp_icm42688.o
    0x0800ae45   0x0800ae45   0x00000003   PAD
    0x0800ae48   0x0800ae48   0x000001f4   Data   RO          915    .constdata          freertos.o
    0x0800b03c   0x0800b03c   0x00000008   Data   RO         2384    .constdata          stm32f4xx_hal_dma.o
    0x0800b044   0x0800b044   0x00000010   Data   RO         5177    .constdata          system_stm32f4xx.o
    0x0800b054   0x0800b054   0x00000008   Data   RO         5178    .constdata          system_stm32f4xx.o
    0x0800b05c   0x0800b05c   0x00000094   Data   RO         7543    .constdata          c_w.l(bigflt0.o)
    0x0800b0f0   0x0800b0f0   0x00000123   Data   RO          916    .conststring        freertos.o
    0x0800b213   0x0800b213   0x00000001   PAD
    0x0800b214   0x0800b214   0x00000040   Data   RO         7814    Region$$Table       anon$$obj.o
    0x0800b254   0x0800b254   0x00000008   Data   RO         7654    c$$dinf             fz_wm.l(fpconst.o)
    0x0800b25c   0x0800b25c   0x00000008   Data   RO         7657    c$$dmax             fz_wm.l(fpconst.o)
    0x0800b264   0x0800b264   0x0000001c   Data   RO         7567    locale$$data        c_w.l(lc_numeric_c.o)
    0x0800b280   0x0800b280   0x00000110   Data   RO         7582    locale$$data        c_w.l(lc_ctype_c.o)


    Execution Region RW_IRAM2 (Exec base: 0x10000000, Load base: 0x0800b3cc, Size: 0x00000438, Max: 0x00010000, ABSOLUTE)

    Exec Addr    Load Addr    Size         Type   Attr      Idx    E Section Name        Object

    0x10000000   0x0800b3cc   0x00000001   Data   RW          308    .data               app_nav.o
    0x10000001   0x0800b3cd   0x00000003   PAD
    0x10000004   0x0800b3d0   0x00000004   Data   RW          542    .data               bsp_icm42688.o
    0x10000008   0x0800b3d4   0x00000044   Data   RW          917    .data               freertos.o
    0x1000004c   0x0800b418   0x0000000c   Data   RW         2811    .data               stm32f4xx_hal.o
    0x10000058   0x0800b424   0x00000004   Data   RW         5179    .data               system_stm32f4xx.o
    0x1000005c   0x0800b428   0x0000003c   Data   RW         6281    .data               tasks.o
    0x10000098   0x0800b464   0x00000014   Data   RW         6612    .data               timers.o
    0x100000ac   0x0800b478   0x00000020   Data   RW         7274    .data               heap_4.o
    0x100000cc   0x0800b498   0x0000000c   Data   RW         7330    .data               port.o
    0x100000d8        -       0x00000048   Zero   RW         1013    .bss                adc.o
    0x10000120        -       0x00000054   Zero   RW         1082    .bss                i2c.o
    0x10000174        -       0x0000000c   Zero   RW         1137    .bss                iwdg.o
    0x10000180        -       0x000001c8   Zero   RW         1171    .bss                spi.o
    0x10000348        -       0x000000f0   Zero   RW         1227    .bss                tim.o


    Execution Region RW_IRAM1 (Exec base: 0x20000000, Load base: 0x0800b390, Size: 0x00010440, Max: 0x00020000, ABSOLUTE)

    Exec Addr    Load Addr    Size         Type   Attr      Idx    E Section Name        Object

    0x20000000   0x0800b390   0x00000010   Data   RW          243    .data               app_imu2_redundancy.o
    0x20000010   0x0800b3a0   0x00000004   Data   RW          416    .data               bsp_gps.o
    0x20000014   0x0800b3a4   0x00000004   Data   RW          600    .data               bsp_debug_uart.o
    0x20000018   0x0800b3a8   0x00000001   Data   RW         1526    .data               user_diskio.o
    0x20000019   0x0800b3a9   0x00000003   PAD
    0x2000001c   0x0800b3ac   0x00000014   Data   RW         1527    .data               user_diskio.o
    0x20000030   0x0800b3c0   0x00000005   Data   RW         1588    .data               fatfs.o
    0x20000035   0x0800b3c5   0x00000003   PAD
    0x20000038   0x0800b3c8   0x00000004   Data   RW         6835    .data               cmsis_os2.o
    0x2000003c        -       0x00000228   Zero   RW          415    .bss                bsp_gps.o
    0x20000264        -       0x00000014   Zero   RW          495    .bss                bsp_qmc5883.o
    0x20000278        -       0x00000038   Zero   RW          540    .bss                bsp_icm42688.o
    0x200002b0        -       0x000001c8   Zero   RW          913    .bss                freertos.o
    0x20000478        -       0x00000050   Zero   RW          914    .bss                freertos.o
    0x200004c8        -       0x000001ec   Zero   RW         1291    .bss                usart.o
    0x200006b4        -       0x00000048   Zero   RW         1485    .bss                stm32f4xx_hal_timebase_tim.o
    0x200006fc        -       0x0000000c   Zero   RW         5566    .bss                ff_gen_drv.o
    0x20000708        -       0x00000040   Zero   RW         5865    .bss                queue.o
    0x20000748        -       0x000004c4   Zero   RW         6280    .bss                tasks.o
    0x20000c0c        -       0x00000118   Zero   RW         6611    .bss                timers.o
    0x20000d24        -       0x000006b8   Zero   RW         6834    .bss                cmsis_os2.o
    0x200013dc        -       0x0000c000   Zero   RW         7273    .bss                heap_4.o
    0x2000d3dc        -       0x00000060   Zero   RW         7504    .bss                c_w.l(libspace.o)
    0x2000d43c   0x0800b3cc   0x00000004   PAD
    0x2000d440        -       0x00001000   Zero   RW          772    HEAP                startup_stm32f405xx.o
    0x2000e440        -       0x00002000   Zero   RW          771    STACK               startup_stm32f405xx.o


==============================================================================

Image component sizes


      Code (inc. data)   RO Data    RW Data    ZI Data      Debug   Object Name

       224         28          0          0         72       1701   adc.o
         0          0          0          0          0       1444   alg_attitude.o
         0          0          0          0          0     671112   alg_pid.o
        20          0          0          0          0       5132   app_flightctrl.o
       688         94          0         16          0       6723   app_imu2_redundancy.o
       292         22          0          1          0      25733   app_nav.o
       296         74          0          4          0     543508   bsp_debug_uart.o
        22          0          0          0          0        541   bsp_gpio_dispatch.o
       720         84          0          4        552       6722   bsp_gps.o
       690         50         37          4         56       6259   bsp_icm42688.o
       176         12          0          0         20       2363   bsp_qmc5883.o
      1032         40          0          4       1720      60160   cmsis_os2.o
       140          4          0          0          0        838   dma.o
       516          8          0          0          0      29910   event_groups.o
        28         10          0          5          0       1046   fatfs.o
        70          6          0          0         12       1615   ff_gen_drv.o
       366         54        791         68        536       9082   freertos.o
       328         20          0          0          0       1075   gpio.o
       472         24          0         32      49152       4831   heap_4.o
       232         36          0          0         84       2936   i2c.o
        44          8          0          0         12        711   iwdg.o
       138          0          0          0          0       3510   list.o
       260         14          0          0          0       7528   main.o
       786         82          0         12          0      11433   port.o
      1774         20          0          0         64      20682   queue.o
       548         62          0          0        456       3213   spi.o
        64         26        392          0      12288        804   startup_stm32f405xx.o
       116         18          0         12          0       8674   stm32f4xx_hal.o
      1388        214          0          0          0       3039   stm32f4xx_hal_adc.o
       420        196          0          0          0      33274   stm32f4xx_hal_cortex.o
      1698        138          8          0          0       7466   stm32f4xx_hal_dma.o
       888        178          0          0          0       2947   stm32f4xx_hal_gpio.o
      2578        234          0          0          0      12974   stm32f4xx_hal_i2c.o
       224         66          0          0          0       1320   stm32f4xx_hal_iwdg.o
        56          4          0          0          0        854   stm32f4xx_hal_msp.o
      1984        196          0          0          0       5997   stm32f4xx_hal_rcc.o
      1412        138          0          0          0       4965   stm32f4xx_hal_spi.o
      4232        836          0          0          0      15662   stm32f4xx_hal_tim.o
       668        162          0          0          0       3401   stm32f4xx_hal_tim_ex.o
       116         16          0          0         72       1403   stm32f4xx_hal_timebase_tim.o
      2444        178          0          0          0      14813   stm32f4xx_hal_uart.o
       122         48          0          0          0       7448   stm32f4xx_it.o
         0          0          0          0          0       9032   stream_buffer.o
        16          4         24          4          0       1111   system_stm32f4xx.o
      2340        184          0         60       1220      29385   tasks.o
       640         70          0          0        240       3808   tim.o
      1224         86          0         20        280      34203   timers.o
       600         64          0          0        492       3382   usart.o
        44         12          0         21          0       3600   user_diskio.o

    ----------------------------------------------------------------------
     33192       3820       1320        276      67328    1639370   Object Totals
         0          0         64          0          0          0   (incl. Generated)
        56          0          4          9          0          0   (incl. Padding)

    ----------------------------------------------------------------------

      Code (inc. data)   RO Data    RW Data    ZI Data      Debug   Library Member Name

        56          6          0          0          0         88   __2snprintf.o
         8          0          0          0          0         68   __main.o
       284          0          0          0          0        156   __printf_wp.o
         0          0          0          0          0          0   __rtentry.o
        12          0          0          0          0          0   __rtentry2.o
         6          0          0          0          0          0   __rtentry4.o
        52          8          0          0          0          0   __scatter.o
        26          0          0          0          0          0   __scatter_copy.o
        28          0          0          0          0          0   __scatter_zi.o
        28          0          0          0          0         68   _chval.o
        48          6          0          0          0         96   _printf_char_common.o
         6          0          0          0          0          0   _printf_f.o
      1054          0          0          0          0        216   _printf_fp_dec.o
       128         16          0          0          0         84   _printf_fp_infnan.o
         0          0          0          0          0          0   _printf_percent.o
         4          0          0          0          0          0   _printf_percent_end.o
        22          0          0          0          0        100   _rserrno.o
        64          0          0          0          0         84   _sgetc.o
        16          0          0          0          0         68   _snputc.o
        10          0          0          0          0         68   _sputc.o
       158          0          0          0          0         92   _strtoul.o
        16          0          0          0          0         68   aeabi_memset.o
        26          0          0          0          0         80   atoi.o
       228          4        148          0          0         96   bigflt0.o
      2152        136          0          0          0        960   btod.o
        18          0          0          0          0         80   exit.o
         6          0          0          0          0        152   heapauxi.o
         0          0          0          0          0          0   indicate_semi.o
        18          0          0          0          0         76   isspace.o
        44         10        272          0          0         76   lc_ctype_c.o
        44         10         28          0          0         76   lc_numeric_c.o
         2          0          0          0          0          0   libinit.o
        34          0          0          0          0          0   libinit2.o
         2          0          0          0          0          0   libshutdown.o
         2          0          0          0          0          0   libshutdown2.o
         8          4          0          0         96         68   libspace.o
        72          0          0          0          0         76   llsdiv.o
        38          0          0          0          0         68   llshl.o
       138          0          0          0          0         80   lludiv10.o
       238          0          0          0          0        100   lludivv7m.o
        20          0          0          0          0         68   memchr.o
        16          4          0          0          0         76   rt_ctype_table.o
         8          4          0          0          0         68   rt_errno_addr_intlibspace.o
         8          4          0          0          0         68   rt_locale_intlibspace.o
        68          0          0          0          0         68   rt_memclr.o
        78          0          0          0          0         80   rt_memclr_w.o
       138          0          0          0          0         68   rt_memcpy_v6.o
       100          0          0          0          0         80   rt_memcpy_w.o
         2          0          0          0          0          0   rtexit.o
        10          0          0          0          0          0   rtexit2.o
      1272         16          0          0          0        168   scanf_fp.o
       800         14          0          0          0        100   scanf_hexfp.o
       308         16          0          0          0        100   scanf_infnan.o
        20          0          0          0          0         68   strchr.o
       128          0          0          0          0         68   strcmpv7m.o
       150          0          0          0          0         80   strncmp.o
        86          0          0          0          0         76   strncpy.o
       164         14          0          0          0        120   strtod.o
       112          0          0          0          0         88   strtol.o
        12          4          0          0          0         68   sys_exit.o
        74          0          0          0          0         80   sys_stackheap_outer.o
         2          0          0          0          0         68   use_no_semi.o
        98          4          0          0          0        140   d2f.o
        16          4          0          0          0        116   dcheck1.o
        24          0          0          0          0        116   dcmpi.o
       120          4          0          0          0        140   deqf.o
       120          4          0          0          0        140   dleqf.o
       340         12          0          0          0        152   dmul.o
       156          4          0          0          0        140   dnaninf.o
        12          0          0          0          0        116   dretinf.o
       108          0          0          0          0        128   drleqf.o
        86          4          0          0          0        132   f2d.o
       140          4          0          0          0        132   fnaninf.o
         0          0         16          0          0          0   fpconst.o
        10          0          0          0          0        116   fpinit.o
        10          0          0          0          0        116   fretinf.o
         6          0          0          0          0        116   istatus.o
         4          0          0          0          0        116   printf1.o
       100          0          0          0          0        116   retnan.o
        92          0          0          0          0        116   scalbn.o
         4          0          0          0          0        116   scanf1.o
         8          0          0          0          0        132   scanf2.o
        48          0          0          0          0        116   trapv.o
         0          0          0          0          0          0   usenofp.o
        56         12          0          0          0        132   atof.o
        64         16          0          0          0        248   dunder.o
        48          0          0          0          0        124   fpclassify.o
       140         22          0          0          0        132   frexp.o
       228          8          0          0          0        308   ldexp.o
       266         16          0          0          0        308   narrow.o

    ----------------------------------------------------------------------
     10992        390        464          0        100       8668   Library Totals
        16          0          0          0          4          0   (incl. Padding)

    ----------------------------------------------------------------------

      Code (inc. data)   RO Data    RW Data    ZI Data      Debug   Library Name

      8672        276        448          0         96       4904   c_w.l
      1502         40         16          0          0       2512   fz_wm.l
       802         74          0          0          0       1252   m_wm.l

    ----------------------------------------------------------------------
     10992        390        464          0        100       8668   Library Totals

    ----------------------------------------------------------------------

==============================================================================


      Code (inc. data)   RO Data    RW Data    ZI Data      Debug   

     44184       4210       1784        276      67428    1615630   Grand Totals
     44184       4210       1784        276      67428    1615630   ELF Image Totals
     44184       4210       1784        276          0          0   ROM Totals

==============================================================================

    Total RO  Size (Code + RO Data)                45968 (  44.89kB)
    Total RW  Size (RW Data + ZI Data)             67704 (  66.12kB)
    Total ROM Size (Code + RO Data + RW Data)      46244 (  45.16kB)

==============================================================================

