*** Using Compiler 'V5.06 update 7 (build 960)', folder: 'C:\Keil_v5\ARM\ARMCC\Bin'
Build target 'Target 1'
compiling blackbox.c...
.\Libraries\CMSIS\ST\stm32f4xx.h(11581): warning:  #47-D: incompatible redefinition of macro "DBGMCU_APB2_FZ_DBG_TIM1_STOP"  (declared at line 11574)
  #define  DBGMCU_APB2_FZ_DBG_TIM1_STOP        DBGMCU_APB1_FZ_DBG_TIM1_STOP    
.\Libraries\CMSIS\ST\stm32f4xx.h(11582): warning:  #47-D: incompatible redefinition of macro "DBGMCU_APB2_FZ_DBG_TIM8_STOP"  (declared at line 11575)
  #define  DBGMCU_APB2_FZ_DBG_TIM8_STOP        DBGMCU_APB1_FZ_DBG_TIM8_STOP
.\Libraries\CMSIS\ST\stm32f4xx.h(11583): warning:  #47-D: incompatible redefinition of macro "DBGMCU_APB2_FZ_DBG_TIM9_STOP"  (declared at line 11576)
  #define  DBGMCU_APB2_FZ_DBG_TIM9_STOP        DBGMCU_APB1_FZ_DBG_TIM9_STOP
.\Libraries\CMSIS\ST\stm32f4xx.h(11584): warning:  #47-D: incompatible redefinition of macro "DBGMCU_APB2_FZ_DBG_TIM10_STOP"  (declared at line 11577)
  #define  DBGMCU_APB2_FZ_DBG_TIM10_STOP       DBGMCU_APB1_FZ_DBG_TIM10_STOP
.\Libraries\CMSIS\ST\stm32f4xx.h(11585): warning:  #47-D: incompatible redefinition of macro "DBGMCU_APB2_FZ_DBG_TIM11_STOP"  (declared at line 11578)
  #define  DBGMCU_APB2_FZ_DBG_TIM11_STOP       DBGMCU_APB1_FZ_DBG_TIM11_STOP
Flight\blackbox.h(56): warning:  #1295-D: Deprecated declaration BB_Process - give arg types
  void BB_Process();
Flight\blackbox.h(59): warning:  #1-D: last line of file ends without a newline
  #endif
Flight\blackbox.c(207): warning:  #1-D: last line of file ends without a newline
  }
Flight\blackbox.c(13): warning:  #550-D: variable "overflow"  was set but never used
  static uint8_t overflow = 0;
Flight\blackbox.c: 9 warnings, 0 errors
linking...
Program Size: Code=29938 RO-data=978 RW-data=124 ZI-data=11756  
FromELF: creating hex file...
".\Objects\Alpha.axf" - 0 Error(s), 9 Warning(s).
Build Time Elapsed:  00:00:01
